Archive member included to satisfy reference by file (symbol)

e:/devkitPro/libctru/lib\libcitro3d.a(attribs.o)
                              main.o (AttrInfo_Init)
e:/devkitPro/libctru/lib\libcitro3d.a(base.o)
                              e:/devkitPro/libctru/lib\libcitro3d.a(attribs.o) (__C3D_Context)
e:/devkitPro/libctru/lib\libcitro3d.a(buffers.o)
                              main.o (BufInfo_Init)
e:/devkitPro/libctru/lib\libcitro3d.a(drawArrays.o)
                              main.o (C3D_DrawArrays)
e:/devkitPro/libctru/lib\libcitro3d.a(effect.o)
                              e:/devkitPro/libctru/lib\libcitro3d.a(base.o) (C3D_DepthMap)
e:/devkitPro/libctru/lib\libcitro3d.a(immediate.o)
                              main.o (C3D_ImmDrawBegin)
e:/devkitPro/libctru/lib\libcitro3d.a(renderbuffer.o)
                              e:/devkitPro/libctru/lib\libcitro3d.a(base.o) (C3Di_RenderBufBind)
e:/devkitPro/libctru/lib\libcitro3d.a(renderqueue.o)
                              main.o (C3D_FrameBegin)
e:/devkitPro/libctru/lib\libcitro3d.a(texenv.o)
                              e:/devkitPro/libctru/lib\libcitro3d.a(base.o) (TexEnv_Init)
e:/devkitPro/libctru/lib\libcitro3d.a(texture.o)
                              main.o (C3D_TexInit)
e:/devkitPro/libctru/lib\libcitro3d.a(uniforms.o)
                              e:/devkitPro/libctru/lib\libcitro3d.a(base.o) (C3D_UpdateUniforms)
e:/devkitPro/libctru/lib\libcitro3d.a(mtx_orthotilt.o)
                              main.o (Mtx_OrthoTilt)
e:/devkitPro/libctru/lib\libctru.a(linear.o)
                              main.o (linearAlloc)
e:/devkitPro/libctru/lib\libctru.a(mem_pool.o)
                              e:/devkitPro/libctru/lib\libctru.a(linear.o) (MemPool::Allocate(MemChunk&, unsigned long, int))
e:/devkitPro/libctru/lib\libctru.a(vram.o)
                              e:/devkitPro/libctru/lib\libcitro3d.a(texture.o) (vramAlloc)
e:/devkitPro/libctru/lib\libctru.a(font.o)
                              main.o (fontEnsureMapped)
e:/devkitPro/libctru/lib\libctru.a(gfx.o)
                              e:/devkitPro/libctru/lib\libcitro3d.a(renderqueue.o) (gfxIs3D)
e:/devkitPro/libctru/lib\libctru.a(os.o)
                              e:/devkitPro/libctru/lib\libcitro3d.a(base.o) (osConvertVirtToPhys)
e:/devkitPro/libctru/lib\libctru.a(sdmc_dev.o)
                              main.o (sdmcInit)
e:/devkitPro/libctru/lib\libctru.a(gpu.o)
                              e:/devkitPro/libctru/lib\libcitro3d.a(base.o) (GPUCMD_SetBuffer)
e:/devkitPro/libctru/lib\libctru.a(gx.o)
                              e:/devkitPro/libctru/lib\libctru.a(gfx.o) (gxCmdBuf)
e:/devkitPro/libctru/lib\libctru.a(shaderProgram.o)
                              main.o (shaderInstanceGetUniformLocation)
e:/devkitPro/libctru/lib\libctru.a(shbin.o)
                              main.o (DVLB_Free)
e:/devkitPro/libctru/lib\libctru.a(apt.o)
                              e:/devkitPro/libctru/lib\libcitro3d.a(base.o) (aptHook)
e:/devkitPro/libctru/lib\libctru.a(dsp.o)
                              main.o (DSP_FlushDataCache)
e:/devkitPro/libctru/lib\libctru.a(fs.o)
                              e:/devkitPro/libctru/lib\libctru.a(sdmc_dev.o) (fsExemptFromSession)
e:/devkitPro/libctru/lib\libctru.a(gspgpu.o)
                              e:/devkitPro/libctru/lib\libctru.a(gfx.o) (gspInit)
e:/devkitPro/libctru/lib\libctru.a(hid.o)
                              main.o (hidScanInput)
e:/devkitPro/libctru/lib\libctru.a(irrst.o)
                              e:/devkitPro/libctru/lib\libctru.a(hid.o) (irrstScanInput)
e:/devkitPro/libctru/lib\libctru.a(ptmsysm.o)
                              e:/devkitPro/libctru/lib\libctru.a(os.o) (ptmSysmInit)
e:/devkitPro/libctru/lib\libctru.a(uds.o)
                              main.o (udsExit)
e:/devkitPro/libctru/lib\libctru.a(swkbd.o)
                              main.o (swkbdInit)
e:/devkitPro/libctru/lib\libctru.a(rbtree_find.o)
                              e:/devkitPro/libctru/lib\libctru.a(linear.o) (rbtree_find)
e:/devkitPro/libctru/lib\libctru.a(rbtree_init.o)
                              e:/devkitPro/libctru/lib\libctru.a(linear.o) (rbtree_init)
e:/devkitPro/libctru/lib\libctru.a(rbtree_insert.o)
                              e:/devkitPro/libctru/lib\libctru.a(linear.o) (rbtree_insert)
e:/devkitPro/libctru/lib\libctru.a(rbtree_remove.o)
                              e:/devkitPro/libctru/lib\libctru.a(linear.o) (rbtree_remove)
e:/devkitPro/libctru/lib\libctru.a(rbtree_rotate.o)
                              e:/devkitPro/libctru/lib\libctru.a(rbtree_insert.o) (rbtree_rotate)
e:/devkitPro/libctru/lib\libctru.a(decode_utf8.o)
                              main.o (decode_utf8)
e:/devkitPro/libctru/lib\libctru.a(utf16_to_utf8.o)
                              e:/devkitPro/libctru/lib\libctru.a(sdmc_dev.o) (utf16_to_utf8)
e:/devkitPro/libctru/lib\libctru.a(utf8_to_utf16.o)
                              main.o (utf8_to_utf16)
[...]
Memory Configuration

Name             Origin             Length             Attributes
*default*        0x00000000         0xffffffff

Linker script and memory map

                0x00100000                . = 0x100000
                0x00100000                __start__ = .

.text           0x00100000    0x394fc
 *(.crt0)
 .crt0          0x00100000       0x94 e:/devkitpro/devkitarm/bin/../lib/gcc/arm-none-eabi/5.3.0/../../../../arm-none-eabi/lib/armv6k/fpu/3dsx_crt0.o
                0x00100000                _start
                0x00100008                __service_ptr
                0x0010000c                __apt_appid
                0x00100010                __heap_size
                0x00100014                __linear_heap_size
                0x00100018                __system_arglist
                0x0010001c                __system_runflags
 *(.init)
 .init          0x00100094        0xc e:/devkitpro/devkitarm/bin/../lib/gcc/arm-none-eabi/5.3.0/armv6k/fpu/crti.o
                0x00100094                _init
 .init          0x001000a0        0xc e:/devkitpro/devkitarm/bin/../lib/gcc/arm-none-eabi/5.3.0/armv6k/fpu/crtn.o
                0x001000ac                . = ALIGN (0x4)
 *(.text)
 .text          0x001000ac      0x108 e:/devkitpro/devkitarm/bin/../lib/gcc/arm-none-eabi/5.3.0/armv6k/fpu/crtbegin.o
 .text          0x001001b4       0x64 e:/devkitPro/libctru/lib\libctru.a(stack_adjust.o)
                0x001001b4                initSystem
                0x001001f8                __ctru_exit
 .text          0x00100218      0x20c e:/devkitpro/devkitarm/bin/../lib/gcc/arm-none-eabi/5.3.0/armv6k/fpu\libgcc.a(_udivsi3.o)
                0x00100218                __aeabi_uidiv
                0x00100218                __udivsi3
                0x00100404                __aeabi_uidivmod
 .text          0x00100424      0x240 e:/devkitpro/devkitarm/bin/../lib/gcc/arm-none-eabi/5.3.0/armv6k/fpu\libgcc.a(_divsi3.o)
                0x00100424                __divsi3
                0x00100424                __aeabi_idiv
                0x00100644                __aeabi_idivmod
 .text          0x00100664        0x4 e:/devkitpro/devkitarm/bin/../lib/gcc/arm-none-eabi/5.3.0/armv6k/fpu\libgcc.a(_dvmd_tls.o)
                0x00100664                __aeabi_idiv0
                0x00100664                __aeabi_ldiv0
 .text          0x00100668       0x3c e:/devkitpro/devkitarm/bin/../lib/gcc/arm-none-eabi/5.3.0/armv6k/fpu\libgcc.a(_aeabi_uldivmod.o)
                0x00100668                __aeabi_uldivmod
 .text          0x001006a4      0x128 e:/devkitpro/devkitarm/bin/../lib/gcc/arm-none-eabi/5.3.0/armv6k/fpu\libgcc.a(_udivmoddi4.o)
                0x001006a4                __udivmoddi4
 *fill*         0x001007cc       0x14 
 .text          0x001007e0      0x3a0 e:/devkitpro/devkitarm/bin/../lib/gcc/arm-none-eabi/5.3.0/../../../../arm-none-eabi/lib/armv6k/fpu\libg.a(lib_a-strcmp.o)
                0x001007e8                strcmp
 .text          0x00100b80      0x1c4 e:/devkitpro/devkitarm/bin/../lib/gcc/arm-none-eabi/5.3.0/../../../../arm-none-eabi/lib/armv6k/fpu\libsysbase.a(iosupport.o)
                0x00100b88                setDefaultDevice
                0x00100ba0                FindDevice
                0x00100c5c                RemoveDevice
                0x00100c88                AddDevice
                0x00100d20                GetDeviceOpTab
 .text          0x00100d44       0x7c e:/devkitpro/devkitarm/bin/../lib/gcc/arm-none-eabi/5.3.0/../../../../arm-none-eabi/lib/armv6k/fpu\libsysbase.a(close.o)
                0x00100d44                _close_r
 .text          0x00100dc0       0x6c e:/devkitpro/devkitarm/bin/../lib/gcc/arm-none-eabi/5.3.0/../../../../arm-none-eabi/lib/armv6k/fpu\libsysbase.a(fstat.o)
                0x00100dc0                _fstat_r
 .text          0x00100e2c       0x2c e:/devkitpro/devkitarm/bin/../lib/gcc/arm-none-eabi/5.3.0/../../../../arm-none-eabi/lib/armv6k/fpu\libsysbase.a(gettod.o)
                0x00100e2c                _gettimeofday_r
 .text          0x00100e58        0x8 e:/devkitpro/devkitarm/bin/../lib/gcc/arm-none-eabi/5.3.0/../../../../arm-none-eabi/lib/armv6k/fpu\libsysbase.a(isatty.o)
                0x00100e58                _isatty_r
 .text          0x00100e60       0x78 e:/devkitpro/devkitarm/bin/../lib/gcc/arm-none-eabi/5.3.0/../../../../arm-none-eabi/lib/armv6k/fpu\libsysbase.a(lseek.o)
                0x00100e60                _lseek_r
 .text          0x00100ed8       0xc8 e:/devkitpro/devkitarm/bin/../lib/gcc/arm-none-eabi/5.3.0/../../../../arm-none-eabi/lib/armv6k/fpu\libsysbase.a(open.o)
                0x00100ed8                _open_r
 .text          0x00100fa0       0x78 e:/devkitpro/devkitarm/bin/../lib/gcc/arm-none-eabi/5.3.0/../../../../arm-none-eabi/lib/armv6k/fpu\libsysbase.a(read.o)
                0x00100fa0                _read_r
 .text          0x00101018       0x70 e:/devkitpro/devkitarm/bin/../lib/gcc/arm-none-eabi/5.3.0/../../../../arm-none-eabi/lib/armv6k/fpu\libsysbase.a(sbrk.o)
                0x00101018                _sbrk_r
 .text          0x00101088       0x78 e:/devkitpro/devkitarm/bin/../lib/gcc/arm-none-eabi/5.3.0/../../../../arm-none-eabi/lib/armv6k/fpu\libsysbase.a(write.o)
                0x00101088                _write_r
 .text          0x00101100      0x3b0 e:/devkitpro/devkitarm/bin/../lib/gcc/arm-none-eabi/5.3.0/../../../../arm-none-eabi/lib/armv6k/fpu\libsysbase.a(chdir.o)
                0x00101100                _concatenate_path
                0x001012bc                chdir
                0x00101410                getcwd
 .text          0x001014b0       0x10 e:/devkitpro/devkitarm/bin/../lib/gcc/arm-none-eabi/5.3.0/../../../../arm-none-eabi/lib/armv6k/fpu\libsysbase.a(flock.o)
                0x001014b0                __flockfile
                0x001014b8                __funlockfile
 .text          0x001014c0      0x108 e:/devkitpro/devkitarm/bin/../lib/gcc/arm-none-eabi/5.3.0/../../../../arm-none-eabi/lib/armv6k/fpu\libsysbase.a(syscall_support.o)
                0x001014c0                __libc_lock_init
                0x001014d8                __libc_lock_acquire
                0x001014f0                __libc_lock_try_acquire
                0x00101514                __libc_lock_release
                0x0010152c                __libc_lock_close
                0x00101544                __libc_lock_init_recursive
                0x0010155c                __libc_lock_acquire_recursive
                0x00101574                __libc_lock_try_acquire_recursive
                0x00101598                __libc_lock_release_recursive
                0x001015b0                __libc_lock_close_recursive
 .text          0x001015c8      0x2c4 e:/devkitpro/devkitarm/bin/../lib/gcc/arm-none-eabi/5.3.0/../../../../arm-none-eabi/lib/armv6k/fpu\libsysbase.a(handle_manager.o)
                0x001015c8                __free_handle
                0x0010160c                __release_handle
                0x00101648                __alloc_handle
                0x001016c0                __get_handle
                0x001016dc                dup
                0x00101780                dup2
 .text          0x0010188c       0x28 e:/devkitpro/devkitarm/bin/../lib/gcc/arm-none-eabi/5.3.0/../../../../arm-none-eabi/lib/armv6k/fpu\libsysbase.a(getreent.o)
                0x0010188c                __getreent
 *(.text.*)
 .text.setBitOfReversedStream
                0x001018b4       0x38 lodepng.o
 .text.checkColorValidity
                0x001018ec       0xa0 lodepng.o
 .text.addColorBits
                0x0010198c       0x4c lodepng.o
 .text.color_tree_get
                0x001019d8       0x60 lodepng.o
 .text.getPixelColorRGBA8
                0x00101a38      0x3a0 lodepng.o
 .text.getPixelColorsRGBA8
                0x00101dd8      0x578 lodepng.o
 .text.getPixelColorRGBA16
                0x00102350      0x1b0 lodepng.o
 .text.Adam7_getpassvalues
                0x00102500      0x1ac lodepng.o
 .text.unfilter
                0x001026ac      0x3ac lodepng.o
 .text.removePaddingBits
                0x00102a58       0x90 lodepng.o
 .text.color_tree_add
                0x00102ae8       0xb4 lodepng.o
 .text.HuffmanTree_cleanup
                0x00102b9c       0x24 lodepng.o
 .text.LodePNGText_cleanup
                0x00102bc0       0x60 lodepng.o
 .text.LodePNGIText_cleanup
                0x00102c20       0x90 lodepng.o
 .text.color_tree_cleanup
                0x00102cb0       0x30 lodepng.o
 .text.string_set
                0x00102ce0       0x60 lodepng.o
 .text.lodepng_color_mode_equal
                0x00102d40       0xd0 lodepng.o
 .text.uivector_reserve.isra.10
                0x00102e10       0x5c lodepng.o
 .text.ucvector_push_back
                0x00102e6c       0x38 lodepng.o
 .text.uivector_resizev.constprop.22
                0x00102ea4       0x58 lodepng.o
 .text.HuffmanTree_makeFromLengths2
                0x00102efc      0x34c lodepng.o
 .text.HuffmanTree_makeFromLengths
                0x00103248       0x6c lodepng.o
 .text.generateFixedLitLenTree
                0x001032b4       0xa4 lodepng.o
 .text.generateFixedDistanceTree
                0x00103358       0x60 lodepng.o
 .text.lodepng_inflatev.isra.12
                0x001033b8      0xb20 lodepng.o
 .text.lodepng_zlib_decompress
                0x00103ed8      0x1b4 lodepng.o
                0x00103ed8                lodepng_zlib_decompress
 .text.zlib_decompress
                0x0010408c       0x2c lodepng.o
 .text.lodepng_chunk_type_equals
                0x001040b8       0x6c lodepng.o
                0x001040b8                lodepng_chunk_type_equals
 .text.lodepng_chunk_check_crc
                0x00104124       0xa4 lodepng.o
                0x00104124                lodepng_chunk_check_crc
 .text.lodepng_chunk_append
                0x001041c8       0xb0 lodepng.o
                0x001041c8                lodepng_chunk_append
 .text.lodepng_color_mode_copy
                0x00104278       0xac lodepng.o
                0x00104278                lodepng_color_mode_copy
 .text.lodepng_add_text
                0x00104324      0x104 lodepng.o
                0x00104324                lodepng_add_text
 .text.lodepng_add_itext
                0x00104428      0x1f4 lodepng.o
                0x00104428                lodepng_add_itext
 .text.lodepng_info_init
                0x0010461c       0x8c lodepng.o
                0x0010461c                lodepng_info_init
 .text.lodepng_info_cleanup
                0x001046a8       0x50 lodepng.o
                0x001046a8                lodepng_info_cleanup
 .text.lodepng_convert
                0x001046f8      0x4f8 lodepng.o
                0x001046f8                lodepng_convert
 .text.lodepng_inspect
                0x00104bf0      0x254 lodepng.o
                0x00104bf0                lodepng_inspect
 .text.decodeGeneric
                0x00104e44     0x174c lodepng.o
 .text.lodepng_decode
                0x00106590      0x13c lodepng.o
                0x00106590                lodepng_decode
 .text.lodepng_state_init
                0x001066cc       0xb8 lodepng.o
                0x001066cc                lodepng_state_init
 .text.lodepng_state_cleanup
                0x00106784       0x30 lodepng.o
                0x00106784                lodepng_state_cleanup
 .text.lodepng_decode_memory
                0x001067b4       0x68 lodepng.o
                0x001067b4                lodepng_decode_memory
 .text.lodepng_decode32
                0x0010681c       0x28 lodepng.o
                0x0010681c                lodepng_decode32
 .text.reversePath
                0x00106844      0x184 main.o
 .text.setTextColor
                0x001069c8       0x40 main.o
 .text.wrongName
                0x00106a08       0x8c main.o
 .text.getBot.part.5
                0x00106a94       0x18 main.o
 .text.clearClosedSet.part.8
                0x00106aac       0x74 main.o
 .text.clearOpenSet.part.9
                0x00106b20       0x74 main.o
 .text.getHighestScore.part.20
                0x00106b94       0x58 main.o
 .text.getKiller.part.21
                0x00106bec       0x44 main.o
 .text.HSL2RGB.constprop.23
                0x00106c30      0x144 main.o
 .text.screen_get_string_size_internal.constprop.24
                0x00106d74      0x1ac main.o
 .text.renderText.constprop.25
                0x00106f20      0x1f0 main.o
 .text.myprintf
                0x00107110      0x220 main.o
                0x00107110                myprintf
 .text.UDSSend  0x00107330      0x1fc main.o
 .text.UDSResend
                0x0010752c      0x1dc main.o
 .text.UDSDirect
                0x00107708       0xec main.o
 *fill*         0x001077f4        0x4 
 .text.printScore
                0x001077f8      0x750 main.o
 .text.util_make_path_utf8
                0x00107f48       0x7c main.o
                0x00107f48                util_make_path_utf8
 .text.importUsername
                0x00107fc4      0x210 main.o
                0x00107fc4                importUsername
 .text.writeUsername
                0x001081d4      0x17c main.o
                0x001081d4                writeUsername
 .text.keepXConsole
                0x00108350      0x440 main.o
                0x00108350                keepXConsole
 .text.keepConsole
                0x00108790       0x88 main.o
                0x00108790                keepConsole
 .text.gameOptions
                0x00108818      0x204 main.o
 .text.getNextColor
                0x00108a1c       0xe4 main.o
                0x00108a1c                getNextColor
 .text.getColor
                0x00108b00       0x6c main.o
                0x00108b00                getColor
 .text.writeColor
                0x00108b6c       0x74 main.o
                0x00108b6c                writeColor
 .text.showMemoryError
                0x00108be0       0x4c main.o
                0x00108be0                showMemoryError
 .text.addClosedSet
                0x00108c2c       0x74 main.o
                0x00108c2c                addClosedSet
 .text.addOpenSet
                0x00108ca0       0x74 main.o
                0x00108ca0                addOpenSet
 .text.remOpenSet
                0x00108d14       0xfc main.o
                0x00108d14                remOpenSet
 .text.getDist  0x00108e10       0xa8 main.o
                0x00108e10                getDist
 .text.addNode  0x00108eb8       0xa8 main.o
                0x00108eb8                addNode
 .text.continueAddNodeToApple
                0x00108f60       0xac main.o
                0x00108f60                continueAddNodeToApple
 .text.getDirectionY
                0x0010900c       0x60 main.o
                0x0010900c                getDirectionY
 .text.getDirectionX
                0x0010906c       0x5c main.o
                0x0010906c                getDirectionX
 .text.getDirectionYTo
                0x001090c8       0x74 main.o
                0x001090c8                getDirectionYTo
 .text.getDirectionXTo
                0x0010913c       0x74 main.o
                0x0010913c                getDirectionXTo
 .text.getDirection
                0x001091b0       0xb4 main.o
                0x001091b0                getDirection
 .text.getDirectionToApple
                0x00109264       0xac main.o
                0x00109264                getDirectionToApple
 .text.setCurrentF
                0x00109310       0xac main.o
                0x00109310                setCurrentF
 .text.showCameFrom
                0x001093bc      0x5b8 main.o
                0x001093bc                showCameFrom
 .text.getFarthestCurrent
                0x00109974      0x13c main.o
                0x00109974                getFarthestCurrent
 .text.plotMovement
                0x00109ab0      0x184 main.o
                0x00109ab0                plotMovement
 .text.pathfindToApple
                0x00109c34      0x50c main.o
                0x00109c34                pathfindToApple
 .text.showPathToApple
                0x0010a140      0x1ac main.o
                0x0010a140                showPathToApple
 .text.relocateApple
                0x0010a2ec      0x300 main.o
                0x0010a2ec                relocateApple
 .text.drawSprite
                0x0010a5ec      0x218 main.o
                0x0010a5ec                drawSprite
 .text.changeApple
                0x0010a804       0xbc main.o
 .text.drawPoint
                0x0010a8c0       0x80 main.o
 .text.drawWall.constprop.22
                0x0010a940       0x78 main.o
 .text.overwriteSprite
                0x0010a9b8      0x1d4 main.o
                0x0010a9b8                overwriteSprite
 .text.unlikely.fixLength
                0x0010ab8c      0x124 main.o
 .text.unlikely.finishLine.isra.16
                0x0010acb0     0x21e4 main.o
 .text.eraseLine.part.19
                0x0010ce94      0x18c main.o
 .text.checkPath
                0x0010d020      0x154 main.o
                0x0010d020                checkPath
 .text.showPlotMovement
                0x0010d174      0x370 main.o
                0x0010d174                showPlotMovement
 .text.livingBots
                0x0010d4e4       0xbc main.o
                0x0010d4e4                livingBots
 .text.continuePlotting
                0x0010d5a0      0x524 main.o
                0x0010d5a0                continuePlotting
 .text.plotCourse
                0x0010dac4      0x6a8 main.o
                0x0010dac4                plotCourse
 .text.itsATie  0x0010e16c       0x98 main.o
                0x0010e16c                itsATie
 .text.hasCommonY
                0x0010e204       0xc4 main.o
                0x0010e204                hasCommonY
 .text.setSprites
                0x0010e2c8      0x354 main.o
 .text.setHighscore
                0x0010e61c       0xc8 main.o
                0x0010e61c                setHighscore
 *fill*         0x0010e6e4        0x4 
 .text.uds_test
                0x0010e6e8     0xb3a8 main.o
                0x0010e6e8                uds_test
 .text.startup.main
                0x00119a90      0xbb8 main.o
                0x00119a90                main
 .text.AttrInfo_Init
                0x0011a648       0x28 e:/devkitPro/libctru/lib\libcitro3d.a(attribs.o)
                0x0011a648                AttrInfo_Init
 .text.AttrInfo_AddLoader
                0x0011a670       0xa4 e:/devkitPro/libctru/lib\libcitro3d.a(attribs.o)
                0x0011a670                AttrInfo_AddLoader
 .text.C3D_GetAttrInfo
                0x0011a714       0x24 e:/devkitPro/libctru/lib\libcitro3d.a(attribs.o)
                0x0011a714                C3D_GetAttrInfo
 .text.C3Di_AttrInfoBind
                0x0011a738       0x80 e:/devkitPro/libctru/lib\libcitro3d.a(attribs.o)
                0x0011a738                C3Di_AttrInfoBind
 .text.C3Di_AptEventHook
                0x0011a7b8       0x88 e:/devkitPro/libctru/lib\libcitro3d.a(base.o)
 .text.C3D_Init
                0x0011a840      0x168 e:/devkitPro/libctru/lib\libcitro3d.a(base.o)
                0x0011a840                C3D_Init
 .text.C3D_SetViewport
                0x0011a9a8       0x98 e:/devkitPro/libctru/lib\libcitro3d.a(base.o)
                0x0011a9a8                C3D_SetViewport
 .text.C3Di_UpdateContext
                0x0011aa40      0x580 e:/devkitPro/libctru/lib\libcitro3d.a(base.o)
                0x0011aa40                C3Di_UpdateContext
 .text.C3Di_FinalizeFrame
                0x0011afc0       0xe0 e:/devkitPro/libctru/lib\libcitro3d.a(base.o)
                0x0011afc0                C3Di_FinalizeFrame
 .text.C3D_Fini
                0x0011b0a0       0x48 e:/devkitPro/libctru/lib\libcitro3d.a(base.o)
                0x0011b0a0                C3D_Fini
 .text.C3D_BindProgram
                0x0011b0e8       0xd4 e:/devkitPro/libctru/lib\libcitro3d.a(base.o)
                0x0011b0e8                C3D_BindProgram
 .text.BufInfo_Init
                0x0011b1bc       0x20 e:/devkitPro/libctru/lib\libcitro3d.a(buffers.o)
                0x0011b1bc                BufInfo_Init
 .text.BufInfo_Add
                0x0011b1dc       0x84 e:/devkitPro/libctru/lib\libcitro3d.a(buffers.o)
                0x0011b1dc                BufInfo_Add
 .text.C3D_GetBufInfo
                0x0011b260       0x24 e:/devkitPro/libctru/lib\libcitro3d.a(buffers.o)
                0x0011b260                C3D_GetBufInfo
 .text.C3Di_BufInfoBind
                0x0011b284       0x48 e:/devkitPro/libctru/lib\libcitro3d.a(buffers.o)
                0x0011b284                C3Di_BufInfoBind
 .text.C3D_DrawArrays
                0x0011b2cc      0x148 e:/devkitPro/libctru/lib\libcitro3d.a(drawArrays.o)
                0x0011b2cc                C3D_DrawArrays
 .text.C3D_DepthMap
                0x0011b414       0x3c e:/devkitPro/libctru/lib\libcitro3d.a(effect.o)
                0x0011b414                C3D_DepthMap
 .text.C3D_CullFace
                0x0011b450       0x1c e:/devkitPro/libctru/lib\libcitro3d.a(effect.o)
                0x0011b450                C3D_CullFace
 .text.C3D_StencilTest
                0x0011b46c       0x3c e:/devkitPro/libctru/lib\libcitro3d.a(effect.o)
                0x0011b46c                C3D_StencilTest
 .text.C3D_StencilOp
                0x0011b4a8       0x24 e:/devkitPro/libctru/lib\libcitro3d.a(effect.o)
                0x0011b4a8                C3D_StencilOp
 .text.C3D_BlendingColor
                0x0011b4cc       0x1c e:/devkitPro/libctru/lib\libcitro3d.a(effect.o)
                0x0011b4cc                C3D_BlendingColor
 .text.C3D_DepthTest
                0x0011b4e8       0x28 e:/devkitPro/libctru/lib\libcitro3d.a(effect.o)
                0x0011b4e8                C3D_DepthTest
 .text.C3D_AlphaTest
                0x0011b510       0x28 e:/devkitPro/libctru/lib\libcitro3d.a(effect.o)
                0x0011b510                C3D_AlphaTest
 .text.C3D_AlphaBlend
                0x0011b538       0x50 e:/devkitPro/libctru/lib\libcitro3d.a(effect.o)
                0x0011b538                C3D_AlphaBlend
 .text.C3D_FragOpMode
                0x0011b588       0x30 e:/devkitPro/libctru/lib\libcitro3d.a(effect.o)
                0x0011b588                C3D_FragOpMode
 .text.C3Di_EffectBind
                0x0011b5b8      0x11c e:/devkitPro/libctru/lib\libcitro3d.a(effect.o)
                0x0011b5b8                C3Di_EffectBind
 .text.C3D_ImmDrawBegin
                0x0011b6d4       0xb8 e:/devkitPro/libctru/lib\libcitro3d.a(immediate.o)
                0x0011b6d4                C3D_ImmDrawBegin
 .text.C3D_ImmSendAttrib
                0x0011b78c       0xb4 e:/devkitPro/libctru/lib\libcitro3d.a(immediate.o)
                0x0011b78c                C3D_ImmSendAttrib
 .text.C3D_ImmDrawEnd
                0x0011b840       0x74 e:/devkitPro/libctru/lib\libcitro3d.a(immediate.o)
                0x0011b840                C3D_ImmDrawEnd
 .text.C3D_RenderBufInit
                0x0011b8b4       0xa4 e:/devkitPro/libctru/lib\libcitro3d.a(renderbuffer.o)
                0x0011b8b4                C3D_RenderBufInit
 .text.C3D_RenderBufClearAsync
                0x0011b958       0x80 e:/devkitPro/libctru/lib\libcitro3d.a(renderbuffer.o)
                0x0011b958                C3D_RenderBufClearAsync
 .text.C3D_RenderBufTransferAsync
                0x0011b9d8       0x28 e:/devkitPro/libctru/lib\libcitro3d.a(renderbuffer.o)
                0x0011b9d8                C3D_RenderBufTransferAsync
 .text.C3D_RenderBufBind
                0x0011ba00       0x38 e:/devkitPro/libctru/lib\libcitro3d.a(renderbuffer.o)
                0x0011ba00                C3D_RenderBufBind
 .text.C3Di_RenderBufBind
                0x0011ba38      0x168 e:/devkitPro/libctru/lib\libcitro3d.a(renderbuffer.o)
                0x0011ba38                C3Di_RenderBufBind
 .text.C3D_RenderBufDelete
                0x0011bba0       0x18 e:/devkitPro/libctru/lib\libcitro3d.a(renderbuffer.o)
                0x0011bba0                C3D_RenderBufDelete
 .text.C3Di_RenderQueueWaitDone
                0x0011bbb8       0x40 e:/devkitPro/libctru/lib\libcitro3d.a(renderqueue.o)
 .text.performTransfer.part.0
                0x0011bbf8       0x78 e:/devkitPro/libctru/lib\libcitro3d.a(renderqueue.o)
 .text.transferTarget
                0x0011bc70       0x50 e:/devkitPro/libctru/lib\libcitro3d.a(renderqueue.o)
 .text.onVBlank1
                0x0011bcc0       0x24 e:/devkitPro/libctru/lib\libcitro3d.a(renderqueue.o)
 .text.onVBlank0
                0x0011bce4       0x8c e:/devkitPro/libctru/lib\libcitro3d.a(renderqueue.o)
 .text.performClear.part.2
                0x0011bd70       0x3c e:/devkitPro/libctru/lib\libcitro3d.a(renderqueue.o)
 .text.clearTarget
                0x0011bdac       0x4c e:/devkitPro/libctru/lib\libcitro3d.a(renderqueue.o)
 .text.updateFrameQueue.part.4
                0x0011bdf8       0xc0 e:/devkitPro/libctru/lib\libcitro3d.a(renderqueue.o)
 .text.onRenderFinish
                0x0011beb8       0xe0 e:/devkitPro/libctru/lib\libcitro3d.a(renderqueue.o)
 .text.onClearDone.part.6
                0x0011bf98       0x18 e:/devkitPro/libctru/lib\libcitro3d.a(renderqueue.o)
 .text.onTransferFinish
                0x0011bfb0       0xb0 e:/devkitPro/libctru/lib\libcitro3d.a(renderqueue.o)
 .text.onClearDone
                0x0011c060       0x64 e:/devkitPro/libctru/lib\libcitro3d.a(renderqueue.o)
 .text.checkRenderQueueInit.part.7
                0x0011c0c4       0x5c e:/devkitPro/libctru/lib\libcitro3d.a(renderqueue.o)
 .text.C3D_FrameBegin
                0x0011c120       0x64 e:/devkitPro/libctru/lib\libcitro3d.a(renderqueue.o)
                0x0011c120                C3D_FrameBegin
 .text.C3D_FrameDrawOn
                0x0011c184       0x78 e:/devkitPro/libctru/lib\libcitro3d.a(renderqueue.o)
                0x0011c184                C3D_FrameDrawOn
 .text.C3D_FrameEnd
                0x0011c1fc       0xd0 e:/devkitPro/libctru/lib\libcitro3d.a(renderqueue.o)
                0x0011c1fc                C3D_FrameEnd
 .text.C3D_RenderTargetCreate
                0x0011c2cc       0xe0 e:/devkitPro/libctru/lib\libcitro3d.a(renderqueue.o)
                0x0011c2cc                C3D_RenderTargetCreate
 .text.C3D_RenderTargetDelete
                0x0011c3ac       0x7c e:/devkitPro/libctru/lib\libcitro3d.a(renderqueue.o)
                0x0011c3ac                C3D_RenderTargetDelete
 .text.C3Di_RenderQueueExit
                0x0011c428       0x84 e:/devkitPro/libctru/lib\libcitro3d.a(renderqueue.o)
 .text.C3D_RenderTargetSetClear
                0x0011c4ac       0x50 e:/devkitPro/libctru/lib\libcitro3d.a(renderqueue.o)
                0x0011c4ac                C3D_RenderTargetSetClear
 .text.C3D_RenderTargetSetOutput
                0x0011c4fc       0x58 e:/devkitPro/libctru/lib\libcitro3d.a(renderqueue.o)
                0x0011c4fc                C3D_RenderTargetSetOutput
 .text.TexEnv_Init
                0x0011c554       0x34 e:/devkitPro/libctru/lib\libcitro3d.a(texenv.o)
                0x0011c554                TexEnv_Init
 .text.C3D_GetTexEnv
                0x0011c588       0x34 e:/devkitPro/libctru/lib\libcitro3d.a(texenv.o)
                0x0011c588                C3D_GetTexEnv
 .text.C3Di_TexEnvBind
                0x0011c5bc       0x24 e:/devkitPro/libctru/lib\libcitro3d.a(texenv.o)
                0x0011c5bc                C3Di_TexEnvBind
 .text.C3D_TexInit
                0x0011c5e0       0xb8 e:/devkitPro/libctru/lib\libcitro3d.a(texture.o)
                0x0011c5e0                C3D_TexInit
 .text.C3D_TexInitVRAM
                0x0011c698       0xb8 e:/devkitPro/libctru/lib\libcitro3d.a(texture.o)
                0x0011c698                C3D_TexInitVRAM
 .text.C3D_TexSetFilter
                0x0011c750       0x24 e:/devkitPro/libctru/lib\libcitro3d.a(texture.o)
                0x0011c750                C3D_TexSetFilter
 .text.C3D_TexBind
                0x0011c774       0x34 e:/devkitPro/libctru/lib\libcitro3d.a(texture.o)
                0x0011c774                C3D_TexBind
 .text.C3D_TexDelete
                0x0011c7a8       0x3c e:/devkitPro/libctru/lib\libcitro3d.a(texture.o)
                0x0011c7a8                C3D_TexDelete
 .text.C3D_UpdateUniforms
                0x0011c7e4      0x2ac e:/devkitPro/libctru/lib\libcitro3d.a(uniforms.o)
                0x0011c7e4                C3D_UpdateUniforms
 .text.C3Di_DirtyUniforms
                0x0011ca90       0xc0 e:/devkitPro/libctru/lib\libcitro3d.a(uniforms.o)
                0x0011ca90                C3Di_DirtyUniforms
 .text.C3Di_LoadShaderUniforms
                0x0011cb50       0xe4 e:/devkitPro/libctru/lib\libcitro3d.a(uniforms.o)
                0x0011cb50                C3Di_LoadShaderUniforms
 .text.C3Di_ClearShaderUniforms
                0x0011cc34       0x28 e:/devkitPro/libctru/lib\libcitro3d.a(uniforms.o)
                0x0011cc34                C3Di_ClearShaderUniforms
 .text.Mtx_OrthoTilt
                0x0011cc5c       0xc8 e:/devkitPro/libctru/lib\libcitro3d.a(mtx_orthotilt.o)
                0x0011cc5c                Mtx_OrthoTilt
 .text._ZL21addrMapNodeComparatorPK11rbtree_nodeS1_
                0x0011cd24       0x24 e:/devkitPro/libctru/lib\libctru.a(linear.o)
 .text._ZL21addrMapNodeDestructorP11rbtree_node
                0x0011cd48        0x4 e:/devkitPro/libctru/lib\libctru.a(linear.o)
 .text.linearMemAlign
                0x0011cd4c      0x140 e:/devkitPro/libctru/lib\libctru.a(linear.o)
                0x0011cd4c                linearMemAlign
 .text.linearAlloc
                0x0011ce8c        0x8 e:/devkitPro/libctru/lib\libctru.a(linear.o)
                0x0011ce8c                linearAlloc
 .text.linearFree
                0x0011ce94       0x50 e:/devkitPro/libctru/lib\libctru.a(linear.o)
                0x0011ce94                linearFree
 .text._ZN7MemPool13CoalesceRightEP8MemBlock
                0x0011cee4       0x9c e:/devkitPro/libctru/lib\libctru.a(mem_pool.o)
                0x0011cee4                MemPool::CoalesceRight(MemBlock*)
 .text._ZN7MemPool8AllocateER8MemChunkmi
                0x0011cf80      0x178 e:/devkitPro/libctru/lib\libctru.a(mem_pool.o)
                0x0011cf80                MemPool::Allocate(MemChunk&, unsigned long, int)
 .text._ZN7MemPool10DeallocateERK8MemChunk
                0x0011d0f8      0x100 e:/devkitPro/libctru/lib\libctru.a(mem_pool.o)
                0x0011d0f8                MemPool::Deallocate(MemChunk const&)
 .text._ZL21addrMapNodeComparatorPK11rbtree_nodeS1_
                0x0011d1f8       0x24 e:/devkitPro/libctru/lib\libctru.a(vram.o)
 .text._ZL21addrMapNodeDestructorP11rbtree_node
                0x0011d21c        0x4 e:/devkitPro/libctru/lib\libctru.a(vram.o)
 .text.vramMemAlign
                0x0011d220      0x130 e:/devkitPro/libctru/lib\libctru.a(vram.o)
                0x0011d220                vramMemAlign
 .text.vramAlloc
                0x0011d350        0x8 e:/devkitPro/libctru/lib\libctru.a(vram.o)
                0x0011d350                vramAlloc
 .text.vramFree
                0x0011d358       0x50 e:/devkitPro/libctru/lib\libctru.a(vram.o)
                0x0011d358                vramFree
 .text.fontEnsureMapped
                0x0011d3a8       0xa4 e:/devkitPro/libctru/lib\libctru.a(font.o)
                0x0011d3a8                fontEnsureMapped
 .text.fontGlyphIndexFromCodePoint
                0x0011d44c       0xdc e:/devkitPro/libctru/lib\libctru.a(font.o)
                0x0011d44c                fontGlyphIndexFromCodePoint
 .text.fontGetCharWidthInfo
                0x0011d528       0x5c e:/devkitPro/libctru/lib\libctru.a(font.o)
                0x0011d528                fontGetCharWidthInfo
 .text.fontCalcGlyphPos
                0x0011d584      0x214 e:/devkitPro/libctru/lib\libctru.a(font.o)
                0x0011d584                fontCalcGlyphPos
 .text.gfxSetFramebufferInfo.part.0
                0x0011d798       0x8c e:/devkitPro/libctru/lib\libctru.a(gfx.o)
 .text.gfxIs3D  0x0011d824       0x10 e:/devkitPro/libctru/lib\libctru.a(gfx.o)
                0x0011d824                gfxIs3D
 .text.__get_bytes_per_pixel
                0x0011d834       0x18 e:/devkitPro/libctru/lib\libctru.a(gfx.o)
                0x0011d834                __get_bytes_per_pixel
 .text.gfxSetScreenFormat
                0x0011d84c      0x174 e:/devkitPro/libctru/lib\libctru.a(gfx.o)
                0x0011d84c                gfxSetScreenFormat
 .text.gfxSetFramebufferInfo
                0x0011d9c0       0x70 e:/devkitPro/libctru/lib\libctru.a(gfx.o)
                0x0011d9c0                gfxSetFramebufferInfo
 .text.gfxWriteFramebufferInfo
                0x0011da30       0x88 e:/devkitPro/libctru/lib\libctru.a(gfx.o)
                0x0011da30                gfxWriteFramebufferInfo
 .text.gfxInit  0x0011dab8      0x1fc e:/devkitPro/libctru/lib\libctru.a(gfx.o)
                0x0011dab8                gfxInit
 .text.gfxInitDefault
                0x0011dcb4       0x10 e:/devkitPro/libctru/lib\libctru.a(gfx.o)
                0x0011dcb4                gfxInitDefault
 .text.gfxExit  0x0011dcc4       0xe0 e:/devkitPro/libctru/lib\libctru.a(gfx.o)
                0x0011dcc4                gfxExit
 .text.gfxGetFramebuffer
                0x0011dda4       0xb0 e:/devkitPro/libctru/lib\libctru.a(gfx.o)
                0x0011dda4                gfxGetFramebuffer
 .text.gfxFlushBuffers
                0x0011de54       0xcc e:/devkitPro/libctru/lib\libctru.a(gfx.o)
                0x0011de54                gfxFlushBuffers
 .text.gfxConfigScreen
                0x0011df20       0x70 e:/devkitPro/libctru/lib\libctru.a(gfx.o)
                0x0011df20                gfxConfigScreen
 .text.gfxSwapBuffers
                0x0011df90       0x20 e:/devkitPro/libctru/lib\libctru.a(gfx.o)
                0x0011df90                gfxSwapBuffers
 .text.getSysTime
                0x0011dfb0       0x58 e:/devkitPro/libctru/lib\libctru.a(os.o)
 .text.osConvertVirtToPhys
                0x0011e008       0x4c e:/devkitPro/libctru/lib\libctru.a(os.o)
                0x0011e008                osConvertVirtToPhys
 .text.osGetMemRegionUsed
                0x0011e054       0x24 e:/devkitPro/libctru/lib\libctru.a(os.o)
                0x0011e054                osGetMemRegionUsed
 .text.__libctru_gtod
                0x0011e078       0xf8 e:/devkitPro/libctru/lib\libctru.a(os.o)
                0x0011e078                __libctru_gtod
 .text.__ctru_speedup_config
                0x0011e170       0x34 e:/devkitPro/libctru/lib\libctru.a(os.o)
                0x0011e170                __ctru_speedup_config
 .text.sdmc_link
                0x0011e1a4       0x10 e:/devkitPro/libctru/lib\libctru.a(sdmc_dev.o)
 .text.sdmc_dirreset
                0x0011e1b4       0x10 e:/devkitPro/libctru/lib\libctru.a(sdmc_dev.o)
 .text.sdmc_chmod
                0x0011e1c4       0x10 e:/devkitPro/libctru/lib\libctru.a(sdmc_dev.o)
 .text.sdmc_fchmod
                0x0011e1d4       0x10 e:/devkitPro/libctru/lib\libctru.a(sdmc_dev.o)
 .text.error_cmp
                0x0011e1e4       0x24 e:/devkitPro/libctru/lib\libctru.a(sdmc_dev.o)
 .text.sdmc_translate_error
                0x0011e208       0x50 e:/devkitPro/libctru/lib\libctru.a(sdmc_dev.o)
 .text.sdmc_fsync
                0x0011e258       0x34 e:/devkitPro/libctru/lib\libctru.a(sdmc_dev.o)
 .text.sdmc_ftruncate
                0x0011e28c       0x54 e:/devkitPro/libctru/lib\libctru.a(sdmc_dev.o)
 .text.sdmc_statvfs
                0x0011e2e0       0xac e:/devkitPro/libctru/lib\libctru.a(sdmc_dev.o)
 .text.sdmc_dirclose
                0x0011e38c       0x38 e:/devkitPro/libctru/lib\libctru.a(sdmc_dev.o)
 .text.sdmc_dirnext
                0x0011e3c4      0x13c e:/devkitPro/libctru/lib\libctru.a(sdmc_dev.o)
 .text.sdmc_close
                0x0011e500       0x34 e:/devkitPro/libctru/lib\libctru.a(sdmc_dev.o)
 .text.sdmc_fstat
                0x0011e534       0x74 e:/devkitPro/libctru/lib\libctru.a(sdmc_dev.o)
 .text.sdmc_seek
                0x0011e5a8       0xc0 e:/devkitPro/libctru/lib\libctru.a(sdmc_dev.o)
 .text.sdmc_read
                0x0011e668       0x8c e:/devkitPro/libctru/lib\libctru.a(sdmc_dev.o)
 .text.sdmc_write_safe
                0x0011e6f4      0x110 e:/devkitPro/libctru/lib\libctru.a(sdmc_dev.o)
 .text.sdmc_utf16path
                0x0011e804      0x1b4 e:/devkitPro/libctru/lib\libctru.a(sdmc_dev.o)
 .text.sdmc_rmdir
                0x0011e9b8       0x74 e:/devkitPro/libctru/lib\libctru.a(sdmc_dev.o)
 .text.sdmc_diropen
                0x0011ea2c       0xa4 e:/devkitPro/libctru/lib\libctru.a(sdmc_dev.o)
 .text.sdmc_chdir
                0x0011ead0       0xa0 e:/devkitPro/libctru/lib\libctru.a(sdmc_dev.o)
 .text.sdmc_mkdir
                0x0011eb70       0x98 e:/devkitPro/libctru/lib\libctru.a(sdmc_dev.o)
 .text.sdmc_rename
                0x0011ec08      0x108 e:/devkitPro/libctru/lib\libctru.a(sdmc_dev.o)
 .text.sdmc_unlink
                0x0011ed10       0x74 e:/devkitPro/libctru/lib\libctru.a(sdmc_dev.o)
 .text.sdmc_stat
                0x0011ed84      0x108 e:/devkitPro/libctru/lib\libctru.a(sdmc_dev.o)
 .text.sdmc_open
                0x0011ee8c      0x188 e:/devkitPro/libctru/lib\libctru.a(sdmc_dev.o)
 .text.sdmcInit
                0x0011f014      0x15c e:/devkitPro/libctru/lib\libctru.a(sdmc_dev.o)
                0x0011f014                sdmcInit
 .text.sdmcExit
                0x0011f170       0x54 e:/devkitPro/libctru/lib\libctru.a(sdmc_dev.o)
                0x0011f170                sdmcExit
 .text.GPUCMD_SetBuffer
                0x0011f1c4       0x2c e:/devkitPro/libctru/lib\libctru.a(gpu.o)
                0x0011f1c4                GPUCMD_SetBuffer
 .text.GPUCMD_GetBuffer
                0x0011f1f0       0x40 e:/devkitPro/libctru/lib\libctru.a(gpu.o)
                0x0011f1f0                GPUCMD_GetBuffer
 .text.GPUCMD_Add
                0x0011f230       0xe4 e:/devkitPro/libctru/lib\libctru.a(gpu.o)
                0x0011f230                GPUCMD_Add
 .text.GPUCMD_Finalize
                0x0011f314       0x98 e:/devkitPro/libctru/lib\libctru.a(gpu.o)
                0x0011f314                GPUCMD_Finalize
 .text.f32tof24
                0x0011f3ac       0x40 e:/devkitPro/libctru/lib\libctru.a(gpu.o)
                0x0011f3ac                f32tof24
 .text.f32tof31
                0x0011f3ec       0x40 e:/devkitPro/libctru/lib\libctru.a(gpu.o)
                0x0011f3ec                f32tof31
 .text.GX_ProcessCommandList
                0x0011f42c       0x54 e:/devkitPro/libctru/lib\libctru.a(gx.o)
                0x0011f42c                GX_ProcessCommandList
 .text.GX_MemoryFill
                0x0011f480       0x60 e:/devkitPro/libctru/lib\libctru.a(gx.o)
                0x0011f480                GX_MemoryFill
 .text.GX_DisplayTransfer
                0x0011f4e0       0x50 e:/devkitPro/libctru/lib\libctru.a(gx.o)
                0x0011f4e0                GX_DisplayTransfer
 .text.GX_FlushCacheRegions
                0x0011f530       0x54 e:/devkitPro/libctru/lib\libctru.a(gx.o)
                0x0011f530                GX_FlushCacheRegions
 .text.shaderInstanceInit
                0x0011f584      0x20c e:/devkitPro/libctru/lib\libctru.a(shaderProgram.o)
                0x0011f584                shaderInstanceInit
 .text.shaderInstanceFree
                0x0011f790       0x38 e:/devkitPro/libctru/lib\libctru.a(shaderProgram.o)
                0x0011f790                shaderInstanceFree
 .text.shaderInstanceGetUniformLocation
                0x0011f7c8       0x18 e:/devkitPro/libctru/lib\libctru.a(shaderProgram.o)
                0x0011f7c8                shaderInstanceGetUniformLocation
 .text.shaderProgramInit
                0x0011f7e0       0x18 e:/devkitPro/libctru/lib\libctru.a(shaderProgram.o)
                0x0011f7e0                shaderProgramInit
 .text.shaderProgramFree
                0x0011f7f8       0x30 e:/devkitPro/libctru/lib\libctru.a(shaderProgram.o)
                0x0011f7f8                shaderProgramFree
 .text.shaderProgramSetVsh
                0x0011f828       0x6c e:/devkitPro/libctru/lib\libctru.a(shaderProgram.o)
                0x0011f828                shaderProgramSetVsh
 .text.shaderProgramConfigure
                0x0011f894      0x8a4 e:/devkitPro/libctru/lib\libctru.a(shaderProgram.o)
                0x0011f894                shaderProgramConfigure
 .text.DVLB_Free
                0x00120138       0x3c e:/devkitPro/libctru/lib\libctru.a(shbin.o)
                0x00120138                DVLB_Free
 .text.DVLE_GetUniformRegister
                0x00120174       0x80 e:/devkitPro/libctru/lib\libctru.a(shbin.o)
                0x00120174                DVLE_GetUniformRegister
 .text.DVLE_GenerateOutmap
                0x001201f4      0x1f0 e:/devkitPro/libctru/lib\libctru.a(shbin.o)
                0x001201f4                DVLE_GenerateOutmap
 .text.DVLB_ParseFile
                0x001203e4      0x1d0 e:/devkitPro/libctru/lib\libctru.a(shbin.o)
                0x001203e4                DVLB_ParseFile
 .text._aptDebug
                0x001205b4        0x4 e:/devkitPro/libctru/lib\libctru.a(apt.o)
                0x001205b4                _aptDebug
 .text.aptSendCommand
                0x001205b8      0x12c e:/devkitPro/libctru/lib\libctru.a(apt.o)
                0x001205b8                aptSendCommand
 .text.aptExitProcess
                0x001206e4       0x3c e:/devkitPro/libctru/lib\libctru.a(apt.o)
 .text.aptHook  0x00120720       0x38 e:/devkitPro/libctru/lib\libctru.a(apt.o)
                0x00120720                aptHook
 .text.aptUnhook
                0x00120758       0x2c e:/devkitPro/libctru/lib\libctru.a(apt.o)
                0x00120758                aptUnhook
 .text.aptSetMessageCallback
                0x00120784       0x14 e:/devkitPro/libctru/lib\libctru.a(apt.o)
                0x00120784                aptSetMessageCallback
 .text.APT_InquireNotification
                0x00120798       0x4c e:/devkitPro/libctru/lib\libctru.a(apt.o)
                0x00120798                APT_InquireNotification
 .text.aptEventHandler
                0x001207e4      0x198 e:/devkitPro/libctru/lib\libctru.a(apt.o)
 .text.APT_AppletUtility
                0x0012097c       0x74 e:/devkitPro/libctru/lib\libctru.a(apt.o)
                0x0012097c                APT_AppletUtility
 .text.aptSetSleepAllowed
                0x001209f0       0xb0 e:/devkitPro/libctru/lib\libctru.a(apt.o)
                0x001209f0                aptSetSleepAllowed
 .text.APT_GlanceParameter
                0x00120aa0       0xb4 e:/devkitPro/libctru/lib\libctru.a(apt.o)
                0x00120aa0                APT_GlanceParameter
 .text.APT_ReceiveParameter
                0x00120b54       0xc0 e:/devkitPro/libctru/lib\libctru.a(apt.o)
                0x00120b54                APT_ReceiveParameter
 .text.aptReceiveParameter.constprop.1
                0x00120c14       0xa8 e:/devkitPro/libctru/lib\libctru.a(apt.o)
 *fill*         0x00120cbc        0x4 
 .text.aptScreenTransfer
                0x00120cc0      0x1d8 e:/devkitPro/libctru/lib\libctru.a(apt.o)
 .text.aptWaitForWakeUp
                0x00120e98      0x224 e:/devkitPro/libctru/lib\libctru.a(apt.o)
 .text.APT_SendParameter
                0x001210bc       0x58 e:/devkitPro/libctru/lib\libctru.a(apt.o)
                0x001210bc                APT_SendParameter
 .text.APT_CancelParameter
                0x00121114       0x70 e:/devkitPro/libctru/lib\libctru.a(apt.o)
                0x00121114                APT_CancelParameter
 .text.aptInit  0x00121184      0x21c e:/devkitPro/libctru/lib\libctru.a(apt.o)
                0x00121184                aptInit
 .text.aptClearParamQueue
                0x001213a0       0x88 e:/devkitPro/libctru/lib\libctru.a(apt.o)
 .text.aptMainLoop
                0x00121428      0x208 e:/devkitPro/libctru/lib\libctru.a(apt.o)
                0x00121428                aptMainLoop
 .text.aptExit  0x00121630      0x148 e:/devkitPro/libctru/lib\libctru.a(apt.o)
                0x00121630                aptExit
 .text.aptLaunchLibraryApplet
                0x00121778       0xdc e:/devkitPro/libctru/lib\libctru.a(apt.o)
                0x00121778                aptLaunchLibraryApplet
 .text.APT_CheckNew3DS
                0x00121854       0x70 e:/devkitPro/libctru/lib\libctru.a(apt.o)
                0x00121854                APT_CheckNew3DS
 .text.APT_GetSharedFont
                0x001218c4       0x4c e:/devkitPro/libctru/lib\libctru.a(apt.o)
                0x001218c4                APT_GetSharedFont
 .text.fsSessionForArchive.part.0
                0x00121910       0x28 e:/devkitPro/libctru/lib\libctru.a(fs.o)
 .text.fsInit   0x00121938       0xcc e:/devkitPro/libctru/lib\libctru.a(fs.o)
                0x00121938                fsInit
 .text.fsExit   0x00121a04       0x38 e:/devkitPro/libctru/lib\libctru.a(fs.o)
                0x00121a04                fsExit
 .text.fsExemptFromSession
                0x00121a3c       0x74 e:/devkitPro/libctru/lib\libctru.a(fs.o)
                0x00121a3c                fsExemptFromSession
 .text.fsUnexemptFromSession
                0x00121ab0       0x54 e:/devkitPro/libctru/lib\libctru.a(fs.o)
                0x00121ab0                fsUnexemptFromSession
 .text.fsMakePath
                0x00121b04       0x88 e:/devkitPro/libctru/lib\libctru.a(fs.o)
                0x00121b04                fsMakePath
 .text.FSUSER_OpenFile
                0x00121b8c       0xbc e:/devkitPro/libctru/lib\libctru.a(fs.o)
                0x00121b8c                FSUSER_OpenFile
 .text.FSUSER_OpenFileDirectly
                0x00121c48       0xd4 e:/devkitPro/libctru/lib\libctru.a(fs.o)
                0x00121c48                FSUSER_OpenFileDirectly
 .text.FSUSER_DeleteFile
                0x00121d1c       0xa4 e:/devkitPro/libctru/lib\libctru.a(fs.o)
                0x00121d1c                FSUSER_DeleteFile
 .text.FSUSER_RenameFile
                0x00121dc0       0xe0 e:/devkitPro/libctru/lib\libctru.a(fs.o)
                0x00121dc0                FSUSER_RenameFile
 .text.FSUSER_DeleteDirectory
                0x00121ea0       0xa4 e:/devkitPro/libctru/lib\libctru.a(fs.o)
                0x00121ea0                FSUSER_DeleteDirectory
 .text.FSUSER_CreateFile
                0x00121f44       0xbc e:/devkitPro/libctru/lib\libctru.a(fs.o)
                0x00121f44                FSUSER_CreateFile
 .text.FSUSER_CreateDirectory
                0x00122000       0xac e:/devkitPro/libctru/lib\libctru.a(fs.o)
                0x00122000                FSUSER_CreateDirectory
 .text.FSUSER_RenameDirectory
                0x001220ac       0xe0 e:/devkitPro/libctru/lib\libctru.a(fs.o)
                0x001220ac                FSUSER_RenameDirectory
 .text.FSUSER_OpenDirectory
                0x0012218c       0xa4 e:/devkitPro/libctru/lib\libctru.a(fs.o)
                0x0012218c                FSUSER_OpenDirectory
 .text.FSUSER_OpenArchive
                0x00122230       0x98 e:/devkitPro/libctru/lib\libctru.a(fs.o)
                0x00122230                FSUSER_OpenArchive
 .text.FSUSER_CloseArchive
                0x001222c8       0x74 e:/devkitPro/libctru/lib\libctru.a(fs.o)
                0x001222c8                FSUSER_CloseArchive
 .text.FSUSER_GetSdmcArchiveResource
                0x0012233c       0x78 e:/devkitPro/libctru/lib\libctru.a(fs.o)
                0x0012233c                FSUSER_GetSdmcArchiveResource
 .text.FSUSER_IsSdmcWritable
                0x001223b4       0x64 e:/devkitPro/libctru/lib\libctru.a(fs.o)
                0x001223b4                FSUSER_IsSdmcWritable
 .text.FSFILE_Read
                0x00122418       0x5c e:/devkitPro/libctru/lib\libctru.a(fs.o)
                0x00122418                FSFILE_Read
 .text.FSFILE_Write
                0x00122474       0x64 e:/devkitPro/libctru/lib\libctru.a(fs.o)
                0x00122474                FSFILE_Write
 .text.FSFILE_GetSize
                0x001224d8       0x3c e:/devkitPro/libctru/lib\libctru.a(fs.o)
                0x001224d8                FSFILE_GetSize
 .text.FSFILE_SetSize
                0x00122514       0x2c e:/devkitPro/libctru/lib\libctru.a(fs.o)
                0x00122514                FSFILE_SetSize
 .text.FSFILE_Close
                0x00122540       0x3c e:/devkitPro/libctru/lib\libctru.a(fs.o)
                0x00122540                FSFILE_Close
 .text.FSFILE_Flush
                0x0012257c       0x24 e:/devkitPro/libctru/lib\libctru.a(fs.o)
                0x0012257c                FSFILE_Flush
 .text.FSDIR_Read
                0x001225a0       0x54 e:/devkitPro/libctru/lib\libctru.a(fs.o)
                0x001225a0                FSDIR_Read
 .text.FSDIR_Close
                0x001225f4       0x3c e:/devkitPro/libctru/lib\libctru.a(fs.o)
                0x001225f4                FSDIR_Close
 .text.gspEventThreadMain
                0x00122630      0x154 e:/devkitPro/libctru/lib\libctru.a(gspgpu.o)
 .text.gspInit  0x00122784       0x74 e:/devkitPro/libctru/lib\libctru.a(gspgpu.o)
                0x00122784                gspInit
 .text.gspExit  0x001227f8       0x3c e:/devkitPro/libctru/lib\libctru.a(gspgpu.o)
                0x001227f8                gspExit
 .text.gspSetEventCallback
                0x00122834       0x2c e:/devkitPro/libctru/lib\libctru.a(gspgpu.o)
                0x00122834                gspSetEventCallback
 .text.gspInitEventHandler
                0x00122860       0x84 e:/devkitPro/libctru/lib\libctru.a(gspgpu.o)
                0x00122860                gspInitEventHandler
 .text.gspExitEventHandler
                0x001228e4       0x30 e:/devkitPro/libctru/lib\libctru.a(gspgpu.o)
                0x001228e4                gspExitEventHandler
 .text.gspWaitForEvent
                0x00122914       0x44 e:/devkitPro/libctru/lib\libctru.a(gspgpu.o)
                0x00122914                gspWaitForEvent
 .text.gspWaitForAnyEvent
                0x00122958       0x64 e:/devkitPro/libctru/lib\libctru.a(gspgpu.o)
                0x00122958                gspWaitForAnyEvent
 .text.gspSubmitGxCommand
                0x001229bc      0x128 e:/devkitPro/libctru/lib\libctru.a(gspgpu.o)
                0x001229bc                gspSubmitGxCommand
 .text.GSPGPU_SetBufferSwap
                0x00122ae4       0x6c e:/devkitPro/libctru/lib\libctru.a(gspgpu.o)
                0x00122ae4                GSPGPU_SetBufferSwap
 .text.GSPGPU_FlushDataCache
                0x00122b50       0x4c e:/devkitPro/libctru/lib\libctru.a(gspgpu.o)
                0x00122b50                GSPGPU_FlushDataCache
 .text.GSPGPU_SetLcdForceBlack
                0x00122b9c       0x34 e:/devkitPro/libctru/lib\libctru.a(gspgpu.o)
                0x00122b9c                GSPGPU_SetLcdForceBlack
 .text.GSPGPU_RegisterInterruptRelayQueue
                0x00122bd0       0x64 e:/devkitPro/libctru/lib\libctru.a(gspgpu.o)
                0x00122bd0                GSPGPU_RegisterInterruptRelayQueue
 .text.GSPGPU_UnregisterInterruptRelayQueue
                0x00122c34       0x2c e:/devkitPro/libctru/lib\libctru.a(gspgpu.o)
                0x00122c34                GSPGPU_UnregisterInterruptRelayQueue
 .text.GSPGPU_AcquireRight
                0x00122c60       0x48 e:/devkitPro/libctru/lib\libctru.a(gspgpu.o)
                0x00122c60                GSPGPU_AcquireRight
 .text.GSPGPU_ReleaseRight
                0x00122ca8       0x2c e:/devkitPro/libctru/lib\libctru.a(gspgpu.o)
                0x00122ca8                GSPGPU_ReleaseRight
 .text.GSPGPU_ImportDisplayCaptureInfo
                0x00122cd4       0x80 e:/devkitPro/libctru/lib\libctru.a(gspgpu.o)
                0x00122cd4                GSPGPU_ImportDisplayCaptureInfo
 .text.GSPGPU_SaveVramSysArea
                0x00122d54       0x2c e:/devkitPro/libctru/lib\libctru.a(gspgpu.o)
                0x00122d54                GSPGPU_SaveVramSysArea
 .text.GSPGPU_RestoreVramSysArea
                0x00122d80       0x2c e:/devkitPro/libctru/lib\libctru.a(gspgpu.o)
                0x00122d80                GSPGPU_RestoreVramSysArea
 .text.hidExit  0x00122dac       0xd8 e:/devkitPro/libctru/lib\libctru.a(hid.o)
                0x00122dac                hidExit
 .text.hidScanInput
                0x00122e84      0x238 e:/devkitPro/libctru/lib\libctru.a(hid.o)
                0x00122e84                hidScanInput
 .text.hidKeysHeld
                0x001230bc       0x10 e:/devkitPro/libctru/lib\libctru.a(hid.o)
                0x001230bc                hidKeysHeld
 .text.hidKeysDown
                0x001230cc       0x10 e:/devkitPro/libctru/lib\libctru.a(hid.o)
                0x001230cc                hidKeysDown
 .text.hidKeysUp
                0x001230dc       0x10 e:/devkitPro/libctru/lib\libctru.a(hid.o)
                0x001230dc                hidKeysUp
 .text.hidTouchRead
                0x001230ec       0x18 e:/devkitPro/libctru/lib\libctru.a(hid.o)
                0x001230ec                hidTouchRead
 .text.hidCircleRead
                0x00123104       0x18 e:/devkitPro/libctru/lib\libctru.a(hid.o)
                0x00123104                hidCircleRead
 .text.HIDUSER_GetHandles
                0x0012311c       0x90 e:/devkitPro/libctru/lib\libctru.a(hid.o)
                0x0012311c                HIDUSER_GetHandles
 .text.hidInit  0x001231ac      0x184 e:/devkitPro/libctru/lib\libctru.a(hid.o)
                0x001231ac                hidInit
 .text.irrstScanInput
                0x00123330       0xb0 e:/devkitPro/libctru/lib\libctru.a(irrst.o)
                0x00123330                irrstScanInput
 .text.irrstKeysHeld
                0x001233e0       0x1c e:/devkitPro/libctru/lib\libctru.a(irrst.o)
                0x001233e0                irrstKeysHeld
 .text.IRRST_GetHandles
                0x001233fc       0x50 e:/devkitPro/libctru/lib\libctru.a(irrst.o)
                0x001233fc                IRRST_GetHandles
 .text.irrstInit
                0x0012344c      0x148 e:/devkitPro/libctru/lib\libctru.a(irrst.o)
                0x0012344c                irrstInit
 .text.IRRST_Shutdown
                0x00123594       0x2c e:/devkitPro/libctru/lib\libctru.a(irrst.o)
                0x00123594                IRRST_Shutdown
 .text.irrstExit
                0x001235c0       0xb0 e:/devkitPro/libctru/lib\libctru.a(irrst.o)
                0x001235c0                irrstExit
 .text.ptmSysmInit
                0x00123670       0x70 e:/devkitPro/libctru/lib\libctru.a(ptmsysm.o)
                0x00123670                ptmSysmInit
 .text.ptmSysmExit
                0x001236e0       0x34 e:/devkitPro/libctru/lib\libctru.a(ptmsysm.o)
                0x001236e0                ptmSysmExit
 .text.PTMSYSM_ConfigureNew3DSCPU
                0x00123714       0x34 e:/devkitPro/libctru/lib\libctru.a(ptmsysm.o)
                0x00123714                PTMSYSM_ConfigureNew3DSCPU
 .text.udsExit  0x00123748       0x94 e:/devkitPro/libctru/lib\libctru.a(uds.o)
                0x00123748                udsExit
 .text.udsGenerateNodeInfo
                0x001237dc       0xe4 e:/devkitPro/libctru/lib\libctru.a(uds.o)
                0x001237dc                udsGenerateNodeInfo
 .text.udsInit  0x001238c0      0x244 e:/devkitPro/libctru/lib\libctru.a(uds.o)
                0x001238c0                udsInit
 .text.udsGetNodeInfoUsername
                0x00123b04       0x28 e:/devkitPro/libctru/lib\libctru.a(uds.o)
                0x00123b04                udsGetNodeInfoUsername
 .text.udsCheckNodeInfoInitialized
                0x00123b2c       0x10 e:/devkitPro/libctru/lib\libctru.a(uds.o)
                0x00123b2c                udsCheckNodeInfoInitialized
 .text.udsGenerateDefaultNetworkStruct
                0x00123b3c       0x80 e:/devkitPro/libctru/lib\libctru.a(uds.o)
                0x00123b3c                udsGenerateDefaultNetworkStruct
 .text.udsDestroyNetwork
                0x00123bbc       0x2c e:/devkitPro/libctru/lib\libctru.a(uds.o)
                0x00123bbc                udsDestroyNetwork
 .text.udsDisconnectNetwork
                0x00123be8       0x2c e:/devkitPro/libctru/lib\libctru.a(uds.o)
                0x00123be8                udsDisconnectNetwork
 .text.udsGetConnectionStatus
                0x00123c14       0x88 e:/devkitPro/libctru/lib\libctru.a(uds.o)
                0x00123c14                udsGetConnectionStatus
 .text.udsWaitConnectionStatusEvent
                0x00123c9c       0x70 e:/devkitPro/libctru/lib\libctru.a(uds.o)
                0x00123c9c                udsWaitConnectionStatusEvent
 .text.udsGetNodeInformation
                0x00123d0c       0xa0 e:/devkitPro/libctru/lib\libctru.a(uds.o)
                0x00123d0c                udsGetNodeInformation
 .text.udsScanBeacons
                0x00123dac      0x6d0 e:/devkitPro/libctru/lib\libctru.a(uds.o)
                0x00123dac                udsScanBeacons
 .text.udsBind  0x0012447c       0xf0 e:/devkitPro/libctru/lib\libctru.a(uds.o)
                0x0012447c                udsBind
 .text.udsUnbind
                0x0012456c       0x90 e:/devkitPro/libctru/lib\libctru.a(uds.o)
                0x0012456c                udsUnbind
 .text.udsCreateNetwork
                0x001245fc      0x148 e:/devkitPro/libctru/lib\libctru.a(uds.o)
                0x001245fc                udsCreateNetwork
 .text.udsConnectNetwork
                0x00124744       0xe0 e:/devkitPro/libctru/lib\libctru.a(uds.o)
                0x00124744                udsConnectNetwork
 .text.udsPullPacket
                0x00124824       0x98 e:/devkitPro/libctru/lib\libctru.a(uds.o)
                0x00124824                udsPullPacket
 .text.udsSendTo
                0x001248bc       0x70 e:/devkitPro/libctru/lib\libctru.a(uds.o)
                0x001248bc                udsSendTo
 .text.udsGetChannel
                0x0012492c       0x40 e:/devkitPro/libctru/lib\libctru.a(uds.o)
                0x0012492c                udsGetChannel
 .text.swkbdConvertToUTF16.part.0
                0x0012496c       0x24 e:/devkitPro/libctru/lib\libctru.a(swkbd.o)
 .text.swkbdMessageCallback
                0x00124990      0x16c e:/devkitPro/libctru/lib\libctru.a(swkbd.o)
 .text.swkbdInit
                0x00124afc       0x78 e:/devkitPro/libctru/lib\libctru.a(swkbd.o)
                0x00124afc                swkbdInit
 .text.swkbdSetFeatures
                0x00124b74       0x3c e:/devkitPro/libctru/lib\libctru.a(swkbd.o)
                0x00124b74                swkbdSetFeatures
 .text.swkbdSetHintText
                0x00124bb0       0x2c e:/devkitPro/libctru/lib\libctru.a(swkbd.o)
                0x00124bb0                swkbdSetHintText
 .text.swkbdSetButton
                0x00124bdc       0x54 e:/devkitPro/libctru/lib\libctru.a(swkbd.o)
                0x00124bdc                swkbdSetButton
 .text.swkbdSetInitialText
                0x00124c30        0x8 e:/devkitPro/libctru/lib\libctru.a(swkbd.o)
                0x00124c30                swkbdSetInitialText
 .text.swkbdSetDictWord
                0x00124c38       0x78 e:/devkitPro/libctru/lib\libctru.a(swkbd.o)
                0x00124c38                swkbdSetDictWord
 .text.swkbdSetDictionary
                0x00124cb0       0x18 e:/devkitPro/libctru/lib\libctru.a(swkbd.o)
                0x00124cb0                swkbdSetDictionary
 .text.swkbdSetStatusData
                0x00124cc8       0x34 e:/devkitPro/libctru/lib\libctru.a(swkbd.o)
                0x00124cc8                swkbdSetStatusData
 .text.swkbdSetLearningData
                0x00124cfc       0x34 e:/devkitPro/libctru/lib\libctru.a(swkbd.o)
                0x00124cfc                swkbdSetLearningData
 .text.swkbdSetFilterCallback
                0x00124d30       0x14 e:/devkitPro/libctru/lib\libctru.a(swkbd.o)
                0x00124d30                swkbdSetFilterCallback
 .text.swkbdInputText
                0x00124d44      0x380 e:/devkitPro/libctru/lib\libctru.a(swkbd.o)
                0x00124d44                swkbdInputText
 .text.rbtree_find
                0x001250c4       0x70 e:/devkitPro/libctru/lib\libctru.a(rbtree_find.o)
                0x001250c4                rbtree_find
 .text.rbtree_init
                0x00125134       0x14 e:/devkitPro/libctru/lib\libctru.a(rbtree_init.o)
                0x00125134                rbtree_init
 .text.do_insert
                0x00125148      0x1d4 e:/devkitPro/libctru/lib\libctru.a(rbtree_insert.o)
 .text.rbtree_insert
                0x0012531c        0x8 e:/devkitPro/libctru/lib\libctru.a(rbtree_insert.o)
                0x0012531c                rbtree_insert
 .text.rbtree_remove
                0x00125324      0x35c e:/devkitPro/libctru/lib\libctru.a(rbtree_remove.o)
                0x00125324                rbtree_remove
 .text.rbtree_rotate
                0x00125680       0xac e:/devkitPro/libctru/lib\libctru.a(rbtree_rotate.o)
                0x00125680                rbtree_rotate
 .text.decode_utf8
                0x0012572c      0x138 e:/devkitPro/libctru/lib\libctru.a(decode_utf8.o)
                0x0012572c                decode_utf8
 .text.utf16_to_utf8
                0x00125864       0xe4 e:/devkitPro/libctru/lib\libctru.a(utf16_to_utf8.o)
                0x00125864                utf16_to_utf8
 .text.utf8_to_utf16
                0x00125948       0xbc e:/devkitPro/libctru/lib\libctru.a(utf8_to_utf16.o)
                0x00125948                utf8_to_utf16
 .text.osGetMemRegionSize
                0x00125a04       0x58 e:/devkitPro/libctru/lib\libctru.a(allocateHeaps.o)
 .text.__system_allocateHeaps
                0x00125a5c      0x104 e:/devkitPro/libctru/lib\libctru.a(allocateHeaps.o)
                0x00125a5c                __system_allocateHeaps
 .text.__system_initArgv
                0x00125b60       0xf0 e:/devkitPro/libctru/lib\libctru.a(initArgv.o)
                0x00125b60                __system_initArgv
 .text.__libctru_init
                0x00125c50       0x38 e:/devkitPro/libctru/lib\libctru.a(initSystem.o)
                0x00125c50                __libctru_init
 .text.__ctru_get_reent
                0x00125c88       0x30 e:/devkitPro/libctru/lib\libctru.a(syscalls.o)
 .text.__system_initSyscalls
                0x00125cb8       0xe4 e:/devkitPro/libctru/lib\libctru.a(syscalls.o)
                0x00125cb8                __system_initSyscalls
 .text.svcControlMemory
                0x00125d9c       0x20 e:/devkitPro/libctru/lib\libctru.a(svc.o)
                0x00125d9c                svcControlMemory
 .text.svcExitProcess
                0x00125dbc        0x8 e:/devkitPro/libctru/lib\libctru.a(svc.o)
                0x00125dbc                svcExitProcess
 .text.svcCreateThread
                0x00125dc4       0x20 e:/devkitPro/libctru/lib\libctru.a(svc.o)
                0x00125dc4                svcCreateThread
 .text.svcExitThread
                0x00125de4        0x8 e:/devkitPro/libctru/lib\libctru.a(svc.o)
                0x00125de4                svcExitThread
 .text.svcSleepThread
                0x00125dec        0x8 e:/devkitPro/libctru/lib\libctru.a(svc.o)
                0x00125dec                svcSleepThread
 .text.svcReleaseMutex
                0x00125df4        0x8 e:/devkitPro/libctru/lib\libctru.a(svc.o)
                0x00125df4                svcReleaseMutex
 .text.svcCreateEvent
                0x00125dfc       0x14 e:/devkitPro/libctru/lib\libctru.a(svc.o)
                0x00125dfc                svcCreateEvent
 .text.svcSignalEvent
                0x00125e10        0x8 e:/devkitPro/libctru/lib\libctru.a(svc.o)
                0x00125e10                svcSignalEvent
 .text.svcClearEvent
                0x00125e18        0x8 e:/devkitPro/libctru/lib\libctru.a(svc.o)
                0x00125e18                svcClearEvent
 .text.svcCreateMemoryBlock
                0x00125e20       0x18 e:/devkitPro/libctru/lib\libctru.a(svc.o)
                0x00125e20                svcCreateMemoryBlock
 .text.svcMapMemoryBlock
                0x00125e38        0x8 e:/devkitPro/libctru/lib\libctru.a(svc.o)
                0x00125e38                svcMapMemoryBlock
 .text.svcUnmapMemoryBlock
                0x00125e40        0x8 e:/devkitPro/libctru/lib\libctru.a(svc.o)
                0x00125e40                svcUnmapMemoryBlock
 .text.svcCreateAddressArbiter
                0x00125e48       0x14 e:/devkitPro/libctru/lib\libctru.a(svc.o)
                0x00125e48                svcCreateAddressArbiter
 .text.svcArbitrateAddress
                0x00125e5c       0x18 e:/devkitPro/libctru/lib\libctru.a(svc.o)
                0x00125e5c                svcArbitrateAddress
 .text.svcCloseHandle
                0x00125e74        0x8 e:/devkitPro/libctru/lib\libctru.a(svc.o)
                0x00125e74                svcCloseHandle
 .text.svcWaitSynchronization
                0x00125e7c        0x8 e:/devkitPro/libctru/lib\libctru.a(svc.o)
                0x00125e7c                svcWaitSynchronization
 .text.svcWaitSynchronizationN
                0x00125e84       0x28 e:/devkitPro/libctru/lib\libctru.a(svc.o)
                0x00125e84                svcWaitSynchronizationN
 .text.svcDuplicateHandle
                0x00125eac       0x14 e:/devkitPro/libctru/lib\libctru.a(svc.o)
                0x00125eac                svcDuplicateHandle
 .text.svcGetSystemTick
                0x00125ec0        0x8 e:/devkitPro/libctru/lib\libctru.a(svc.o)
                0x00125ec0                svcGetSystemTick
 .text.svcGetSystemInfo
                0x00125ec8       0x18 e:/devkitPro/libctru/lib\libctru.a(svc.o)
                0x00125ec8                svcGetSystemInfo
 .text.svcConnectToPort
                0x00125ee0       0x14 e:/devkitPro/libctru/lib\libctru.a(svc.o)
                0x00125ee0                svcConnectToPort
 .text.svcSendSyncRequest
                0x00125ef4        0x8 e:/devkitPro/libctru/lib\libctru.a(svc.o)
                0x00125ef4                svcSendSyncRequest
 .text.svcBreak
                0x00125efc        0x8 e:/devkitPro/libctru/lib\libctru.a(svc.o)
                0x00125efc                svcBreak
 .text.__aeabi_read_tp
                0x00125f04        0xc e:/devkitPro/libctru/lib\libctru.a(readtp.o)
                0x00125f04                __aeabi_read_tp
 .text._ZL21addrMapNodeComparatorPK11rbtree_nodeS1_
                0x00125f10       0x24 e:/devkitPro/libctru/lib\libctru.a(mappable.o)
 .text._ZL21addrMapNodeDestructorP11rbtree_node
                0x00125f34        0x4 e:/devkitPro/libctru/lib\libctru.a(mappable.o)
 .text.mappableAlloc
                0x00125f38       0xf4 e:/devkitPro/libctru/lib\libctru.a(mappable.o)
                0x00125f38                mappableAlloc
 .text.mappableFree
                0x0012602c       0x50 e:/devkitPro/libctru/lib\libctru.a(mappable.o)
                0x0012602c                mappableFree
 .text.envGetHandle
                0x0012607c       0x94 e:/devkitPro/libctru/lib\libctru.a(env.o)
                0x0012607c                envGetHandle
 .text.envDestroyHandles
                0x00126110       0x4c e:/devkitPro/libctru/lib\libctru.a(env.o)
                0x00126110                envDestroyHandles
 .text.srvExit  0x0012615c       0x50 e:/devkitPro/libctru/lib\libctru.a(srv.o)
                0x0012615c                srvExit
 .text.srvRegisterClient
                0x001261ac       0x38 e:/devkitPro/libctru/lib\libctru.a(srv.o)
                0x001261ac                srvRegisterClient
 .text.srvInit  0x001261e4       0x70 e:/devkitPro/libctru/lib\libctru.a(srv.o)
                0x001261e4                srvInit
 .text.srvGetServiceHandleDirect
                0x00126254       0x68 e:/devkitPro/libctru/lib\libctru.a(srv.o)
                0x00126254                srvGetServiceHandleDirect
 .text.srvGetServiceHandle
                0x001262bc       0x38 e:/devkitPro/libctru/lib\libctru.a(srv.o)
                0x001262bc                srvGetServiceHandle
 .text.LightLock_Unlock.part.1
                0x001262f4       0x34 e:/devkitPro/libctru/lib\libctru.a(synchronization.o)
 .text.__sync_init
                0x00126328        0xc e:/devkitPro/libctru/lib\libctru.a(synchronization.o)
                0x00126328                __sync_init
 .text.__sync_fini
                0x00126334       0x18 e:/devkitPro/libctru/lib\libctru.a(synchronization.o)
                0x00126334                __sync_fini
 .text.__sync_get_arbiter
                0x0012634c       0x10 e:/devkitPro/libctru/lib\libctru.a(synchronization.o)
                0x0012634c                __sync_get_arbiter
 .text.LightLock_Init
                0x0012635c       0x18 e:/devkitPro/libctru/lib\libctru.a(synchronization.o)
                0x0012635c                LightLock_Init
 .text.LightLock_Lock
                0x00126374       0x94 e:/devkitPro/libctru/lib\libctru.a(synchronization.o)
                0x00126374                LightLock_Lock
 .text.LightLock_TryLock
                0x00126408       0x34 e:/devkitPro/libctru/lib\libctru.a(synchronization.o)
                0x00126408                LightLock_TryLock
 .text.LightLock_Unlock
                0x0012643c       0x20 e:/devkitPro/libctru/lib\libctru.a(synchronization.o)
                0x0012643c                LightLock_Unlock
 .text.RecursiveLock_Init
                0x0012645c       0x24 e:/devkitPro/libctru/lib\libctru.a(synchronization.o)
                0x0012645c                RecursiveLock_Init
 .text.RecursiveLock_Lock
                0x00126480       0x30 e:/devkitPro/libctru/lib\libctru.a(synchronization.o)
                0x00126480                RecursiveLock_Lock
 .text.RecursiveLock_TryLock
                0x001264b0       0x58 e:/devkitPro/libctru/lib\libctru.a(synchronization.o)
                0x001264b0                RecursiveLock_TryLock
 .text.RecursiveLock_Unlock
                0x00126508       0x38 e:/devkitPro/libctru/lib\libctru.a(synchronization.o)
                0x00126508                RecursiveLock_Unlock
 .text.LightEvent_Init
                0x00126540       0x38 e:/devkitPro/libctru/lib\libctru.a(synchronization.o)
                0x00126540                LightEvent_Init
 .text.LightEvent_Clear
                0x00126578       0x7c e:/devkitPro/libctru/lib\libctru.a(synchronization.o)
                0x00126578                LightEvent_Clear
 .text.LightEvent_Signal
                0x001265f4       0xdc e:/devkitPro/libctru/lib\libctru.a(synchronization.o)
                0x001265f4                LightEvent_Signal
 .text.LightEvent_Wait
                0x001266d0       0xc8 e:/devkitPro/libctru/lib\libctru.a(synchronization.o)
                0x001266d0                LightEvent_Wait
 .text.threadCreate
                0x00126798      0x1c8 e:/devkitPro/libctru/lib\libctru.a(thread.o)
                0x00126798                threadCreate
 .text.threadJoin
                0x00126960       0x24 e:/devkitPro/libctru/lib\libctru.a(thread.o)
                0x00126960                threadJoin
 .text.threadExit
                0x00126984       0x6c e:/devkitPro/libctru/lib\libctru.a(thread.o)
                0x00126984                threadExit
 .text._thread_begin
                0x001269f0       0x40 e:/devkitPro/libctru/lib\libctru.a(thread.o)
 .text.cfguInit
                0x00126a30       0xa0 e:/devkitPro/libctru/lib\libctru.a(cfgu.o)
                0x00126a30                cfguInit
 .text.cfguExit
                0x00126ad0       0x34 e:/devkitPro/libctru/lib\libctru.a(cfgu.o)
                0x00126ad0                cfguExit
 .text.CFGU_GetConfigInfoBlk2
                0x00126b04       0x48 e:/devkitPro/libctru/lib\libctru.a(cfgu.o)
                0x00126b04                CFGU_GetConfigInfoBlk2
 .text.ndmuInit
                0x00126b4c       0x74 e:/devkitPro/libctru/lib\libctru.a(ndm.o)
                0x00126b4c                ndmuInit
 .text.ndmuExit
                0x00126bc0       0x48 e:/devkitPro/libctru/lib\libctru.a(ndm.o)
                0x00126bc0                ndmuExit
 .text.ndmuEnterExclusiveState
                0x00126c08       0x3c e:/devkitPro/libctru/lib\libctru.a(ndm.o)
                0x00126c08                ndmuEnterExclusiveState
 .text.ndmuLeaveExclusiveState
                0x00126c44       0x38 e:/devkitPro/libctru/lib\libctru.a(ndm.o)
                0x00126c44                ndmuLeaveExclusiveState
 .text.rbtree_node_next
                0x00126c7c       0x8c e:/devkitPro/libctru/lib\libctru.a(rbtree_iterator.o)
                0x00126c7c                rbtree_node_next
 .text.decode_utf16
                0x00126d08       0x60 e:/devkitPro/libctru/lib\libctru.a(decode_utf16.o)
                0x00126d08                decode_utf16
 .text.encode_utf16
                0x00126d68       0x68 e:/devkitPro/libctru/lib\libctru.a(encode_utf16.o)
                0x00126d68                encode_utf16
 .text.encode_utf8
                0x00126dd0      0x104 e:/devkitPro/libctru/lib\libctru.a(encode_utf8.o)
                0x00126dd0                encode_utf8
 .text.__appExit
                0x00126ed4       0x1c e:/devkitPro/libctru/lib\libctru.a(appExit.o)
                0x00126ed4                __appExit
 .text.__appInit
                0x00126ef0       0x1c e:/devkitPro/libctru/lib\libctru.a(appInit.o)
                0x00126ef0                __appInit
 .text.__libctru_exit
                0x00126f0c       0xa4 e:/devkitPro/libctru/lib\libctru.a(ctru_exit.o)
                0x00126f0c                __libctru_exit
 .text.bsearch  0x00126fb0       0x78 e:/devkitpro/devkitarm/bin/../lib/gcc/arm-none-eabi/5.3.0/../../../../arm-none-eabi/lib/armv6k/fpu\libg.a(lib_a-bsearch.o)
                0x00126fb0                bsearch
 .text.calloc   0x00127028       0x20 e:/devkitpro/devkitarm/bin/../lib/gcc/arm-none-eabi/5.3.0/../../../../arm-none-eabi/lib/armv6k/fpu\libg.a(lib_a-calloc.o)
                0x00127028                calloc
 .text._calloc_r
                0x00127048       0x90 e:/devkitpro/devkitarm/bin/../lib/gcc/arm-none-eabi/5.3.0/../../../../arm-none-eabi/lib/armv6k/fpu\libg.a(lib_a-callocr.o)
                0x00127048                _calloc_r
 .text.__errno  0x001270d8        0xc e:/devkitpro/devkitarm/bin/../lib/gcc/arm-none-eabi/5.3.0/../../../../arm-none-eabi/lib/armv6k/fpu\libg.a(lib_a-errno.o)
                0x001270d8                __errno
 .text._fclose_r
                0x001270e4      0x120 e:/devkitpro/devkitarm/bin/../lib/gcc/arm-none-eabi/5.3.0/../../../../arm-none-eabi/lib/armv6k/fpu\libg.a(lib_a-fclose.o)
                0x001270e4                _fclose_r
 .text.fclose   0x00127204       0x18 e:/devkitpro/devkitarm/bin/../lib/gcc/arm-none-eabi/5.3.0/../../../../arm-none-eabi/lib/armv6k/fpu\libg.a(lib_a-fclose.o)
                0x00127204                fclose
 .text.__sflush_r
                0x0012721c      0x230 e:/devkitpro/devkitarm/bin/../lib/gcc/arm-none-eabi/5.3.0/../../../../arm-none-eabi/lib/armv6k/fpu\libg.a(lib_a-fflush.o)
                0x0012721c                __sflush_r
 .text._fflush_r
                0x0012744c       0x90 e:/devkitpro/devkitarm/bin/../lib/gcc/arm-none-eabi/5.3.0/../../../../arm-none-eabi/lib/armv6k/fpu\libg.a(lib_a-fflush.o)
                0x0012744c                _fflush_r
 .text.fflush   0x001274dc       0x38 e:/devkitpro/devkitarm/bin/../lib/gcc/arm-none-eabi/5.3.0/../../../../arm-none-eabi/lib/armv6k/fpu\libg.a(lib_a-fflush.o)
                0x001274dc                fflush
 .text._cleanup_r
                0x00127514        0xc e:/devkitpro/devkitarm/bin/../lib/gcc/arm-none-eabi/5.3.0/../../../../arm-none-eabi/lib/armv6k/fpu\libg.a(lib_a-findfp.o)
                0x00127514                _cleanup_r
 .text.std.isra.0
                0x00127520       0x80 e:/devkitpro/devkitarm/bin/../lib/gcc/arm-none-eabi/5.3.0/../../../../arm-none-eabi/lib/armv6k/fpu\libg.a(lib_a-findfp.o)
 .text.__sfmoreglue
                0x001275a0       0x48 e:/devkitpro/devkitarm/bin/../lib/gcc/arm-none-eabi/5.3.0/../../../../arm-none-eabi/lib/armv6k/fpu\libg.a(lib_a-findfp.o)
                0x001275a0                __sfmoreglue
 .text.__sinit  0x001275e8       0x8c e:/devkitpro/devkitarm/bin/../lib/gcc/arm-none-eabi/5.3.0/../../../../arm-none-eabi/lib/armv6k/fpu\libg.a(lib_a-findfp.o)
                0x001275e8                __sinit
 .text.__sfp    0x00127674      0x11c e:/devkitpro/devkitarm/bin/../lib/gcc/arm-none-eabi/5.3.0/../../../../arm-none-eabi/lib/armv6k/fpu\libg.a(lib_a-findfp.o)
                0x00127674                __sfp
 .text.__sfp_lock_acquire
                0x00127790        0xc e:/devkitpro/devkitarm/bin/../lib/gcc/arm-none-eabi/5.3.0/../../../../arm-none-eabi/lib/armv6k/fpu\libg.a(lib_a-findfp.o)
                0x00127790                __sfp_lock_acquire
 .text.__sfp_lock_release
                0x0012779c        0xc e:/devkitpro/devkitarm/bin/../lib/gcc/arm-none-eabi/5.3.0/../../../../arm-none-eabi/lib/armv6k/fpu\libg.a(lib_a-findfp.o)
                0x0012779c                __sfp_lock_release
 .text.__libc_fini_array
                0x001277a8       0x3c e:/devkitpro/devkitarm/bin/../lib/gcc/arm-none-eabi/5.3.0/../../../../arm-none-eabi/lib/armv6k/fpu\libg.a(lib_a-fini.o)
                0x001277a8                __libc_fini_array
 .text._fopen_r
                0x001277e4      0x13c e:/devkitpro/devkitarm/bin/../lib/gcc/arm-none-eabi/5.3.0/../../../../arm-none-eabi/lib/armv6k/fpu\libg.a(lib_a-fopen.o)
                0x001277e4                _fopen_r
 .text.fopen    0x00127920       0x20 e:/devkitpro/devkitarm/bin/../lib/gcc/arm-none-eabi/5.3.0/../../../../arm-none-eabi/lib/armv6k/fpu\libg.a(lib_a-fopen.o)
                0x00127920                fopen
 .text._malloc_trim_r
                0x00127940       0xf8 e:/devkitpro/devkitarm/bin/../lib/gcc/arm-none-eabi/5.3.0/../../../../arm-none-eabi/lib/armv6k/fpu\libg.a(lib_a-freer.o)
                0x00127940                _malloc_trim_r
 .text._free_r  0x00127a38      0x2e4 e:/devkitpro/devkitarm/bin/../lib/gcc/arm-none-eabi/5.3.0/../../../../arm-none-eabi/lib/armv6k/fpu\libg.a(lib_a-freer.o)
                0x00127a38                _free_r
 .text._fseek_r
                0x00127d1c        0x4 e:/devkitpro/devkitarm/bin/../lib/gcc/arm-none-eabi/5.3.0/../../../../arm-none-eabi/lib/armv6k/fpu\libg.a(lib_a-fseek.o)
                0x00127d1c                _fseek_r
 .text._fseeko_r
                0x00127d20      0x4f8 e:/devkitpro/devkitarm/bin/../lib/gcc/arm-none-eabi/5.3.0/../../../../arm-none-eabi/lib/armv6k/fpu\libg.a(lib_a-fseeko.o)
                0x00127d20                _fseeko_r
 .text._fwalk   0x00128218       0x78 e:/devkitpro/devkitarm/bin/../lib/gcc/arm-none-eabi/5.3.0/../../../../arm-none-eabi/lib/armv6k/fpu\libg.a(lib_a-fwalk.o)
                0x00128218                _fwalk
 .text._fwalk_reent
                0x00128290       0x80 e:/devkitpro/devkitarm/bin/../lib/gcc/arm-none-eabi/5.3.0/../../../../arm-none-eabi/lib/armv6k/fpu\libg.a(lib_a-fwalk.o)
                0x00128290                _fwalk_reent
 .text.__libc_init_array
                0x00128310       0x78 e:/devkitpro/devkitarm/bin/../lib/gcc/arm-none-eabi/5.3.0/../../../../arm-none-eabi/lib/armv6k/fpu\libg.a(lib_a-init.o)
                0x00128310                __libc_init_array
 .text.__smakebuf_r
                0x00128388      0x160 e:/devkitpro/devkitarm/bin/../lib/gcc/arm-none-eabi/5.3.0/../../../../arm-none-eabi/lib/armv6k/fpu\libg.a(lib_a-makebuf.o)
                0x00128388                __smakebuf_r
 .text.memalign
                0x001284e8       0x20 e:/devkitpro/devkitarm/bin/../lib/gcc/arm-none-eabi/5.3.0/../../../../arm-none-eabi/lib/armv6k/fpu\libg.a(lib_a-malign.o)
                0x001284e8                memalign
 .text._memalign_r
                0x00128508      0x15c e:/devkitpro/devkitarm/bin/../lib/gcc/arm-none-eabi/5.3.0/../../../../arm-none-eabi/lib/armv6k/fpu\libg.a(lib_a-malignr.o)
                0x00128508                _memalign_r
 .text.malloc   0x00128664       0x18 e:/devkitpro/devkitarm/bin/../lib/gcc/arm-none-eabi/5.3.0/../../../../arm-none-eabi/lib/armv6k/fpu\libg.a(lib_a-malloc.o)
                0x00128664                malloc
 .text.free     0x0012867c       0x18 e:/devkitpro/devkitarm/bin/../lib/gcc/arm-none-eabi/5.3.0/../../../../arm-none-eabi/lib/armv6k/fpu\libg.a(lib_a-malloc.o)
                0x0012867c                free
 .text._malloc_r
                0x00128694      0x7a8 e:/devkitpro/devkitarm/bin/../lib/gcc/arm-none-eabi/5.3.0/../../../../arm-none-eabi/lib/armv6k/fpu\libg.a(lib_a-mallocr.o)
                0x00128694                _malloc_r
 .text.memcmp   0x00128e3c       0xa8 e:/devkitpro/devkitarm/bin/../lib/gcc/arm-none-eabi/5.3.0/../../../../arm-none-eabi/lib/armv6k/fpu\libg.a(lib_a-memcmp.o)
                0x00128e3c                memcmp
 .text.memcpy   0x00128ee4       0xf0 e:/devkitpro/devkitarm/bin/../lib/gcc/arm-none-eabi/5.3.0/../../../../arm-none-eabi/lib/armv6k/fpu\libg.a(lib_a-memcpy.o)
                0x00128ee4                memcpy
 .text.memset   0x00128fd4       0xf4 e:/devkitpro/devkitarm/bin/../lib/gcc/arm-none-eabi/5.3.0/../../../../arm-none-eabi/lib/armv6k/fpu\libg.a(lib_a-memset.o)
                0x00128fd4                memset
 .text.__malloc_lock
                0x001290c8        0xc e:/devkitpro/devkitarm/bin/../lib/gcc/arm-none-eabi/5.3.0/../../../../arm-none-eabi/lib/armv6k/fpu\libg.a(lib_a-mlock.o)
                0x001290c8                __malloc_lock
 .text.__malloc_unlock
                0x001290d4        0xc e:/devkitpro/devkitarm/bin/../lib/gcc/arm-none-eabi/5.3.0/../../../../arm-none-eabi/lib/armv6k/fpu\libg.a(lib_a-mlock.o)
                0x001290d4                __malloc_unlock
 .text.mallinfo
                0x001290e0       0x20 e:/devkitpro/devkitarm/bin/../lib/gcc/arm-none-eabi/5.3.0/../../../../arm-none-eabi/lib/armv6k/fpu\libg.a(lib_a-mstats.o)
                0x001290e0                mallinfo
 .text.srand    0x00129100       0x1c e:/devkitpro/devkitarm/bin/../lib/gcc/arm-none-eabi/5.3.0/../../../../arm-none-eabi/lib/armv6k/fpu\libg.a(lib_a-rand.o)
                0x00129100                srand
 .text.rand     0x0012911c       0x44 e:/devkitpro/devkitarm/bin/../lib/gcc/arm-none-eabi/5.3.0/../../../../arm-none-eabi/lib/armv6k/fpu\libg.a(lib_a-rand.o)
                0x0012911c                rand
 .text.realloc  0x00129160       0x20 e:/devkitpro/devkitarm/bin/../lib/gcc/arm-none-eabi/5.3.0/../../../../arm-none-eabi/lib/armv6k/fpu\libg.a(lib_a-realloc.o)
                0x00129160                realloc
 .text._realloc_r
                0x00129180      0x4c0 e:/devkitpro/devkitarm/bin/../lib/gcc/arm-none-eabi/5.3.0/../../../../arm-none-eabi/lib/armv6k/fpu\libg.a(lib_a-reallocr.o)
                0x00129180                _realloc_r
 .text.lflush   0x00129640       0x1c e:/devkitpro/devkitarm/bin/../lib/gcc/arm-none-eabi/5.3.0/../../../../arm-none-eabi/lib/armv6k/fpu\libg.a(lib_a-refill.o)
 .text.__srefill_r
                0x0012965c      0x1d8 e:/devkitpro/devkitarm/bin/../lib/gcc/arm-none-eabi/5.3.0/../../../../arm-none-eabi/lib/armv6k/fpu\libg.a(lib_a-refill.o)
                0x0012965c                __srefill_r
 .text.snprintf
                0x00129834       0xe0 e:/devkitpro/devkitarm/bin/../lib/gcc/arm-none-eabi/5.3.0/../../../../arm-none-eabi/lib/armv6k/fpu\libg.a(lib_a-snprintf.o)
                0x00129834                snprintf
 .text.sscanf   0x00129914       0x74 e:/devkitpro/devkitarm/bin/../lib/gcc/arm-none-eabi/5.3.0/../../../../arm-none-eabi/lib/armv6k/fpu\libg.a(lib_a-sscanf.o)
                0x00129914                sscanf
 .text.__sread  0x00129988       0x30 e:/devkitpro/devkitarm/bin/../lib/gcc/arm-none-eabi/5.3.0/../../../../arm-none-eabi/lib/armv6k/fpu\libg.a(lib_a-stdio.o)
                0x00129988                __sread
 .text.__seofread
                0x001299b8        0x8 e:/devkitpro/devkitarm/bin/../lib/gcc/arm-none-eabi/5.3.0/../../../../arm-none-eabi/lib/armv6k/fpu\libg.a(lib_a-stdio.o)
                0x001299b8                __seofread
 .text.__swrite
                0x001299c0       0x54 e:/devkitpro/devkitarm/bin/../lib/gcc/arm-none-eabi/5.3.0/../../../../arm-none-eabi/lib/armv6k/fpu\libg.a(lib_a-stdio.o)
                0x001299c0                __swrite
 .text.__sseek  0x00129a14       0x2c e:/devkitpro/devkitarm/bin/../lib/gcc/arm-none-eabi/5.3.0/../../../../arm-none-eabi/lib/armv6k/fpu\libg.a(lib_a-stdio.o)
                0x00129a14                __sseek
 .text.__sclose
                0x00129a40        0x8 e:/devkitpro/devkitarm/bin/../lib/gcc/arm-none-eabi/5.3.0/../../../../arm-none-eabi/lib/armv6k/fpu\libg.a(lib_a-stdio.o)
                0x00129a40                __sclose
 .text.stpcpy   0x00129a48       0x80 e:/devkitpro/devkitarm/bin/../lib/gcc/arm-none-eabi/5.3.0/../../../../arm-none-eabi/lib/armv6k/fpu\libg.a(lib_a-stpcpy.o)
                0x00129a48                stpcpy
 .text.strcat   0x00129ac8       0x80 e:/devkitpro/devkitarm/bin/../lib/gcc/arm-none-eabi/5.3.0/../../../../arm-none-eabi/lib/armv6k/fpu\libg.a(lib_a-strcat.o)
                0x00129ac8                strcat
 .text.strchr   0x00129b48      0x15c e:/devkitpro/devkitarm/bin/../lib/gcc/arm-none-eabi/5.3.0/../../../../arm-none-eabi/lib/armv6k/fpu\libg.a(lib_a-strchr.o)
                0x00129b48                strchr
 .text.strcpy   0x00129ca4       0xf0 e:/devkitpro/devkitarm/bin/../lib/gcc/arm-none-eabi/5.3.0/../../../../arm-none-eabi/lib/armv6k/fpu\libg.a(lib_a-strcpy.o)
                0x00129ca4                strcpy
 .text.strlen   0x00129d94       0x5c e:/devkitpro/devkitarm/bin/../lib/gcc/arm-none-eabi/5.3.0/../../../../arm-none-eabi/lib/armv6k/fpu\libg.a(lib_a-strlen.o)
                0x00129d94                strlen
 .text.strncat  0x00129df0       0xa4 e:/devkitpro/devkitarm/bin/../lib/gcc/arm-none-eabi/5.3.0/../../../../arm-none-eabi/lib/armv6k/fpu\libg.a(lib_a-strncat.o)
                0x00129df0                strncat
 .text.strncpy  0x00129e94       0xe0 e:/devkitpro/devkitarm/bin/../lib/gcc/arm-none-eabi/5.3.0/../../../../arm-none-eabi/lib/armv6k/fpu\libg.a(lib_a-strncpy.o)
                0x00129e94                strncpy
 .text.critical_factorization
                0x00129f74      0x118 e:/devkitpro/devkitarm/bin/../lib/gcc/arm-none-eabi/5.3.0/../../../../arm-none-eabi/lib/armv6k/fpu\libg.a(lib_a-strstr.o)
 .text.two_way_long_needle
                0x0012a08c      0x38c e:/devkitpro/devkitarm/bin/../lib/gcc/arm-none-eabi/5.3.0/../../../../arm-none-eabi/lib/armv6k/fpu\libg.a(lib_a-strstr.o)
 .text.strstr   0x0012a418      0x36c e:/devkitpro/devkitarm/bin/../lib/gcc/arm-none-eabi/5.3.0/../../../../arm-none-eabi/lib/armv6k/fpu\libg.a(lib_a-strstr.o)
                0x0012a418                strstr
 .text.get_arg  0x0012a784     0x161c e:/devkitpro/devkitarm/bin/../lib/gcc/arm-none-eabi/5.3.0/../../../../arm-none-eabi/lib/armv6k/fpu\libg.a(lib_a-svfprintf.o)
 .text._svfprintf_r
                0x0012bda0     0x4a00 e:/devkitpro/devkitarm/bin/../lib/gcc/arm-none-eabi/5.3.0/../../../../arm-none-eabi/lib/armv6k/fpu\libg.a(lib_a-svfprintf.o)
                0x0012bda0                _svfprintf_r
 .text.__ssvfscanf_r
                0x001307a0     0x2c20 e:/devkitpro/devkitarm/bin/../lib/gcc/arm-none-eabi/5.3.0/../../../../arm-none-eabi/lib/armv6k/fpu\libg.a(lib_a-svfscanf.o)
                0x001307a0                __ssvfscanf_r
 .text.time     0x001333c0       0x40 e:/devkitpro/devkitarm/bin/../lib/gcc/arm-none-eabi/5.3.0/../../../../arm-none-eabi/lib/armv6k/fpu\libg.a(lib_a-time.o)
                0x001333c0                time
 .text._wcrtomb_r
                0x00133400       0x8c e:/devkitpro/devkitarm/bin/../lib/gcc/arm-none-eabi/5.3.0/../../../../arm-none-eabi/lib/armv6k/fpu\libg.a(lib_a-wcrtomb.o)
                0x00133400                _wcrtomb_r
 .text._wcsrtombs_r
                0x0013348c       0x20 e:/devkitpro/devkitarm/bin/../lib/gcc/arm-none-eabi/5.3.0/../../../../arm-none-eabi/lib/armv6k/fpu\libg.a(lib_a-wcsrtombs.o)
                0x0013348c                _wcsrtombs_r
 .text.__utf8_wctomb
                0x001334ac      0x114 e:/devkitpro/devkitarm/bin/../lib/gcc/arm-none-eabi/5.3.0/../../../../arm-none-eabi/lib/armv6k/fpu\libg.a(lib_a-wctomb_r.o)
                0x001334ac                __utf8_wctomb
 .text.quorem   0x001335c0      0x1bc e:/devkitpro/devkitarm/bin/../lib/gcc/arm-none-eabi/5.3.0/../../../../arm-none-eabi/lib/armv6k/fpu\libg.a(lib_a-dtoa.o)
 *fill*         0x0013377c        0x4 
 .text._dtoa_r  0x00133780     0x12c8 e:/devkitpro/devkitarm/bin/../lib/gcc/arm-none-eabi/5.3.0/../../../../arm-none-eabi/lib/armv6k/fpu\libg.a(lib_a-dtoa.o)
                0x00133780                _dtoa_r
 .text.__sflags
                0x00134a48       0xb0 e:/devkitpro/devkitarm/bin/../lib/gcc/arm-none-eabi/5.3.0/../../../../arm-none-eabi/lib/armv6k/fpu\libg.a(lib_a-flags.o)
                0x00134a48                __sflags
 .text.iswspace
                0x00134af8       0x74 e:/devkitpro/devkitarm/bin/../lib/gcc/arm-none-eabi/5.3.0/../../../../arm-none-eabi/lib/armv6k/fpu\libg.a(lib_a-iswspace.o)
                0x00134af8                iswspace
 .text.__jp2uc  0x00134b6c      0x204 e:/devkitpro/devkitarm/bin/../lib/gcc/arm-none-eabi/5.3.0/../../../../arm-none-eabi/lib/armv6k/fpu\libg.a(lib_a-jp2uc.o)
 .text._jp2uc   0x00134d70       0x84 e:/devkitpro/devkitarm/bin/../lib/gcc/arm-none-eabi/5.3.0/../../../../arm-none-eabi/lib/armv6k/fpu\libg.a(lib_a-jp2uc.o)
                0x00134d70                _jp2uc
 .text.__locale_charset
                0x00134df4        0xc e:/devkitpro/devkitarm/bin/../lib/gcc/arm-none-eabi/5.3.0/../../../../arm-none-eabi/lib/armv6k/fpu\libg.a(lib_a-locale.o)
                0x00134df4                __locale_charset
 .text.__locale_mb_cur_max
                0x00134e00       0x10 e:/devkitpro/devkitarm/bin/../lib/gcc/arm-none-eabi/5.3.0/../../../../arm-none-eabi/lib/armv6k/fpu\libg.a(lib_a-locale.o)
                0x00134e00                __locale_mb_cur_max
 .text._localeconv_r
                0x00134e10        0xc e:/devkitpro/devkitarm/bin/../lib/gcc/arm-none-eabi/5.3.0/../../../../arm-none-eabi/lib/armv6k/fpu\libg.a(lib_a-locale.o)
                0x00134e10                _localeconv_r
 .text.__malloc_update_mallinfo
                0x00134e1c       0x88 e:/devkitpro/devkitarm/bin/../lib/gcc/arm-none-eabi/5.3.0/../../../../arm-none-eabi/lib/armv6k/fpu\libg.a(lib_a-mallinfor.o)
                0x00134e1c                __malloc_update_mallinfo
 .text._mallinfo_r
                0x00134ea4       0x4c e:/devkitpro/devkitarm/bin/../lib/gcc/arm-none-eabi/5.3.0/../../../../arm-none-eabi/lib/armv6k/fpu\libg.a(lib_a-mallinfor.o)
                0x00134ea4                _mallinfo_r
 .text._mbrtowc_r
                0x00134ef0       0x98 e:/devkitpro/devkitarm/bin/../lib/gcc/arm-none-eabi/5.3.0/../../../../arm-none-eabi/lib/armv6k/fpu\libg.a(lib_a-mbrtowc.o)
                0x00134ef0                _mbrtowc_r
 .text.__utf8_mbtowc
                0x00134f88      0x2fc e:/devkitpro/devkitarm/bin/../lib/gcc/arm-none-eabi/5.3.0/../../../../arm-none-eabi/lib/armv6k/fpu\libg.a(lib_a-mbtowc_r.o)
                0x00134f88                __utf8_mbtowc
 .text.memchr   0x00135284      0x100 e:/devkitpro/devkitarm/bin/../lib/gcc/arm-none-eabi/5.3.0/../../../../arm-none-eabi/lib/armv6k/fpu\libg.a(lib_a-memchr.o)
                0x00135284                memchr
 .text.memmove  0x00135384      0x128 e:/devkitpro/devkitarm/bin/../lib/gcc/arm-none-eabi/5.3.0/../../../../arm-none-eabi/lib/armv6k/fpu\libg.a(lib_a-memmove.o)
                0x00135384                memmove
 .text._Balloc  0x001354ac       0x8c e:/devkitpro/devkitarm/bin/../lib/gcc/arm-none-eabi/5.3.0/../../../../arm-none-eabi/lib/armv6k/fpu\libg.a(lib_a-mprec.o)
                0x001354ac                _Balloc
 .text._Bfree   0x00135538       0x1c e:/devkitpro/devkitarm/bin/../lib/gcc/arm-none-eabi/5.3.0/../../../../arm-none-eabi/lib/armv6k/fpu\libg.a(lib_a-mprec.o)
                0x00135538                _Bfree
 .text.__multadd
                0x00135554       0xd0 e:/devkitpro/devkitarm/bin/../lib/gcc/arm-none-eabi/5.3.0/../../../../arm-none-eabi/lib/armv6k/fpu\libg.a(lib_a-mprec.o)
                0x00135554                __multadd
 .text.__s2b    0x00135624       0xe4 e:/devkitpro/devkitarm/bin/../lib/gcc/arm-none-eabi/5.3.0/../../../../arm-none-eabi/lib/armv6k/fpu\libg.a(lib_a-mprec.o)
                0x00135624                __s2b
 .text.__hi0bits
                0x00135708       0x5c e:/devkitpro/devkitarm/bin/../lib/gcc/arm-none-eabi/5.3.0/../../../../arm-none-eabi/lib/armv6k/fpu\libg.a(lib_a-mprec.o)
                0x00135708                __hi0bits
 .text.__lo0bits
                0x00135764       0x98 e:/devkitpro/devkitarm/bin/../lib/gcc/arm-none-eabi/5.3.0/../../../../arm-none-eabi/lib/armv6k/fpu\libg.a(lib_a-mprec.o)
                0x00135764                __lo0bits
 .text.__i2b    0x001357fc       0x20 e:/devkitpro/devkitarm/bin/../lib/gcc/arm-none-eabi/5.3.0/../../../../arm-none-eabi/lib/armv6k/fpu\libg.a(lib_a-mprec.o)
                0x001357fc                __i2b
 .text.__multiply
                0x0013581c      0x1dc e:/devkitpro/devkitarm/bin/../lib/gcc/arm-none-eabi/5.3.0/../../../../arm-none-eabi/lib/armv6k/fpu\libg.a(lib_a-mprec.o)
                0x0013581c                __multiply
 .text.__pow5mult
                0x001359f8      0x100 e:/devkitpro/devkitarm/bin/../lib/gcc/arm-none-eabi/5.3.0/../../../../arm-none-eabi/lib/armv6k/fpu\libg.a(lib_a-mprec.o)
                0x001359f8                __pow5mult
 .text.__lshift
                0x00135af8       0xf0 e:/devkitpro/devkitarm/bin/../lib/gcc/arm-none-eabi/5.3.0/../../../../arm-none-eabi/lib/armv6k/fpu\libg.a(lib_a-mprec.o)
                0x00135af8                __lshift
 .text.__mcmp   0x00135be8       0x64 e:/devkitpro/devkitarm/bin/../lib/gcc/arm-none-eabi/5.3.0/../../../../arm-none-eabi/lib/armv6k/fpu\libg.a(lib_a-mprec.o)
                0x00135be8                __mcmp
 .text.__mdiff  0x00135c4c      0x198 e:/devkitpro/devkitarm/bin/../lib/gcc/arm-none-eabi/5.3.0/../../../../arm-none-eabi/lib/armv6k/fpu\libg.a(lib_a-mprec.o)
                0x00135c4c                __mdiff
 .text.__ulp    0x00135de4       0x78 e:/devkitpro/devkitarm/bin/../lib/gcc/arm-none-eabi/5.3.0/../../../../arm-none-eabi/lib/armv6k/fpu\libg.a(lib_a-mprec.o)
                0x00135de4                __ulp
 .text.__b2d    0x00135e5c       0xd4 e:/devkitpro/devkitarm/bin/../lib/gcc/arm-none-eabi/5.3.0/../../../../arm-none-eabi/lib/armv6k/fpu\libg.a(lib_a-mprec.o)
                0x00135e5c                __b2d