Archive member included to satisfy reference by file (symbol)

e:/devkitPro/libctru/lib\libcitro3d.a(attribs.o)
                              main.o (AttrInfo_Init)
e:/devkitPro/libctru/lib\libcitro3d.a(base.o)
                              e:/devkitPro/libctru/lib\libcitro3d.a(attribs.o) (__C3D_Context)
e:/devkitPro/libctru/lib\libcitro3d.a(buffers.o)
                              main.o (BufInfo_Init)
e:/devkitPro/libctru/lib\libcitro3d.a(drawArrays.o)
                              main.o (C3D_DrawArrays)
e:/devkitPro/libctru/lib\libcitro3d.a(effect.o)
                              e:/devkitPro/libctru/lib\libcitro3d.a(base.o) (C3D_DepthMap)
e:/devkitPro/libctru/lib\libcitro3d.a(immediate.o)
                              main.o (C3D_ImmDrawBegin)
e:/devkitPro/libctru/lib\libcitro3d.a(renderbuffer.o)
                              e:/devkitPro/libctru/lib\libcitro3d.a(base.o) (C3Di_RenderBufBind)
e:/devkitPro/libctru/lib\libcitro3d.a(renderqueue.o)
                              main.o (C3D_FrameBegin)
e:/devkitPro/libctru/lib\libcitro3d.a(texenv.o)
                              e:/devkitPro/libctru/lib\libcitro3d.a(base.o) (TexEnv_Init)
e:/devkitPro/libctru/lib\libcitro3d.a(texture.o)
                              main.o (C3D_TexInit)
e:/devkitPro/libctru/lib\libcitro3d.a(uniforms.o)
                              e:/devkitPro/libctru/lib\libcitro3d.a(base.o) (C3D_UpdateUniforms)
e:/devkitPro/libctru/lib\libcitro3d.a(mtx_orthotilt.o)
                              main.o (Mtx_OrthoTilt)
e:/devkitPro/libctru/lib\libctru.a(linear.o)
                              main.o (linearAlloc)
e:/devkitPro/libctru/lib\libctru.a(mem_pool.o)
                              e:/devkitPro/libctru/lib\libctru.a(linear.o) (MemPool::Allocate(MemChunk&, unsigned long, int))
e:/devkitPro/libctru/lib\libctru.a(vram.o)
                              e:/devkitPro/libctru/lib\libcitro3d.a(texture.o) (vramAlloc)
e:/devkitPro/libctru/lib\libctru.a(font.o)
                              main.o (fontEnsureMapped)
e:/devkitPro/libctru/lib\libctru.a(gfx.o)
                              e:/devkitPro/libctru/lib\libcitro3d.a(renderqueue.o) (gfxIs3D)
e:/devkitPro/libctru/lib\libctru.a(os.o)
                              e:/devkitPro/libctru/lib\libcitro3d.a(base.o) (osConvertVirtToPhys)
e:/devkitPro/libctru/lib\libctru.a(sdmc_dev.o)
                              main.o (sdmcInit)
e:/devkitPro/libctru/lib\libctru.a(gpu.o)
                              e:/devkitPro/libctru/lib\libcitro3d.a(base.o) (GPUCMD_SetBuffer)
e:/devkitPro/libctru/lib\libctru.a(gx.o)
                              e:/devkitPro/libctru/lib\libctru.a(gfx.o) (gxCmdBuf)
e:/devkitPro/libctru/lib\libctru.a(shaderProgram.o)
                              main.o (shaderInstanceGetUniformLocation)
e:/devkitPro/libctru/lib\libctru.a(shbin.o)
                              main.o (DVLB_Free)
e:/devkitPro/libctru/lib\libctru.a(apt.o)
                              e:/devkitPro/libctru/lib\libcitro3d.a(base.o) (aptHook)
e:/devkitPro/libctru/lib\libctru.a(dsp.o)
                              main.o (DSP_FlushDataCache)
e:/devkitPro/libctru/lib\libctru.a(fs.o)
                              e:/devkitPro/libctru/lib\libctru.a(sdmc_dev.o) (fsExemptFromSession)
e:/devkitPro/libctru/lib\libctru.a(gspgpu.o)
                              e:/devkitPro/libctru/lib\libctru.a(gfx.o) (gspInit)
e:/devkitPro/libctru/lib\libctru.a(hid.o)
                              main.o (hidScanInput)
e:/devkitPro/libctru/lib\libctru.a(irrst.o)
                              e:/devkitPro/libctru/lib\libctru.a(hid.o) (irrstScanInput)
e:/devkitPro/libctru/lib\libctru.a(ptmsysm.o)
                              e:/devkitPro/libctru/lib\libctru.a(os.o) (ptmSysmInit)
e:/devkitPro/libctru/lib\libctru.a(uds.o)
                              main.o (udsExit)
e:/devkitPro/libctru/lib\libctru.a(swkbd.o)
                              main.o (swkbdInit)
e:/devkitPro/libctru/lib\libctru.a(rbtree_find.o)
                              e:/devkitPro/libctru/lib\libctru.a(linear.o) (rbtree_find)
e:/devkitPro/libctru/lib\libctru.a(rbtree_init.o)
                              e:/devkitPro/libctru/lib\libctru.a(linear.o) (rbtree_init)
e:/devkitPro/libctru/lib\libctru.a(rbtree_insert.o)
                              e:/devkitPro/libctru/lib\libctru.a(linear.o) (rbtree_insert)
e:/devkitPro/libctru/lib\libctru.a(rbtree_remove.o)
                              e:/devkitPro/libctru/lib\libctru.a(linear.o) (rbtree_remove)
e:/devkitPro/libctru/lib\libctru.a(rbtree_rotate.o)
                              e:/devkitPro/libctru/lib\libctru.a(rbtree_insert.o) (rbtree_rotate)
e:/devkitPro/libctru/lib\libctru.a(decode_utf8.o)
                              main.o (decode_utf8)
e:/devkitPro/libctru/lib\libctru.a(utf16_to_utf8.o)
                              e:/devkitPro/libctru/lib\libctru.a(sdmc_dev.o) (utf16_to_utf8)
e:/devkitPro/libctru/lib\libctru.a(utf8_to_utf16.o)
                              main.o (utf8_to_utf16)
[...]
Memory Configuration

Name             Origin             Length             Attributes
*default*        0x00000000         0xffffffff

Linker script and memory map

                0x00100000                . = 0x100000
                0x00100000                __start__ = .

.text           0x00100000    0x392fc
 *(.crt0)
 .crt0          0x00100000       0x94 e:/devkitpro/devkitarm/bin/../lib/gcc/arm-none-eabi/5.3.0/../../../../arm-none-eabi/lib/armv6k/fpu/3dsx_crt0.o
                0x00100000                _start
                0x00100008                __service_ptr
                0x0010000c                __apt_appid
                0x00100010                __heap_size
                0x00100014                __linear_heap_size
                0x00100018                __system_arglist
                0x0010001c                __system_runflags
 *(.init)
 .init          0x00100094        0xc e:/devkitpro/devkitarm/bin/../lib/gcc/arm-none-eabi/5.3.0/armv6k/fpu/crti.o
                0x00100094                _init
 .init          0x001000a0        0xc e:/devkitpro/devkitarm/bin/../lib/gcc/arm-none-eabi/5.3.0/armv6k/fpu/crtn.o
                0x001000ac                . = ALIGN (0x4)
 *(.text)
 .text          0x001000ac      0x108 e:/devkitpro/devkitarm/bin/../lib/gcc/arm-none-eabi/5.3.0/armv6k/fpu/crtbegin.o
 .text          0x001001b4       0x64 e:/devkitPro/libctru/lib\libctru.a(stack_adjust.o)
                0x001001b4                initSystem
                0x001001f8                __ctru_exit
 .text          0x00100218      0x20c e:/devkitpro/devkitarm/bin/../lib/gcc/arm-none-eabi/5.3.0/armv6k/fpu\libgcc.a(_udivsi3.o)
                0x00100218                __aeabi_uidiv
                0x00100218                __udivsi3
                0x00100404                __aeabi_uidivmod
 .text          0x00100424      0x240 e:/devkitpro/devkitarm/bin/../lib/gcc/arm-none-eabi/5.3.0/armv6k/fpu\libgcc.a(_divsi3.o)
                0x00100424                __divsi3
                0x00100424                __aeabi_idiv
                0x00100644                __aeabi_idivmod
 .text          0x00100664        0x4 e:/devkitpro/devkitarm/bin/../lib/gcc/arm-none-eabi/5.3.0/armv6k/fpu\libgcc.a(_dvmd_tls.o)
                0x00100664                __aeabi_idiv0
                0x00100664                __aeabi_ldiv0
 .text          0x00100668       0x3c e:/devkitpro/devkitarm/bin/../lib/gcc/arm-none-eabi/5.3.0/armv6k/fpu\libgcc.a(_aeabi_uldivmod.o)
                0x00100668                __aeabi_uldivmod
 .text          0x001006a4      0x128 e:/devkitpro/devkitarm/bin/../lib/gcc/arm-none-eabi/5.3.0/armv6k/fpu\libgcc.a(_udivmoddi4.o)
                0x001006a4                __udivmoddi4
 *fill*         0x001007cc       0x14 
 .text          0x001007e0      0x3a0 e:/devkitpro/devkitarm/bin/../lib/gcc/arm-none-eabi/5.3.0/../../../../arm-none-eabi/lib/armv6k/fpu\libg.a(lib_a-strcmp.o)
                0x001007e8                strcmp
 .text          0x00100b80      0x1c4 e:/devkitpro/devkitarm/bin/../lib/gcc/arm-none-eabi/5.3.0/../../../../arm-none-eabi/lib/armv6k/fpu\libsysbase.a(iosupport.o)
                0x00100b88                setDefaultDevice
                0x00100ba0                FindDevice
                0x00100c5c                RemoveDevice
                0x00100c88                AddDevice
                0x00100d20                GetDeviceOpTab
 .text          0x00100d44       0x7c e:/devkitpro/devkitarm/bin/../lib/gcc/arm-none-eabi/5.3.0/../../../../arm-none-eabi/lib/armv6k/fpu\libsysbase.a(close.o)
                0x00100d44                _close_r
 .text          0x00100dc0       0x6c e:/devkitpro/devkitarm/bin/../lib/gcc/arm-none-eabi/5.3.0/../../../../arm-none-eabi/lib/armv6k/fpu\libsysbase.a(fstat.o)
                0x00100dc0                _fstat_r
 .text          0x00100e2c       0x2c e:/devkitpro/devkitarm/bin/../lib/gcc/arm-none-eabi/5.3.0/../../../../arm-none-eabi/lib/armv6k/fpu\libsysbase.a(gettod.o)
                0x00100e2c                _gettimeofday_r
 .text          0x00100e58        0x8 e:/devkitpro/devkitarm/bin/../lib/gcc/arm-none-eabi/5.3.0/../../../../arm-none-eabi/lib/armv6k/fpu\libsysbase.a(isatty.o)
                0x00100e58                _isatty_r
 .text          0x00100e60       0x78 e:/devkitpro/devkitarm/bin/../lib/gcc/arm-none-eabi/5.3.0/../../../../arm-none-eabi/lib/armv6k/fpu\libsysbase.a(lseek.o)
                0x00100e60                _lseek_r
 .text          0x00100ed8       0xc8 e:/devkitpro/devkitarm/bin/../lib/gcc/arm-none-eabi/5.3.0/../../../../arm-none-eabi/lib/armv6k/fpu\libsysbase.a(open.o)
                0x00100ed8                _open_r
 .text          0x00100fa0       0x78 e:/devkitpro/devkitarm/bin/../lib/gcc/arm-none-eabi/5.3.0/../../../../arm-none-eabi/lib/armv6k/fpu\libsysbase.a(read.o)
                0x00100fa0                _read_r
 .text          0x00101018       0x70 e:/devkitpro/devkitarm/bin/../lib/gcc/arm-none-eabi/5.3.0/../../../../arm-none-eabi/lib/armv6k/fpu\libsysbase.a(sbrk.o)
                0x00101018                _sbrk_r
 .text          0x00101088       0x78 e:/devkitpro/devkitarm/bin/../lib/gcc/arm-none-eabi/5.3.0/../../../../arm-none-eabi/lib/armv6k/fpu\libsysbase.a(write.o)
                0x00101088                _write_r
 .text          0x00101100      0x3b0 e:/devkitpro/devkitarm/bin/../lib/gcc/arm-none-eabi/5.3.0/../../../../arm-none-eabi/lib/armv6k/fpu\libsysbase.a(chdir.o)
                0x00101100                _concatenate_path
                0x001012bc                chdir
                0x00101410                getcwd
 .text          0x001014b0       0x10 e:/devkitpro/devkitarm/bin/../lib/gcc/arm-none-eabi/5.3.0/../../../../arm-none-eabi/lib/armv6k/fpu\libsysbase.a(flock.o)
                0x001014b0                __flockfile
                0x001014b8                __funlockfile
 .text          0x001014c0      0x108 e:/devkitpro/devkitarm/bin/../lib/gcc/arm-none-eabi/5.3.0/../../../../arm-none-eabi/lib/armv6k/fpu\libsysbase.a(syscall_support.o)
                0x001014c0                __libc_lock_init
                0x001014d8                __libc_lock_acquire
                0x001014f0                __libc_lock_try_acquire
                0x00101514                __libc_lock_release
                0x0010152c                __libc_lock_close
                0x00101544                __libc_lock_init_recursive
                0x0010155c                __libc_lock_acquire_recursive
                0x00101574                __libc_lock_try_acquire_recursive
                0x00101598                __libc_lock_release_recursive
                0x001015b0                __libc_lock_close_recursive
 .text          0x001015c8      0x2c4 e:/devkitpro/devkitarm/bin/../lib/gcc/arm-none-eabi/5.3.0/../../../../arm-none-eabi/lib/armv6k/fpu\libsysbase.a(handle_manager.o)
                0x001015c8                __free_handle
                0x0010160c                __release_handle
                0x00101648                __alloc_handle
                0x001016c0                __get_handle
                0x001016dc                dup
                0x00101780                dup2
 .text          0x0010188c       0x28 e:/devkitpro/devkitarm/bin/../lib/gcc/arm-none-eabi/5.3.0/../../../../arm-none-eabi/lib/armv6k/fpu\libsysbase.a(getreent.o)
                0x0010188c                __getreent
 *(.text.*)
 .text.setBitOfReversedStream
                0x001018b4       0x38 lodepng.o
 .text.checkColorValidity
                0x001018ec       0xa0 lodepng.o
 .text.addColorBits
                0x0010198c       0x4c lodepng.o
 .text.color_tree_get
                0x001019d8       0x60 lodepng.o
 .text.getPixelColorRGBA8
                0x00101a38      0x3a0 lodepng.o
 .text.getPixelColorsRGBA8
                0x00101dd8      0x578 lodepng.o
 .text.getPixelColorRGBA16
                0x00102350      0x1b0 lodepng.o
 .text.Adam7_getpassvalues
                0x00102500      0x1ac lodepng.o
 .text.unfilter
                0x001026ac      0x3ac lodepng.o
 .text.removePaddingBits
                0x00102a58       0x90 lodepng.o
 .text.color_tree_add
                0x00102ae8       0xb4 lodepng.o
 .text.HuffmanTree_cleanup
                0x00102b9c       0x24 lodepng.o
 .text.LodePNGText_cleanup
                0x00102bc0       0x60 lodepng.o
 .text.LodePNGIText_cleanup
                0x00102c20       0x90 lodepng.o
 .text.color_tree_cleanup
                0x00102cb0       0x30 lodepng.o
 .text.string_set
                0x00102ce0       0x60 lodepng.o
 .text.lodepng_color_mode_equal
                0x00102d40       0xd0 lodepng.o
 .text.uivector_reserve.isra.10
                0x00102e10       0x5c lodepng.o
 .text.ucvector_push_back
                0x00102e6c       0x38 lodepng.o
 .text.uivector_resizev.constprop.22
                0x00102ea4       0x58 lodepng.o
 .text.HuffmanTree_makeFromLengths2
                0x00102efc      0x34c lodepng.o
 .text.HuffmanTree_makeFromLengths
                0x00103248       0x6c lodepng.o
 .text.generateFixedLitLenTree
                0x001032b4       0xa4 lodepng.o
 .text.generateFixedDistanceTree
                0x00103358       0x60 lodepng.o
 .text.lodepng_inflatev.isra.12
                0x001033b8      0xb20 lodepng.o
 .text.lodepng_zlib_decompress
                0x00103ed8      0x1b4 lodepng.o
                0x00103ed8                lodepng_zlib_decompress
 .text.zlib_decompress
                0x0010408c       0x2c lodepng.o
 .text.lodepng_chunk_type_equals
                0x001040b8       0x6c lodepng.o
                0x001040b8                lodepng_chunk_type_equals
 .text.lodepng_chunk_check_crc
                0x00104124       0xa4 lodepng.o
                0x00104124                lodepng_chunk_check_crc
 .text.lodepng_chunk_append
                0x001041c8       0xb0 lodepng.o
                0x001041c8                lodepng_chunk_append
 .text.lodepng_color_mode_copy
                0x00104278       0xac lodepng.o
                0x00104278                lodepng_color_mode_copy
 .text.lodepng_add_text
                0x00104324      0x104 lodepng.o
                0x00104324                lodepng_add_text
 .text.lodepng_add_itext
                0x00104428      0x1f4 lodepng.o
                0x00104428                lodepng_add_itext
 .text.lodepng_info_init
                0x0010461c       0x8c lodepng.o
                0x0010461c                lodepng_info_init
 .text.lodepng_info_cleanup
                0x001046a8       0x50 lodepng.o
                0x001046a8                lodepng_info_cleanup
 .text.lodepng_convert
                0x001046f8      0x4f8 lodepng.o
                0x001046f8                lodepng_convert
 .text.lodepng_inspect
                0x00104bf0      0x254 lodepng.o
                0x00104bf0                lodepng_inspect
 .text.decodeGeneric
                0x00104e44     0x174c lodepng.o
 .text.lodepng_decode
                0x00106590      0x13c lodepng.o
                0x00106590                lodepng_decode
 .text.lodepng_state_init
                0x001066cc       0xb8 lodepng.o
                0x001066cc                lodepng_state_init
 .text.lodepng_state_cleanup
                0x00106784       0x30 lodepng.o
                0x00106784                lodepng_state_cleanup
 .text.lodepng_decode_memory
                0x001067b4       0x68 lodepng.o
                0x001067b4                lodepng_decode_memory
 .text.lodepng_decode32
                0x0010681c       0x28 lodepng.o
                0x0010681c                lodepng_decode32
 .text.reversePath
                0x00106844      0x188 main.o
 .text.setTextColor
                0x001069cc       0x40 main.o
 .text.wrongName
                0x00106a0c       0x8c main.o
 .text.clearClosedSet.part.7
                0x00106a98       0x74 main.o
 .text.clearOpenSet.part.8
                0x00106b0c       0x74 main.o
 .text.getHighestScore.part.20
                0x00106b80       0x58 main.o
 .text.HSL2RGB.constprop.22
                0x00106bd8      0x144 main.o
 .text.screen_get_string_size_internal.constprop.23
                0x00106d1c      0x1ac main.o
 .text.renderText.constprop.24
                0x00106ec8      0x200 main.o
 .text.myprintf
                0x001070c8      0x220 main.o
                0x001070c8                myprintf
 .text.UDSSend  0x001072e8      0x1f4 main.o
 .text.UDSResend
                0x001074dc      0x1dc main.o
 .text.UDSDirect
                0x001076b8       0xcc main.o
 .text.util_make_path_utf8
                0x00107784       0x7c main.o
                0x00107784                util_make_path_utf8
 .text.importUsername
                0x00107800      0x210 main.o
                0x00107800                importUsername
 .text.writeUsername
                0x00107a10      0x17c main.o
                0x00107a10                writeUsername
 *fill*         0x00107b8c        0x4 
 .text.keepXConsole
                0x00107b90      0x450 main.o
                0x00107b90                keepXConsole
 .text.keepConsole
                0x00107fe0       0x88 main.o
                0x00107fe0                keepConsole
 .text.gameOptions
                0x00108068      0x204 main.o
 .text.getNextColor
                0x0010826c       0xe4 main.o
                0x0010826c                getNextColor
 .text.getColor
                0x00108350       0x6c main.o
                0x00108350                getColor
 .text.writeColor
                0x001083bc       0x74 main.o
                0x001083bc                writeColor
 .text.showMemoryError
                0x00108430       0x4c main.o
                0x00108430                showMemoryError
 .text.addClosedSet
                0x0010847c       0x74 main.o
                0x0010847c                addClosedSet
 .text.addOpenSet
                0x001084f0       0x74 main.o
                0x001084f0                addOpenSet
 .text.remOpenSet
                0x00108564       0xfc main.o
                0x00108564                remOpenSet
 .text.getDist  0x00108660       0xa8 main.o
                0x00108660                getDist
 .text.addNode  0x00108708       0x9c main.o
                0x00108708                addNode
 .text.continueAddNodeToApple
                0x001087a4       0xac main.o
                0x001087a4                continueAddNodeToApple
 .text.getDirectionY
                0x00108850       0x60 main.o
                0x00108850                getDirectionY
 .text.getDirectionX
                0x001088b0       0x5c main.o
                0x001088b0                getDirectionX
 .text.getDirectionYTo
                0x0010890c       0x74 main.o
                0x0010890c                getDirectionYTo
 .text.getDirectionXTo
                0x00108980       0x74 main.o
                0x00108980                getDirectionXTo
 .text.getDirection
                0x001089f4       0xac main.o
                0x001089f4                getDirection
 .text.getDirectionToApple
                0x00108aa0       0xac main.o
                0x00108aa0                getDirectionToApple
 .text.setCurrentF
                0x00108b4c       0xac main.o
                0x00108b4c                setCurrentF
 .text.showCameFrom
                0x00108bf8      0x5b8 main.o
                0x00108bf8                showCameFrom
 .text.getFarthestCurrent
                0x001091b0      0x134 main.o
                0x001091b0                getFarthestCurrent
 .text.plotMovement
                0x001092e4      0x17c main.o
                0x001092e4                plotMovement
 .text.pathfindToApple
                0x00109460      0x500 main.o
                0x00109460                pathfindToApple
 .text.showPathToApple
                0x00109960      0x1a8 main.o
                0x00109960                showPathToApple
 .text.getAlive
                0x00109b08       0x8c main.o
                0x00109b08                getAlive
 .text.relocateApple
                0x00109b94      0x2e0 main.o
                0x00109b94                relocateApple
 .text.drawSprite
                0x00109e74      0x218 main.o
                0x00109e74                drawSprite
 .text.changeApple
                0x0010a08c       0xbc main.o
 .text.drawPoint
                0x0010a148       0x80 main.o
 .text.drawWall.constprop.21
                0x0010a1c8       0x78 main.o
 .text.overwriteSprite
                0x0010a240      0x1d4 main.o
                0x0010a240                overwriteSprite
 .text.unlikely.fixLength
                0x0010a414      0x11c main.o
 .text.unlikely.finishLine.isra.16
                0x0010a530     0x223c main.o
 .text.eraseLine.part.19
                0x0010c76c      0x198 main.o
 .text.checkPath
                0x0010c904      0x170 main.o
                0x0010c904                checkPath
 .text.showPlotMovement
                0x0010ca74      0x308 main.o
                0x0010ca74                showPlotMovement
 .text.livingBots
                0x0010cd7c       0xbc main.o
                0x0010cd7c                livingBots
 .text.continuePlotting
                0x0010ce38      0x51c main.o
                0x0010ce38                continuePlotting
 .text.plotCourse
                0x0010d354      0x69c main.o
                0x0010d354                plotCourse
 .text.itsATie  0x0010d9f0       0x98 main.o
                0x0010d9f0                itsATie
 .text.getKiller
                0x0010da88       0x70 main.o
                0x0010da88                getKiller
 .text.printScore
                0x0010daf8      0x6f8 main.o
 .text.hasCommonY
                0x0010e1f0       0xc4 main.o
                0x0010e1f0                hasCommonY
 .text.setSprites
                0x0010e2b4      0x350 main.o
 .text.setHighscore
                0x0010e604       0xc8 main.o
                0x0010e604                setHighscore
 *fill*         0x0010e6cc        0x4 
 .text.uds_test
                0x0010e6d0     0xb2b0 main.o
                0x0010e6d0                uds_test
 .text.startup.main
                0x00119980      0xbb4 main.o
                0x00119980                main
 .text.AttrInfo_Init
                0x0011a534       0x28 e:/devkitPro/libctru/lib\libcitro3d.a(attribs.o)
                0x0011a534                AttrInfo_Init
 .text.AttrInfo_AddLoader
                0x0011a55c       0xa4 e:/devkitPro/libctru/lib\libcitro3d.a(attribs.o)
                0x0011a55c                AttrInfo_AddLoader
 .text.C3D_GetAttrInfo
                0x0011a600       0x24 e:/devkitPro/libctru/lib\libcitro3d.a(attribs.o)
                0x0011a600                C3D_GetAttrInfo
 .text.C3Di_AttrInfoBind
                0x0011a624       0x80 e:/devkitPro/libctru/lib\libcitro3d.a(attribs.o)
                0x0011a624                C3Di_AttrInfoBind
 .text.C3Di_AptEventHook
                0x0011a6a4       0x88 e:/devkitPro/libctru/lib\libcitro3d.a(base.o)
 .text.C3D_Init
                0x0011a72c      0x168 e:/devkitPro/libctru/lib\libcitro3d.a(base.o)
                0x0011a72c                C3D_Init
 .text.C3D_SetViewport
                0x0011a894       0x98 e:/devkitPro/libctru/lib\libcitro3d.a(base.o)
                0x0011a894                C3D_SetViewport
 .text.C3Di_UpdateContext
                0x0011a92c      0x580 e:/devkitPro/libctru/lib\libcitro3d.a(base.o)
                0x0011a92c                C3Di_UpdateContext
 .text.C3Di_FinalizeFrame
                0x0011aeac       0xe0 e:/devkitPro/libctru/lib\libcitro3d.a(base.o)
                0x0011aeac                C3Di_FinalizeFrame
 .text.C3D_Fini
                0x0011af8c       0x48 e:/devkitPro/libctru/lib\libcitro3d.a(base.o)
                0x0011af8c                C3D_Fini
 .text.C3D_BindProgram
                0x0011afd4       0xd4 e:/devkitPro/libctru/lib\libcitro3d.a(base.o)
                0x0011afd4                C3D_BindProgram
 .text.BufInfo_Init
                0x0011b0a8       0x20 e:/devkitPro/libctru/lib\libcitro3d.a(buffers.o)
                0x0011b0a8                BufInfo_Init
 .text.BufInfo_Add
                0x0011b0c8       0x84 e:/devkitPro/libctru/lib\libcitro3d.a(buffers.o)
                0x0011b0c8                BufInfo_Add
 .text.C3D_GetBufInfo
                0x0011b14c       0x24 e:/devkitPro/libctru/lib\libcitro3d.a(buffers.o)
                0x0011b14c                C3D_GetBufInfo
 .text.C3Di_BufInfoBind
                0x0011b170       0x48 e:/devkitPro/libctru/lib\libcitro3d.a(buffers.o)
                0x0011b170                C3Di_BufInfoBind
 .text.C3D_DrawArrays
                0x0011b1b8      0x148 e:/devkitPro/libctru/lib\libcitro3d.a(drawArrays.o)
                0x0011b1b8                C3D_DrawArrays
 .text.C3D_DepthMap
                0x0011b300       0x3c e:/devkitPro/libctru/lib\libcitro3d.a(effect.o)
                0x0011b300                C3D_DepthMap
 .text.C3D_CullFace
                0x0011b33c       0x1c e:/devkitPro/libctru/lib\libcitro3d.a(effect.o)
                0x0011b33c                C3D_CullFace
 .text.C3D_StencilTest
                0x0011b358       0x3c e:/devkitPro/libctru/lib\libcitro3d.a(effect.o)
                0x0011b358                C3D_StencilTest
 .text.C3D_StencilOp
                0x0011b394       0x24 e:/devkitPro/libctru/lib\libcitro3d.a(effect.o)
                0x0011b394                C3D_StencilOp
 .text.C3D_BlendingColor
                0x0011b3b8       0x1c e:/devkitPro/libctru/lib\libcitro3d.a(effect.o)
                0x0011b3b8                C3D_BlendingColor
 .text.C3D_DepthTest
                0x0011b3d4       0x28 e:/devkitPro/libctru/lib\libcitro3d.a(effect.o)
                0x0011b3d4                C3D_DepthTest
 .text.C3D_AlphaTest
                0x0011b3fc       0x28 e:/devkitPro/libctru/lib\libcitro3d.a(effect.o)
                0x0011b3fc                C3D_AlphaTest
 .text.C3D_AlphaBlend
                0x0011b424       0x50 e:/devkitPro/libctru/lib\libcitro3d.a(effect.o)
                0x0011b424                C3D_AlphaBlend
 .text.C3D_FragOpMode
                0x0011b474       0x30 e:/devkitPro/libctru/lib\libcitro3d.a(effect.o)
                0x0011b474                C3D_FragOpMode
 .text.C3Di_EffectBind
                0x0011b4a4      0x11c e:/devkitPro/libctru/lib\libcitro3d.a(effect.o)
                0x0011b4a4                C3Di_EffectBind
 .text.C3D_ImmDrawBegin
                0x0011b5c0       0xb8 e:/devkitPro/libctru/lib\libcitro3d.a(immediate.o)
                0x0011b5c0                C3D_ImmDrawBegin
 .text.C3D_ImmSendAttrib
                0x0011b678       0xb4 e:/devkitPro/libctru/lib\libcitro3d.a(immediate.o)
                0x0011b678                C3D_ImmSendAttrib
 .text.C3D_ImmDrawEnd
                0x0011b72c       0x74 e:/devkitPro/libctru/lib\libcitro3d.a(immediate.o)
                0x0011b72c                C3D_ImmDrawEnd
 .text.C3D_RenderBufInit
                0x0011b7a0       0xa4 e:/devkitPro/libctru/lib\libcitro3d.a(renderbuffer.o)
                0x0011b7a0                C3D_RenderBufInit
 .text.C3D_RenderBufClearAsync
                0x0011b844       0x80 e:/devkitPro/libctru/lib\libcitro3d.a(renderbuffer.o)
                0x0011b844                C3D_RenderBufClearAsync
 .text.C3D_RenderBufTransferAsync
                0x0011b8c4       0x28 e:/devkitPro/libctru/lib\libcitro3d.a(renderbuffer.o)
                0x0011b8c4                C3D_RenderBufTransferAsync
 .text.C3D_RenderBufBind
                0x0011b8ec       0x38 e:/devkitPro/libctru/lib\libcitro3d.a(renderbuffer.o)
                0x0011b8ec                C3D_RenderBufBind
 .text.C3Di_RenderBufBind
                0x0011b924      0x168 e:/devkitPro/libctru/lib\libcitro3d.a(renderbuffer.o)
                0x0011b924                C3Di_RenderBufBind
 .text.C3D_RenderBufDelete
                0x0011ba8c       0x18 e:/devkitPro/libctru/lib\libcitro3d.a(renderbuffer.o)
                0x0011ba8c                C3D_RenderBufDelete
 .text.C3Di_RenderQueueWaitDone
                0x0011baa4       0x40 e:/devkitPro/libctru/lib\libcitro3d.a(renderqueue.o)
 .text.performTransfer.part.0
                0x0011bae4       0x78 e:/devkitPro/libctru/lib\libcitro3d.a(renderqueue.o)
 .text.transferTarget
                0x0011bb5c       0x50 e:/devkitPro/libctru/lib\libcitro3d.a(renderqueue.o)
 .text.onVBlank1
                0x0011bbac       0x24 e:/devkitPro/libctru/lib\libcitro3d.a(renderqueue.o)
 .text.onVBlank0
                0x0011bbd0       0x8c e:/devkitPro/libctru/lib\libcitro3d.a(renderqueue.o)
 .text.performClear.part.2
                0x0011bc5c       0x3c e:/devkitPro/libctru/lib\libcitro3d.a(renderqueue.o)
 .text.clearTarget
                0x0011bc98       0x4c e:/devkitPro/libctru/lib\libcitro3d.a(renderqueue.o)
 .text.updateFrameQueue.part.4
                0x0011bce4       0xc0 e:/devkitPro/libctru/lib\libcitro3d.a(renderqueue.o)
 .text.onRenderFinish
                0x0011bda4       0xe0 e:/devkitPro/libctru/lib\libcitro3d.a(renderqueue.o)
 .text.onClearDone.part.6
                0x0011be84       0x18 e:/devkitPro/libctru/lib\libcitro3d.a(renderqueue.o)
 .text.onTransferFinish
                0x0011be9c       0xb0 e:/devkitPro/libctru/lib\libcitro3d.a(renderqueue.o)
 .text.onClearDone
                0x0011bf4c       0x64 e:/devkitPro/libctru/lib\libcitro3d.a(renderqueue.o)
 .text.checkRenderQueueInit.part.7
                0x0011bfb0       0x5c e:/devkitPro/libctru/lib\libcitro3d.a(renderqueue.o)
 .text.C3D_FrameBegin
                0x0011c00c       0x64 e:/devkitPro/libctru/lib\libcitro3d.a(renderqueue.o)
                0x0011c00c                C3D_FrameBegin
 .text.C3D_FrameDrawOn
                0x0011c070       0x78 e:/devkitPro/libctru/lib\libcitro3d.a(renderqueue.o)
                0x0011c070                C3D_FrameDrawOn
 .text.C3D_FrameEnd
                0x0011c0e8       0xd0 e:/devkitPro/libctru/lib\libcitro3d.a(renderqueue.o)
                0x0011c0e8                C3D_FrameEnd
 .text.C3D_RenderTargetCreate
                0x0011c1b8       0xe0 e:/devkitPro/libctru/lib\libcitro3d.a(renderqueue.o)
                0x0011c1b8                C3D_RenderTargetCreate
 .text.C3D_RenderTargetDelete
                0x0011c298       0x7c e:/devkitPro/libctru/lib\libcitro3d.a(renderqueue.o)
                0x0011c298                C3D_RenderTargetDelete
 .text.C3Di_RenderQueueExit
                0x0011c314       0x84 e:/devkitPro/libctru/lib\libcitro3d.a(renderqueue.o)
 .text.C3D_RenderTargetSetClear
                0x0011c398       0x50 e:/devkitPro/libctru/lib\libcitro3d.a(renderqueue.o)
                0x0011c398                C3D_RenderTargetSetClear
 .text.C3D_RenderTargetSetOutput
                0x0011c3e8       0x58 e:/devkitPro/libctru/lib\libcitro3d.a(renderqueue.o)
                0x0011c3e8                C3D_RenderTargetSetOutput
 .text.TexEnv_Init
                0x0011c440       0x34 e:/devkitPro/libctru/lib\libcitro3d.a(texenv.o)
                0x0011c440                TexEnv_Init
 .text.C3D_GetTexEnv
                0x0011c474       0x34 e:/devkitPro/libctru/lib\libcitro3d.a(texenv.o)
                0x0011c474                C3D_GetTexEnv
 .text.C3Di_TexEnvBind
                0x0011c4a8       0x24 e:/devkitPro/libctru/lib\libcitro3d.a(texenv.o)
                0x0011c4a8                C3Di_TexEnvBind
 .text.C3D_TexInit
                0x0011c4cc       0xb8 e:/devkitPro/libctru/lib\libcitro3d.a(texture.o)
                0x0011c4cc                C3D_TexInit
 .text.C3D_TexInitVRAM
                0x0011c584       0xb8 e:/devkitPro/libctru/lib\libcitro3d.a(texture.o)
                0x0011c584                C3D_TexInitVRAM
 .text.C3D_TexSetFilter
                0x0011c63c       0x24 e:/devkitPro/libctru/lib\libcitro3d.a(texture.o)
                0x0011c63c                C3D_TexSetFilter
 .text.C3D_TexBind
                0x0011c660       0x34 e:/devkitPro/libctru/lib\libcitro3d.a(texture.o)
                0x0011c660                C3D_TexBind
 .text.C3D_TexDelete
                0x0011c694       0x3c e:/devkitPro/libctru/lib\libcitro3d.a(texture.o)
                0x0011c694                C3D_TexDelete
 .text.C3D_UpdateUniforms
                0x0011c6d0      0x2ac e:/devkitPro/libctru/lib\libcitro3d.a(uniforms.o)
                0x0011c6d0                C3D_UpdateUniforms
 .text.C3Di_DirtyUniforms
                0x0011c97c       0xc0 e:/devkitPro/libctru/lib\libcitro3d.a(uniforms.o)
                0x0011c97c                C3Di_DirtyUniforms
 .text.C3Di_LoadShaderUniforms
                0x0011ca3c       0xe4 e:/devkitPro/libctru/lib\libcitro3d.a(uniforms.o)
                0x0011ca3c                C3Di_LoadShaderUniforms
 .text.C3Di_ClearShaderUniforms
                0x0011cb20       0x28 e:/devkitPro/libctru/lib\libcitro3d.a(uniforms.o)
                0x0011cb20                C3Di_ClearShaderUniforms
 .text.Mtx_OrthoTilt
                0x0011cb48       0xc8 e:/devkitPro/libctru/lib\libcitro3d.a(mtx_orthotilt.o)
                0x0011cb48                Mtx_OrthoTilt
 .text._ZL21addrMapNodeComparatorPK11rbtree_nodeS1_
                0x0011cc10       0x24 e:/devkitPro/libctru/lib\libctru.a(linear.o)
 .text._ZL21addrMapNodeDestructorP11rbtree_node
                0x0011cc34        0x4 e:/devkitPro/libctru/lib\libctru.a(linear.o)
 .text.linearMemAlign
                0x0011cc38      0x140 e:/devkitPro/libctru/lib\libctru.a(linear.o)
                0x0011cc38                linearMemAlign
 .text.linearAlloc
                0x0011cd78        0x8 e:/devkitPro/libctru/lib\libctru.a(linear.o)
                0x0011cd78                linearAlloc
 .text.linearFree
                0x0011cd80       0x50 e:/devkitPro/libctru/lib\libctru.a(linear.o)
                0x0011cd80                linearFree
 .text._ZN7MemPool13CoalesceRightEP8MemBlock
                0x0011cdd0       0x9c e:/devkitPro/libctru/lib\libctru.a(mem_pool.o)
                0x0011cdd0                MemPool::CoalesceRight(MemBlock*)
 .text._ZN7MemPool8AllocateER8MemChunkmi
                0x0011ce6c      0x178 e:/devkitPro/libctru/lib\libctru.a(mem_pool.o)
                0x0011ce6c                MemPool::Allocate(MemChunk&, unsigned long, int)
 .text._ZN7MemPool10DeallocateERK8MemChunk
                0x0011cfe4      0x100 e:/devkitPro/libctru/lib\libctru.a(mem_pool.o)
                0x0011cfe4                MemPool::Deallocate(MemChunk const&)
 .text._ZL21addrMapNodeComparatorPK11rbtree_nodeS1_
                0x0011d0e4       0x24 e:/devkitPro/libctru/lib\libctru.a(vram.o)
 .text._ZL21addrMapNodeDestructorP11rbtree_node
                0x0011d108        0x4 e:/devkitPro/libctru/lib\libctru.a(vram.o)
 .text.vramMemAlign
                0x0011d10c      0x130 e:/devkitPro/libctru/lib\libctru.a(vram.o)
                0x0011d10c                vramMemAlign
 .text.vramAlloc
                0x0011d23c        0x8 e:/devkitPro/libctru/lib\libctru.a(vram.o)
                0x0011d23c                vramAlloc
 .text.vramFree
                0x0011d244       0x50 e:/devkitPro/libctru/lib\libctru.a(vram.o)
                0x0011d244                vramFree
 .text.fontEnsureMapped
                0x0011d294       0xa4 e:/devkitPro/libctru/lib\libctru.a(font.o)
                0x0011d294                fontEnsureMapped
 .text.fontGlyphIndexFromCodePoint
                0x0011d338       0xdc e:/devkitPro/libctru/lib\libctru.a(font.o)
                0x0011d338                fontGlyphIndexFromCodePoint
 .text.fontGetCharWidthInfo
                0x0011d414       0x5c e:/devkitPro/libctru/lib\libctru.a(font.o)
                0x0011d414                fontGetCharWidthInfo
 .text.fontCalcGlyphPos
                0x0011d470      0x214 e:/devkitPro/libctru/lib\libctru.a(font.o)
                0x0011d470                fontCalcGlyphPos
 .text.gfxSetFramebufferInfo.part.0
                0x0011d684       0x8c e:/devkitPro/libctru/lib\libctru.a(gfx.o)
 .text.gfxIs3D  0x0011d710       0x10 e:/devkitPro/libctru/lib\libctru.a(gfx.o)
                0x0011d710                gfxIs3D
 .text.__get_bytes_per_pixel
                0x0011d720       0x18 e:/devkitPro/libctru/lib\libctru.a(gfx.o)
                0x0011d720                __get_bytes_per_pixel
 .text.gfxSetScreenFormat
                0x0011d738      0x174 e:/devkitPro/libctru/lib\libctru.a(gfx.o)
                0x0011d738                gfxSetScreenFormat
 .text.gfxSetFramebufferInfo
                0x0011d8ac       0x70 e:/devkitPro/libctru/lib\libctru.a(gfx.o)
                0x0011d8ac                gfxSetFramebufferInfo
 .text.gfxWriteFramebufferInfo
                0x0011d91c       0x88 e:/devkitPro/libctru/lib\libctru.a(gfx.o)
                0x0011d91c                gfxWriteFramebufferInfo
 .text.gfxInit  0x0011d9a4      0x1fc e:/devkitPro/libctru/lib\libctru.a(gfx.o)
                0x0011d9a4                gfxInit
 .text.gfxInitDefault
                0x0011dba0       0x10 e:/devkitPro/libctru/lib\libctru.a(gfx.o)
                0x0011dba0                gfxInitDefault
 .text.gfxExit  0x0011dbb0       0xe0 e:/devkitPro/libctru/lib\libctru.a(gfx.o)
                0x0011dbb0                gfxExit
 .text.gfxGetFramebuffer
                0x0011dc90       0xb0 e:/devkitPro/libctru/lib\libctru.a(gfx.o)
                0x0011dc90                gfxGetFramebuffer
 .text.gfxFlushBuffers
                0x0011dd40       0xcc e:/devkitPro/libctru/lib\libctru.a(gfx.o)
                0x0011dd40                gfxFlushBuffers
 .text.gfxConfigScreen
                0x0011de0c       0x70 e:/devkitPro/libctru/lib\libctru.a(gfx.o)
                0x0011de0c                gfxConfigScreen
 .text.gfxSwapBuffers
                0x0011de7c       0x20 e:/devkitPro/libctru/lib\libctru.a(gfx.o)
                0x0011de7c                gfxSwapBuffers
 .text.getSysTime
                0x0011de9c       0x58 e:/devkitPro/libctru/lib\libctru.a(os.o)
 .text.osConvertVirtToPhys
                0x0011def4       0x4c e:/devkitPro/libctru/lib\libctru.a(os.o)
                0x0011def4                osConvertVirtToPhys
 .text.osGetMemRegionUsed
                0x0011df40       0x24 e:/devkitPro/libctru/lib\libctru.a(os.o)
                0x0011df40                osGetMemRegionUsed
 *fill*         0x0011df64        0x4 
 .text.__libctru_gtod
                0x0011df68       0xf8 e:/devkitPro/libctru/lib\libctru.a(os.o)
                0x0011df68                __libctru_gtod
 .text.__ctru_speedup_config
                0x0011e060       0x34 e:/devkitPro/libctru/lib\libctru.a(os.o)
                0x0011e060                __ctru_speedup_config
 .text.sdmc_link
                0x0011e094       0x10 e:/devkitPro/libctru/lib\libctru.a(sdmc_dev.o)
 .text.sdmc_dirreset
                0x0011e0a4       0x10 e:/devkitPro/libctru/lib\libctru.a(sdmc_dev.o)
 .text.sdmc_chmod
                0x0011e0b4       0x10 e:/devkitPro/libctru/lib\libctru.a(sdmc_dev.o)
 .text.sdmc_fchmod
                0x0011e0c4       0x10 e:/devkitPro/libctru/lib\libctru.a(sdmc_dev.o)
 .text.error_cmp
                0x0011e0d4       0x24 e:/devkitPro/libctru/lib\libctru.a(sdmc_dev.o)
 .text.sdmc_translate_error
                0x0011e0f8       0x50 e:/devkitPro/libctru/lib\libctru.a(sdmc_dev.o)
 .text.sdmc_fsync
                0x0011e148       0x34 e:/devkitPro/libctru/lib\libctru.a(sdmc_dev.o)
 .text.sdmc_ftruncate
                0x0011e17c       0x54 e:/devkitPro/libctru/lib\libctru.a(sdmc_dev.o)
 .text.sdmc_statvfs
                0x0011e1d0       0xac e:/devkitPro/libctru/lib\libctru.a(sdmc_dev.o)
 .text.sdmc_dirclose
                0x0011e27c       0x38 e:/devkitPro/libctru/lib\libctru.a(sdmc_dev.o)
 .text.sdmc_dirnext
                0x0011e2b4      0x13c e:/devkitPro/libctru/lib\libctru.a(sdmc_dev.o)
 .text.sdmc_close
                0x0011e3f0       0x34 e:/devkitPro/libctru/lib\libctru.a(sdmc_dev.o)
 .text.sdmc_fstat
                0x0011e424       0x74 e:/devkitPro/libctru/lib\libctru.a(sdmc_dev.o)
 .text.sdmc_seek
                0x0011e498       0xc0 e:/devkitPro/libctru/lib\libctru.a(sdmc_dev.o)
 .text.sdmc_read
                0x0011e558       0x8c e:/devkitPro/libctru/lib\libctru.a(sdmc_dev.o)
 .text.sdmc_write_safe
                0x0011e5e4      0x110 e:/devkitPro/libctru/lib\libctru.a(sdmc_dev.o)
 .text.sdmc_utf16path
                0x0011e6f4      0x1b4 e:/devkitPro/libctru/lib\libctru.a(sdmc_dev.o)
 .text.sdmc_rmdir
                0x0011e8a8       0x74 e:/devkitPro/libctru/lib\libctru.a(sdmc_dev.o)
 .text.sdmc_diropen
                0x0011e91c       0xa4 e:/devkitPro/libctru/lib\libctru.a(sdmc_dev.o)
 .text.sdmc_chdir
                0x0011e9c0       0xa0 e:/devkitPro/libctru/lib\libctru.a(sdmc_dev.o)
 .text.sdmc_mkdir
                0x0011ea60       0x98 e:/devkitPro/libctru/lib\libctru.a(sdmc_dev.o)
 .text.sdmc_rename
                0x0011eaf8      0x108 e:/devkitPro/libctru/lib\libctru.a(sdmc_dev.o)
 .text.sdmc_unlink
                0x0011ec00       0x74 e:/devkitPro/libctru/lib\libctru.a(sdmc_dev.o)
 .text.sdmc_stat
                0x0011ec74      0x108 e:/devkitPro/libctru/lib\libctru.a(sdmc_dev.o)
 .text.sdmc_open
                0x0011ed7c      0x188 e:/devkitPro/libctru/lib\libctru.a(sdmc_dev.o)
 .text.sdmcInit
                0x0011ef04      0x15c e:/devkitPro/libctru/lib\libctru.a(sdmc_dev.o)
                0x0011ef04                sdmcInit
 .text.sdmcExit
                0x0011f060       0x54 e:/devkitPro/libctru/lib\libctru.a(sdmc_dev.o)
                0x0011f060                sdmcExit
 .text.GPUCMD_SetBuffer
                0x0011f0b4       0x2c e:/devkitPro/libctru/lib\libctru.a(gpu.o)
                0x0011f0b4                GPUCMD_SetBuffer
 .text.GPUCMD_GetBuffer
                0x0011f0e0       0x40 e:/devkitPro/libctru/lib\libctru.a(gpu.o)
                0x0011f0e0                GPUCMD_GetBuffer
 .text.GPUCMD_Add
                0x0011f120       0xe4 e:/devkitPro/libctru/lib\libctru.a(gpu.o)
                0x0011f120                GPUCMD_Add
 .text.GPUCMD_Finalize
                0x0011f204       0x98 e:/devkitPro/libctru/lib\libctru.a(gpu.o)
                0x0011f204                GPUCMD_Finalize
 .text.f32tof24
                0x0011f29c       0x40 e:/devkitPro/libctru/lib\libctru.a(gpu.o)
                0x0011f29c                f32tof24
 .text.f32tof31
                0x0011f2dc       0x40 e:/devkitPro/libctru/lib\libctru.a(gpu.o)
                0x0011f2dc                f32tof31
 .text.GX_ProcessCommandList
                0x0011f31c       0x54 e:/devkitPro/libctru/lib\libctru.a(gx.o)
                0x0011f31c                GX_ProcessCommandList
 .text.GX_MemoryFill
                0x0011f370       0x60 e:/devkitPro/libctru/lib\libctru.a(gx.o)
                0x0011f370                GX_MemoryFill
 .text.GX_DisplayTransfer
                0x0011f3d0       0x50 e:/devkitPro/libctru/lib\libctru.a(gx.o)
                0x0011f3d0                GX_DisplayTransfer
 .text.GX_FlushCacheRegions
                0x0011f420       0x54 e:/devkitPro/libctru/lib\libctru.a(gx.o)
                0x0011f420                GX_FlushCacheRegions
 .text.shaderInstanceInit
                0x0011f474      0x20c e:/devkitPro/libctru/lib\libctru.a(shaderProgram.o)
                0x0011f474                shaderInstanceInit
 .text.shaderInstanceFree
                0x0011f680       0x38 e:/devkitPro/libctru/lib\libctru.a(shaderProgram.o)
                0x0011f680                shaderInstanceFree
 .text.shaderInstanceGetUniformLocation
                0x0011f6b8       0x18 e:/devkitPro/libctru/lib\libctru.a(shaderProgram.o)
                0x0011f6b8                shaderInstanceGetUniformLocation
 .text.shaderProgramInit
                0x0011f6d0       0x18 e:/devkitPro/libctru/lib\libctru.a(shaderProgram.o)
                0x0011f6d0                shaderProgramInit
 .text.shaderProgramFree
                0x0011f6e8       0x30 e:/devkitPro/libctru/lib\libctru.a(shaderProgram.o)
                0x0011f6e8                shaderProgramFree
 .text.shaderProgramSetVsh
                0x0011f718       0x6c e:/devkitPro/libctru/lib\libctru.a(shaderProgram.o)
                0x0011f718                shaderProgramSetVsh
 .text.shaderProgramConfigure
                0x0011f784      0x8a4 e:/devkitPro/libctru/lib\libctru.a(shaderProgram.o)
                0x0011f784                shaderProgramConfigure
 .text.DVLB_Free
                0x00120028       0x3c e:/devkitPro/libctru/lib\libctru.a(shbin.o)
                0x00120028                DVLB_Free
 .text.DVLE_GetUniformRegister
                0x00120064       0x80 e:/devkitPro/libctru/lib\libctru.a(shbin.o)
                0x00120064                DVLE_GetUniformRegister
 .text.DVLE_GenerateOutmap
                0x001200e4      0x1f0 e:/devkitPro/libctru/lib\libctru.a(shbin.o)
                0x001200e4                DVLE_GenerateOutmap
 .text.DVLB_ParseFile
                0x001202d4      0x1d0 e:/devkitPro/libctru/lib\libctru.a(shbin.o)
                0x001202d4                DVLB_ParseFile
 .text._aptDebug
                0x001204a4        0x4 e:/devkitPro/libctru/lib\libctru.a(apt.o)
                0x001204a4                _aptDebug
 .text.aptSendCommand
                0x001204a8      0x12c e:/devkitPro/libctru/lib\libctru.a(apt.o)
                0x001204a8                aptSendCommand
 .text.aptExitProcess
                0x001205d4       0x3c e:/devkitPro/libctru/lib\libctru.a(apt.o)
 .text.aptHook  0x00120610       0x38 e:/devkitPro/libctru/lib\libctru.a(apt.o)
                0x00120610                aptHook
 .text.aptUnhook
                0x00120648       0x2c e:/devkitPro/libctru/lib\libctru.a(apt.o)
                0x00120648                aptUnhook
 .text.aptSetMessageCallback
                0x00120674       0x14 e:/devkitPro/libctru/lib\libctru.a(apt.o)
                0x00120674                aptSetMessageCallback
 .text.APT_InquireNotification
                0x00120688       0x4c e:/devkitPro/libctru/lib\libctru.a(apt.o)
                0x00120688                APT_InquireNotification
 .text.aptEventHandler
                0x001206d4      0x198 e:/devkitPro/libctru/lib\libctru.a(apt.o)
 .text.APT_AppletUtility
                0x0012086c       0x74 e:/devkitPro/libctru/lib\libctru.a(apt.o)
                0x0012086c                APT_AppletUtility
 .text.aptSetSleepAllowed
                0x001208e0       0xb0 e:/devkitPro/libctru/lib\libctru.a(apt.o)
                0x001208e0                aptSetSleepAllowed
 .text.APT_GlanceParameter
                0x00120990       0xb4 e:/devkitPro/libctru/lib\libctru.a(apt.o)
                0x00120990                APT_GlanceParameter
 .text.APT_ReceiveParameter
                0x00120a44       0xc0 e:/devkitPro/libctru/lib\libctru.a(apt.o)
                0x00120a44                APT_ReceiveParameter
 .text.aptReceiveParameter.constprop.1
                0x00120b04       0xa8 e:/devkitPro/libctru/lib\libctru.a(apt.o)
 *fill*         0x00120bac        0x4 
 .text.aptScreenTransfer
                0x00120bb0      0x1d8 e:/devkitPro/libctru/lib\libctru.a(apt.o)
 .text.aptWaitForWakeUp
                0x00120d88      0x224 e:/devkitPro/libctru/lib\libctru.a(apt.o)
 .text.APT_SendParameter
                0x00120fac       0x58 e:/devkitPro/libctru/lib\libctru.a(apt.o)
                0x00120fac                APT_SendParameter
 .text.APT_CancelParameter
                0x00121004       0x70 e:/devkitPro/libctru/lib\libctru.a(apt.o)
                0x00121004                APT_CancelParameter
 .text.aptInit  0x00121074      0x21c e:/devkitPro/libctru/lib\libctru.a(apt.o)
                0x00121074                aptInit
 .text.aptClearParamQueue
                0x00121290       0x88 e:/devkitPro/libctru/lib\libctru.a(apt.o)
 .text.aptMainLoop
                0x00121318      0x208 e:/devkitPro/libctru/lib\libctru.a(apt.o)
                0x00121318                aptMainLoop
 .text.aptExit  0x00121520      0x148 e:/devkitPro/libctru/lib\libctru.a(apt.o)
                0x00121520                aptExit
 .text.aptLaunchLibraryApplet
                0x00121668       0xdc e:/devkitPro/libctru/lib\libctru.a(apt.o)
                0x00121668                aptLaunchLibraryApplet
 .text.APT_CheckNew3DS
                0x00121744       0x70 e:/devkitPro/libctru/lib\libctru.a(apt.o)
                0x00121744                APT_CheckNew3DS
 .text.APT_GetSharedFont
                0x001217b4       0x4c e:/devkitPro/libctru/lib\libctru.a(apt.o)
                0x001217b4                APT_GetSharedFont
 .text.fsSessionForArchive.part.0
                0x00121800       0x28 e:/devkitPro/libctru/lib\libctru.a(fs.o)
 .text.fsInit   0x00121828       0xcc e:/devkitPro/libctru/lib\libctru.a(fs.o)
                0x00121828                fsInit
 .text.fsExit   0x001218f4       0x38 e:/devkitPro/libctru/lib\libctru.a(fs.o)
                0x001218f4                fsExit
 .text.fsExemptFromSession
                0x0012192c       0x74 e:/devkitPro/libctru/lib\libctru.a(fs.o)
                0x0012192c                fsExemptFromSession
 .text.fsUnexemptFromSession
                0x001219a0       0x54 e:/devkitPro/libctru/lib\libctru.a(fs.o)
                0x001219a0                fsUnexemptFromSession
 .text.fsMakePath
                0x001219f4       0x88 e:/devkitPro/libctru/lib\libctru.a(fs.o)
                0x001219f4                fsMakePath
 .text.FSUSER_OpenFile
                0x00121a7c       0xbc e:/devkitPro/libctru/lib\libctru.a(fs.o)
                0x00121a7c                FSUSER_OpenFile
 .text.FSUSER_OpenFileDirectly
                0x00121b38       0xd4 e:/devkitPro/libctru/lib\libctru.a(fs.o)
                0x00121b38                FSUSER_OpenFileDirectly
 .text.FSUSER_DeleteFile
                0x00121c0c       0xa4 e:/devkitPro/libctru/lib\libctru.a(fs.o)
                0x00121c0c                FSUSER_DeleteFile
 .text.FSUSER_RenameFile
                0x00121cb0       0xe0 e:/devkitPro/libctru/lib\libctru.a(fs.o)
                0x00121cb0                FSUSER_RenameFile
 .text.FSUSER_DeleteDirectory
                0x00121d90       0xa4 e:/devkitPro/libctru/lib\libctru.a(fs.o)
                0x00121d90                FSUSER_DeleteDirectory
 .text.FSUSER_CreateFile
                0x00121e34       0xbc e:/devkitPro/libctru/lib\libctru.a(fs.o)
                0x00121e34                FSUSER_CreateFile
 .text.FSUSER_CreateDirectory
                0x00121ef0       0xac e:/devkitPro/libctru/lib\libctru.a(fs.o)
                0x00121ef0                FSUSER_CreateDirectory
 .text.FSUSER_RenameDirectory
                0x00121f9c       0xe0 e:/devkitPro/libctru/lib\libctru.a(fs.o)
                0x00121f9c                FSUSER_RenameDirectory
 .text.FSUSER_OpenDirectory
                0x0012207c       0xa4 e:/devkitPro/libctru/lib\libctru.a(fs.o)
                0x0012207c                FSUSER_OpenDirectory
 .text.FSUSER_OpenArchive
                0x00122120       0x98 e:/devkitPro/libctru/lib\libctru.a(fs.o)
                0x00122120                FSUSER_OpenArchive
 .text.FSUSER_CloseArchive
                0x001221b8       0x74 e:/devkitPro/libctru/lib\libctru.a(fs.o)
                0x001221b8                FSUSER_CloseArchive
 .text.FSUSER_GetSdmcArchiveResource
                0x0012222c       0x78 e:/devkitPro/libctru/lib\libctru.a(fs.o)
                0x0012222c                FSUSER_GetSdmcArchiveResource
 .text.FSUSER_IsSdmcWritable
                0x001222a4       0x64 e:/devkitPro/libctru/lib\libctru.a(fs.o)
                0x001222a4                FSUSER_IsSdmcWritable
 .text.FSFILE_Read
                0x00122308       0x5c e:/devkitPro/libctru/lib\libctru.a(fs.o)
                0x00122308                FSFILE_Read
 .text.FSFILE_Write
                0x00122364       0x64 e:/devkitPro/libctru/lib\libctru.a(fs.o)
                0x00122364                FSFILE_Write
 .text.FSFILE_GetSize
                0x001223c8       0x3c e:/devkitPro/libctru/lib\libctru.a(fs.o)
                0x001223c8                FSFILE_GetSize
 .text.FSFILE_SetSize
                0x00122404       0x2c e:/devkitPro/libctru/lib\libctru.a(fs.o)
                0x00122404                FSFILE_SetSize
 .text.FSFILE_Close
                0x00122430       0x3c e:/devkitPro/libctru/lib\libctru.a(fs.o)
                0x00122430                FSFILE_Close
 .text.FSFILE_Flush
                0x0012246c       0x24 e:/devkitPro/libctru/lib\libctru.a(fs.o)
                0x0012246c                FSFILE_Flush
 .text.FSDIR_Read
                0x00122490       0x54 e:/devkitPro/libctru/lib\libctru.a(fs.o)
                0x00122490                FSDIR_Read
 .text.FSDIR_Close
                0x001224e4       0x3c e:/devkitPro/libctru/lib\libctru.a(fs.o)
                0x001224e4                FSDIR_Close
 .text.gspEventThreadMain
                0x00122520      0x154 e:/devkitPro/libctru/lib\libctru.a(gspgpu.o)
 .text.gspInit  0x00122674       0x74 e:/devkitPro/libctru/lib\libctru.a(gspgpu.o)
                0x00122674                gspInit
 .text.gspExit  0x001226e8       0x3c e:/devkitPro/libctru/lib\libctru.a(gspgpu.o)
                0x001226e8                gspExit
 .text.gspSetEventCallback
                0x00122724       0x2c e:/devkitPro/libctru/lib\libctru.a(gspgpu.o)
                0x00122724                gspSetEventCallback
 .text.gspInitEventHandler
                0x00122750       0x84 e:/devkitPro/libctru/lib\libctru.a(gspgpu.o)
                0x00122750                gspInitEventHandler
 .text.gspExitEventHandler
                0x001227d4       0x30 e:/devkitPro/libctru/lib\libctru.a(gspgpu.o)
                0x001227d4                gspExitEventHandler
 .text.gspWaitForEvent
                0x00122804       0x44 e:/devkitPro/libctru/lib\libctru.a(gspgpu.o)
                0x00122804                gspWaitForEvent
 .text.gspWaitForAnyEvent
                0x00122848       0x64 e:/devkitPro/libctru/lib\libctru.a(gspgpu.o)
                0x00122848                gspWaitForAnyEvent
 .text.gspSubmitGxCommand
                0x001228ac      0x128 e:/devkitPro/libctru/lib\libctru.a(gspgpu.o)
                0x001228ac                gspSubmitGxCommand
 .text.GSPGPU_SetBufferSwap
                0x001229d4       0x6c e:/devkitPro/libctru/lib\libctru.a(gspgpu.o)
                0x001229d4                GSPGPU_SetBufferSwap
 .text.GSPGPU_FlushDataCache
                0x00122a40       0x4c e:/devkitPro/libctru/lib\libctru.a(gspgpu.o)
                0x00122a40                GSPGPU_FlushDataCache
 .text.GSPGPU_SetLcdForceBlack
                0x00122a8c       0x34 e:/devkitPro/libctru/lib\libctru.a(gspgpu.o)
                0x00122a8c                GSPGPU_SetLcdForceBlack
 .text.GSPGPU_RegisterInterruptRelayQueue
                0x00122ac0       0x64 e:/devkitPro/libctru/lib\libctru.a(gspgpu.o)
                0x00122ac0                GSPGPU_RegisterInterruptRelayQueue
 .text.GSPGPU_UnregisterInterruptRelayQueue
                0x00122b24       0x2c e:/devkitPro/libctru/lib\libctru.a(gspgpu.o)
                0x00122b24                GSPGPU_UnregisterInterruptRelayQueue
 .text.GSPGPU_AcquireRight
                0x00122b50       0x48 e:/devkitPro/libctru/lib\libctru.a(gspgpu.o)
                0x00122b50                GSPGPU_AcquireRight
 .text.GSPGPU_ReleaseRight
                0x00122b98       0x2c e:/devkitPro/libctru/lib\libctru.a(gspgpu.o)
                0x00122b98                GSPGPU_ReleaseRight
 .text.GSPGPU_ImportDisplayCaptureInfo
                0x00122bc4       0x80 e:/devkitPro/libctru/lib\libctru.a(gspgpu.o)
                0x00122bc4                GSPGPU_ImportDisplayCaptureInfo
 .text.GSPGPU_SaveVramSysArea
                0x00122c44       0x2c e:/devkitPro/libctru/lib\libctru.a(gspgpu.o)
                0x00122c44                GSPGPU_SaveVramSysArea
 .text.GSPGPU_RestoreVramSysArea
                0x00122c70       0x2c e:/devkitPro/libctru/lib\libctru.a(gspgpu.o)
                0x00122c70                GSPGPU_RestoreVramSysArea
 .text.hidExit  0x00122c9c       0xd8 e:/devkitPro/libctru/lib\libctru.a(hid.o)
                0x00122c9c                hidExit
 .text.hidScanInput
                0x00122d74      0x238 e:/devkitPro/libctru/lib\libctru.a(hid.o)
                0x00122d74                hidScanInput
 .text.hidKeysHeld
                0x00122fac       0x10 e:/devkitPro/libctru/lib\libctru.a(hid.o)
                0x00122fac                hidKeysHeld
 .text.hidKeysDown
                0x00122fbc       0x10 e:/devkitPro/libctru/lib\libctru.a(hid.o)
                0x00122fbc                hidKeysDown
 .text.hidKeysUp
                0x00122fcc       0x10 e:/devkitPro/libctru/lib\libctru.a(hid.o)
                0x00122fcc                hidKeysUp
 .text.hidTouchRead
                0x00122fdc       0x18 e:/devkitPro/libctru/lib\libctru.a(hid.o)
                0x00122fdc                hidTouchRead
 .text.hidCircleRead
                0x00122ff4       0x18 e:/devkitPro/libctru/lib\libctru.a(hid.o)
                0x00122ff4                hidCircleRead
 .text.HIDUSER_GetHandles
                0x0012300c       0x90 e:/devkitPro/libctru/lib\libctru.a(hid.o)
                0x0012300c                HIDUSER_GetHandles
 .text.hidInit  0x0012309c      0x184 e:/devkitPro/libctru/lib\libctru.a(hid.o)
                0x0012309c                hidInit
 .text.irrstScanInput
                0x00123220       0xb0 e:/devkitPro/libctru/lib\libctru.a(irrst.o)
                0x00123220                irrstScanInput
 .text.irrstKeysHeld
                0x001232d0       0x1c e:/devkitPro/libctru/lib\libctru.a(irrst.o)
                0x001232d0                irrstKeysHeld
 .text.IRRST_GetHandles
                0x001232ec       0x50 e:/devkitPro/libctru/lib\libctru.a(irrst.o)
                0x001232ec                IRRST_GetHandles
 .text.irrstInit
                0x0012333c      0x148 e:/devkitPro/libctru/lib\libctru.a(irrst.o)
                0x0012333c                irrstInit
 .text.IRRST_Shutdown
                0x00123484       0x2c e:/devkitPro/libctru/lib\libctru.a(irrst.o)
                0x00123484                IRRST_Shutdown
 .text.irrstExit
                0x001234b0       0xb0 e:/devkitPro/libctru/lib\libctru.a(irrst.o)
                0x001234b0                irrstExit
 .text.ptmSysmInit
                0x00123560       0x70 e:/devkitPro/libctru/lib\libctru.a(ptmsysm.o)
                0x00123560                ptmSysmInit
 .text.ptmSysmExit
                0x001235d0       0x34 e:/devkitPro/libctru/lib\libctru.a(ptmsysm.o)
                0x001235d0                ptmSysmExit
 .text.PTMSYSM_ConfigureNew3DSCPU
                0x00123604       0x34 e:/devkitPro/libctru/lib\libctru.a(ptmsysm.o)
                0x00123604                PTMSYSM_ConfigureNew3DSCPU
 .text.udsExit  0x00123638       0x94 e:/devkitPro/libctru/lib\libctru.a(uds.o)
                0x00123638                udsExit
 .text.udsGenerateNodeInfo
                0x001236cc       0xe4 e:/devkitPro/libctru/lib\libctru.a(uds.o)
                0x001236cc                udsGenerateNodeInfo
 .text.udsInit  0x001237b0      0x244 e:/devkitPro/libctru/lib\libctru.a(uds.o)
                0x001237b0                udsInit
 .text.udsGetNodeInfoUsername
                0x001239f4       0x28 e:/devkitPro/libctru/lib\libctru.a(uds.o)
                0x001239f4                udsGetNodeInfoUsername
 .text.udsCheckNodeInfoInitialized
                0x00123a1c       0x10 e:/devkitPro/libctru/lib\libctru.a(uds.o)
                0x00123a1c                udsCheckNodeInfoInitialized
 .text.udsGenerateDefaultNetworkStruct
                0x00123a2c       0x80 e:/devkitPro/libctru/lib\libctru.a(uds.o)
                0x00123a2c                udsGenerateDefaultNetworkStruct
 .text.udsDestroyNetwork
                0x00123aac       0x2c e:/devkitPro/libctru/lib\libctru.a(uds.o)
                0x00123aac                udsDestroyNetwork
 .text.udsDisconnectNetwork
                0x00123ad8       0x2c e:/devkitPro/libctru/lib\libctru.a(uds.o)
                0x00123ad8                udsDisconnectNetwork
 .text.udsGetConnectionStatus
                0x00123b04       0x88 e:/devkitPro/libctru/lib\libctru.a(uds.o)
                0x00123b04                udsGetConnectionStatus
 .text.udsWaitConnectionStatusEvent
                0x00123b8c       0x70 e:/devkitPro/libctru/lib\libctru.a(uds.o)
                0x00123b8c                udsWaitConnectionStatusEvent
 .text.udsGetNodeInformation
                0x00123bfc       0xa0 e:/devkitPro/libctru/lib\libctru.a(uds.o)
                0x00123bfc                udsGetNodeInformation
 .text.udsScanBeacons
                0x00123c9c      0x6d0 e:/devkitPro/libctru/lib\libctru.a(uds.o)
                0x00123c9c                udsScanBeacons
 .text.udsBind  0x0012436c       0xf0 e:/devkitPro/libctru/lib\libctru.a(uds.o)
                0x0012436c                udsBind
 .text.udsUnbind
                0x0012445c       0x90 e:/devkitPro/libctru/lib\libctru.a(uds.o)
                0x0012445c                udsUnbind
 .text.udsCreateNetwork
                0x001244ec      0x148 e:/devkitPro/libctru/lib\libctru.a(uds.o)
                0x001244ec                udsCreateNetwork
 .text.udsConnectNetwork
                0x00124634       0xe0 e:/devkitPro/libctru/lib\libctru.a(uds.o)
                0x00124634                udsConnectNetwork
 .text.udsPullPacket
                0x00124714       0x98 e:/devkitPro/libctru/lib\libctru.a(uds.o)
                0x00124714                udsPullPacket
 .text.udsSendTo
                0x001247ac       0x70 e:/devkitPro/libctru/lib\libctru.a(uds.o)
                0x001247ac                udsSendTo
 .text.udsGetChannel
                0x0012481c       0x40 e:/devkitPro/libctru/lib\libctru.a(uds.o)
                0x0012481c                udsGetChannel
 .text.swkbdConvertToUTF16.part.0
                0x0012485c       0x24 e:/devkitPro/libctru/lib\libctru.a(swkbd.o)
 .text.swkbdMessageCallback
                0x00124880      0x16c e:/devkitPro/libctru/lib\libctru.a(swkbd.o)
 .text.swkbdInit
                0x001249ec       0x78 e:/devkitPro/libctru/lib\libctru.a(swkbd.o)
                0x001249ec                swkbdInit
 .text.swkbdSetFeatures
                0x00124a64       0x3c e:/devkitPro/libctru/lib\libctru.a(swkbd.o)
                0x00124a64                swkbdSetFeatures
 .text.swkbdSetHintText
                0x00124aa0       0x2c e:/devkitPro/libctru/lib\libctru.a(swkbd.o)
                0x00124aa0                swkbdSetHintText
 .text.swkbdSetButton
                0x00124acc       0x54 e:/devkitPro/libctru/lib\libctru.a(swkbd.o)
                0x00124acc                swkbdSetButton
 .text.swkbdSetInitialText
                0x00124b20        0x8 e:/devkitPro/libctru/lib\libctru.a(swkbd.o)
                0x00124b20                swkbdSetInitialText
 .text.swkbdSetDictWord
                0x00124b28       0x78 e:/devkitPro/libctru/lib\libctru.a(swkbd.o)
                0x00124b28                swkbdSetDictWord
 .text.swkbdSetDictionary
                0x00124ba0       0x18 e:/devkitPro/libctru/lib\libctru.a(swkbd.o)
                0x00124ba0                swkbdSetDictionary
 .text.swkbdSetStatusData
                0x00124bb8       0x34 e:/devkitPro/libctru/lib\libctru.a(swkbd.o)
                0x00124bb8                swkbdSetStatusData
 .text.swkbdSetLearningData
                0x00124bec       0x34 e:/devkitPro/libctru/lib\libctru.a(swkbd.o)
                0x00124bec                swkbdSetLearningData
 .text.swkbdSetFilterCallback
                0x00124c20       0x14 e:/devkitPro/libctru/lib\libctru.a(swkbd.o)
                0x00124c20                swkbdSetFilterCallback
 .text.swkbdInputText
                0x00124c34      0x380 e:/devkitPro/libctru/lib\libctru.a(swkbd.o)
                0x00124c34                swkbdInputText
 .text.rbtree_find
                0x00124fb4       0x70 e:/devkitPro/libctru/lib\libctru.a(rbtree_find.o)
                0x00124fb4                rbtree_find
 .text.rbtree_init
                0x00125024       0x14 e:/devkitPro/libctru/lib\libctru.a(rbtree_init.o)
                0x00125024                rbtree_init
 .text.do_insert
                0x00125038      0x1d4 e:/devkitPro/libctru/lib\libctru.a(rbtree_insert.o)
 .text.rbtree_insert
                0x0012520c        0x8 e:/devkitPro/libctru/lib\libctru.a(rbtree_insert.o)
                0x0012520c                rbtree_insert
 .text.rbtree_remove
                0x00125214      0x35c e:/devkitPro/libctru/lib\libctru.a(rbtree_remove.o)
                0x00125214                rbtree_remove
 .text.rbtree_rotate
                0x00125570       0xac e:/devkitPro/libctru/lib\libctru.a(rbtree_rotate.o)
                0x00125570                rbtree_rotate
 .text.decode_utf8
                0x0012561c      0x138 e:/devkitPro/libctru/lib\libctru.a(decode_utf8.o)
                0x0012561c                decode_utf8
 .text.utf16_to_utf8
                0x00125754       0xe4 e:/devkitPro/libctru/lib\libctru.a(utf16_to_utf8.o)
                0x00125754                utf16_to_utf8
 .text.utf8_to_utf16
                0x00125838       0xbc e:/devkitPro/libctru/lib\libctru.a(utf8_to_utf16.o)
                0x00125838                utf8_to_utf16
 .text.osGetMemRegionSize
                0x001258f4       0x58 e:/devkitPro/libctru/lib\libctru.a(allocateHeaps.o)
 .text.__system_allocateHeaps
                0x0012594c      0x104 e:/devkitPro/libctru/lib\libctru.a(allocateHeaps.o)
                0x0012594c                __system_allocateHeaps
 .text.__system_initArgv
                0x00125a50       0xf0 e:/devkitPro/libctru/lib\libctru.a(initArgv.o)
                0x00125a50                __system_initArgv
 .text.__libctru_init
                0x00125b40       0x38 e:/devkitPro/libctru/lib\libctru.a(initSystem.o)
                0x00125b40                __libctru_init
 .text.__ctru_get_reent
                0x00125b78       0x30 e:/devkitPro/libctru/lib\libctru.a(syscalls.o)
 .text.__system_initSyscalls
                0x00125ba8       0xe4 e:/devkitPro/libctru/lib\libctru.a(syscalls.o)
                0x00125ba8                __system_initSyscalls
 .text.svcControlMemory
                0x00125c8c       0x20 e:/devkitPro/libctru/lib\libctru.a(svc.o)
                0x00125c8c                svcControlMemory
 .text.svcExitProcess
                0x00125cac        0x8 e:/devkitPro/libctru/lib\libctru.a(svc.o)
                0x00125cac                svcExitProcess
 .text.svcCreateThread
                0x00125cb4       0x20 e:/devkitPro/libctru/lib\libctru.a(svc.o)
                0x00125cb4                svcCreateThread
 .text.svcExitThread
                0x00125cd4        0x8 e:/devkitPro/libctru/lib\libctru.a(svc.o)
                0x00125cd4                svcExitThread
 .text.svcSleepThread
                0x00125cdc        0x8 e:/devkitPro/libctru/lib\libctru.a(svc.o)
                0x00125cdc                svcSleepThread
 .text.svcReleaseMutex
                0x00125ce4        0x8 e:/devkitPro/libctru/lib\libctru.a(svc.o)
                0x00125ce4                svcReleaseMutex
 .text.svcCreateEvent
                0x00125cec       0x14 e:/devkitPro/libctru/lib\libctru.a(svc.o)
                0x00125cec                svcCreateEvent
 .text.svcSignalEvent
                0x00125d00        0x8 e:/devkitPro/libctru/lib\libctru.a(svc.o)
                0x00125d00                svcSignalEvent
 .text.svcClearEvent
                0x00125d08        0x8 e:/devkitPro/libctru/lib\libctru.a(svc.o)
                0x00125d08                svcClearEvent
 .text.svcCreateMemoryBlock
                0x00125d10       0x18 e:/devkitPro/libctru/lib\libctru.a(svc.o)
                0x00125d10                svcCreateMemoryBlock
 .text.svcMapMemoryBlock
                0x00125d28        0x8 e:/devkitPro/libctru/lib\libctru.a(svc.o)
                0x00125d28                svcMapMemoryBlock
 .text.svcUnmapMemoryBlock
                0x00125d30        0x8 e:/devkitPro/libctru/lib\libctru.a(svc.o)
                0x00125d30                svcUnmapMemoryBlock
 .text.svcCreateAddressArbiter
                0x00125d38       0x14 e:/devkitPro/libctru/lib\libctru.a(svc.o)
                0x00125d38                svcCreateAddressArbiter
 .text.svcArbitrateAddress
                0x00125d4c       0x18 e:/devkitPro/libctru/lib\libctru.a(svc.o)
                0x00125d4c                svcArbitrateAddress
 .text.svcCloseHandle
                0x00125d64        0x8 e:/devkitPro/libctru/lib\libctru.a(svc.o)
                0x00125d64                svcCloseHandle
 .text.svcWaitSynchronization
                0x00125d6c        0x8 e:/devkitPro/libctru/lib\libctru.a(svc.o)
                0x00125d6c                svcWaitSynchronization
 .text.svcWaitSynchronizationN
                0x00125d74       0x28 e:/devkitPro/libctru/lib\libctru.a(svc.o)
                0x00125d74                svcWaitSynchronizationN
 .text.svcDuplicateHandle
                0x00125d9c       0x14 e:/devkitPro/libctru/lib\libctru.a(svc.o)
                0x00125d9c                svcDuplicateHandle
 .text.svcGetSystemTick
                0x00125db0        0x8 e:/devkitPro/libctru/lib\libctru.a(svc.o)
                0x00125db0                svcGetSystemTick
 .text.svcGetSystemInfo
                0x00125db8       0x18 e:/devkitPro/libctru/lib\libctru.a(svc.o)
                0x00125db8                svcGetSystemInfo
 .text.svcConnectToPort
                0x00125dd0       0x14 e:/devkitPro/libctru/lib\libctru.a(svc.o)
                0x00125dd0                svcConnectToPort
 .text.svcSendSyncRequest
                0x00125de4        0x8 e:/devkitPro/libctru/lib\libctru.a(svc.o)
                0x00125de4                svcSendSyncRequest
 .text.svcBreak
                0x00125dec        0x8 e:/devkitPro/libctru/lib\libctru.a(svc.o)
                0x00125dec                svcBreak
 .text.__aeabi_read_tp
                0x00125df4        0xc e:/devkitPro/libctru/lib\libctru.a(readtp.o)
                0x00125df4                __aeabi_read_tp
 .text._ZL21addrMapNodeComparatorPK11rbtree_nodeS1_
                0x00125e00       0x24 e:/devkitPro/libctru/lib\libctru.a(mappable.o)
 .text._ZL21addrMapNodeDestructorP11rbtree_node
                0x00125e24        0x4 e:/devkitPro/libctru/lib\libctru.a(mappable.o)
 .text.mappableAlloc
                0x00125e28       0xf4 e:/devkitPro/libctru/lib\libctru.a(mappable.o)
                0x00125e28                mappableAlloc
 .text.mappableFree
                0x00125f1c       0x50 e:/devkitPro/libctru/lib\libctru.a(mappable.o)
                0x00125f1c                mappableFree
 .text.envGetHandle
                0x00125f6c       0x94 e:/devkitPro/libctru/lib\libctru.a(env.o)
                0x00125f6c                envGetHandle
 .text.envDestroyHandles
                0x00126000       0x4c e:/devkitPro/libctru/lib\libctru.a(env.o)
                0x00126000                envDestroyHandles
 .text.srvExit  0x0012604c       0x50 e:/devkitPro/libctru/lib\libctru.a(srv.o)
                0x0012604c                srvExit
 .text.srvRegisterClient
                0x0012609c       0x38 e:/devkitPro/libctru/lib\libctru.a(srv.o)
                0x0012609c                srvRegisterClient
 .text.srvInit  0x001260d4       0x70 e:/devkitPro/libctru/lib\libctru.a(srv.o)
                0x001260d4                srvInit
 .text.srvGetServiceHandleDirect
                0x00126144       0x68 e:/devkitPro/libctru/lib\libctru.a(srv.o)
                0x00126144                srvGetServiceHandleDirect
 .text.srvGetServiceHandle
                0x001261ac       0x38 e:/devkitPro/libctru/lib\libctru.a(srv.o)
                0x001261ac                srvGetServiceHandle
 .text.LightLock_Unlock.part.1
                0x001261e4       0x34 e:/devkitPro/libctru/lib\libctru.a(synchronization.o)
 .text.__sync_init
                0x00126218        0xc e:/devkitPro/libctru/lib\libctru.a(synchronization.o)
                0x00126218                __sync_init
 .text.__sync_fini
                0x00126224       0x18 e:/devkitPro/libctru/lib\libctru.a(synchronization.o)
                0x00126224                __sync_fini
 .text.__sync_get_arbiter
                0x0012623c       0x10 e:/devkitPro/libctru/lib\libctru.a(synchronization.o)
                0x0012623c                __sync_get_arbiter
 .text.LightLock_Init
                0x0012624c       0x18 e:/devkitPro/libctru/lib\libctru.a(synchronization.o)
                0x0012624c                LightLock_Init
 .text.LightLock_Lock
                0x00126264       0x94 e:/devkitPro/libctru/lib\libctru.a(synchronization.o)
                0x00126264                LightLock_Lock
 .text.LightLock_TryLock
                0x001262f8       0x34 e:/devkitPro/libctru/lib\libctru.a(synchronization.o)
                0x001262f8                LightLock_TryLock
 .text.LightLock_Unlock
                0x0012632c       0x20 e:/devkitPro/libctru/lib\libctru.a(synchronization.o)
                0x0012632c                LightLock_Unlock
 .text.RecursiveLock_Init
                0x0012634c       0x24 e:/devkitPro/libctru/lib\libctru.a(synchronization.o)
                0x0012634c                RecursiveLock_Init
 .text.RecursiveLock_Lock
                0x00126370       0x30 e:/devkitPro/libctru/lib\libctru.a(synchronization.o)
                0x00126370                RecursiveLock_Lock
 .text.RecursiveLock_TryLock
                0x001263a0       0x58 e:/devkitPro/libctru/lib\libctru.a(synchronization.o)
                0x001263a0                RecursiveLock_TryLock
 .text.RecursiveLock_Unlock
                0x001263f8       0x38 e:/devkitPro/libctru/lib\libctru.a(synchronization.o)
                0x001263f8                RecursiveLock_Unlock
 .text.LightEvent_Init
                0x00126430       0x38 e:/devkitPro/libctru/lib\libctru.a(synchronization.o)
                0x00126430                LightEvent_Init
 .text.LightEvent_Clear
                0x00126468       0x7c e:/devkitPro/libctru/lib\libctru.a(synchronization.o)
                0x00126468                LightEvent_Clear
 .text.LightEvent_Signal
                0x001264e4       0xdc e:/devkitPro/libctru/lib\libctru.a(synchronization.o)
                0x001264e4                LightEvent_Signal
 .text.LightEvent_Wait
                0x001265c0       0xc8 e:/devkitPro/libctru/lib\libctru.a(synchronization.o)
                0x001265c0                LightEvent_Wait
 .text.threadCreate
                0x00126688      0x1c8 e:/devkitPro/libctru/lib\libctru.a(thread.o)
                0x00126688                threadCreate
 .text.threadJoin
                0x00126850       0x24 e:/devkitPro/libctru/lib\libctru.a(thread.o)
                0x00126850                threadJoin
 .text.threadExit
                0x00126874       0x6c e:/devkitPro/libctru/lib\libctru.a(thread.o)
                0x00126874                threadExit
 .text._thread_begin
                0x001268e0       0x40 e:/devkitPro/libctru/lib\libctru.a(thread.o)
 .text.cfguInit
                0x00126920       0xa0 e:/devkitPro/libctru/lib\libctru.a(cfgu.o)
                0x00126920                cfguInit
 .text.cfguExit
                0x001269c0       0x34 e:/devkitPro/libctru/lib\libctru.a(cfgu.o)
                0x001269c0                cfguExit
 .text.CFGU_GetConfigInfoBlk2
                0x001269f4       0x48 e:/devkitPro/libctru/lib\libctru.a(cfgu.o)
                0x001269f4                CFGU_GetConfigInfoBlk2
 .text.ndmuInit
                0x00126a3c       0x74 e:/devkitPro/libctru/lib\libctru.a(ndm.o)
                0x00126a3c                ndmuInit
 .text.ndmuExit
                0x00126ab0       0x48 e:/devkitPro/libctru/lib\libctru.a(ndm.o)
                0x00126ab0                ndmuExit
 .text.ndmuEnterExclusiveState
                0x00126af8       0x3c e:/devkitPro/libctru/lib\libctru.a(ndm.o)
                0x00126af8                ndmuEnterExclusiveState
 .text.ndmuLeaveExclusiveState
                0x00126b34       0x38 e:/devkitPro/libctru/lib\libctru.a(ndm.o)
                0x00126b34                ndmuLeaveExclusiveState
 .text.rbtree_node_next
                0x00126b6c       0x8c e:/devkitPro/libctru/lib\libctru.a(rbtree_iterator.o)
                0x00126b6c                rbtree_node_next
 .text.decode_utf16
                0x00126bf8       0x60 e:/devkitPro/libctru/lib\libctru.a(decode_utf16.o)
                0x00126bf8                decode_utf16
 .text.encode_utf16
                0x00126c58       0x68 e:/devkitPro/libctru/lib\libctru.a(encode_utf16.o)
                0x00126c58                encode_utf16
 .text.encode_utf8
                0x00126cc0      0x104 e:/devkitPro/libctru/lib\libctru.a(encode_utf8.o)
                0x00126cc0                encode_utf8
 .text.__appExit
                0x00126dc4       0x1c e:/devkitPro/libctru/lib\libctru.a(appExit.o)
                0x00126dc4                __appExit
 .text.__appInit
                0x00126de0       0x1c e:/devkitPro/libctru/lib\libctru.a(appInit.o)
                0x00126de0                __appInit
 .text.__libctru_exit
                0x00126dfc       0xa4 e:/devkitPro/libctru/lib\libctru.a(ctru_exit.o)
                0x00126dfc                __libctru_exit
 .text.bsearch  0x00126ea0       0x78 e:/devkitpro/devkitarm/bin/../lib/gcc/arm-none-eabi/5.3.0/../../../../arm-none-eabi/lib/armv6k/fpu\libg.a(lib_a-bsearch.o)
                0x00126ea0                bsearch
 .text.calloc   0x00126f18       0x20 e:/devkitpro/devkitarm/bin/../lib/gcc/arm-none-eabi/5.3.0/../../../../arm-none-eabi/lib/armv6k/fpu\libg.a(lib_a-calloc.o)
                0x00126f18                calloc
 .text._calloc_r
                0x00126f38       0x90 e:/devkitpro/devkitarm/bin/../lib/gcc/arm-none-eabi/5.3.0/../../../../arm-none-eabi/lib/armv6k/fpu\libg.a(lib_a-callocr.o)
                0x00126f38                _calloc_r
 .text.__errno  0x00126fc8        0xc e:/devkitpro/devkitarm/bin/../lib/gcc/arm-none-eabi/5.3.0/../../../../arm-none-eabi/lib/armv6k/fpu\libg.a(lib_a-errno.o)
                0x00126fc8                __errno
 .text._fclose_r
                0x00126fd4      0x120 e:/devkitpro/devkitarm/bin/../lib/gcc/arm-none-eabi/5.3.0/../../../../arm-none-eabi/lib/armv6k/fpu\libg.a(lib_a-fclose.o)
                0x00126fd4                _fclose_r
 .text.fclose   0x001270f4       0x18 e:/devkitpro/devkitarm/bin/../lib/gcc/arm-none-eabi/5.3.0/../../../../arm-none-eabi/lib/armv6k/fpu\libg.a(lib_a-fclose.o)
                0x001270f4                fclose
 .text.__sflush_r
                0x0012710c      0x230 e:/devkitpro/devkitarm/bin/../lib/gcc/arm-none-eabi/5.3.0/../../../../arm-none-eabi/lib/armv6k/fpu\libg.a(lib_a-fflush.o)
                0x0012710c                __sflush_r
 .text._fflush_r
                0x0012733c       0x90 e:/devkitpro/devkitarm/bin/../lib/gcc/arm-none-eabi/5.3.0/../../../../arm-none-eabi/lib/armv6k/fpu\libg.a(lib_a-fflush.o)
                0x0012733c                _fflush_r
 .text.fflush   0x001273cc       0x38 e:/devkitpro/devkitarm/bin/../lib/gcc/arm-none-eabi/5.3.0/../../../../arm-none-eabi/lib/armv6k/fpu\libg.a(lib_a-fflush.o)
                0x001273cc                fflush
 .text._cleanup_r
                0x00127404        0xc e:/devkitpro/devkitarm/bin/../lib/gcc/arm-none-eabi/5.3.0/../../../../arm-none-eabi/lib/armv6k/fpu\libg.a(lib_a-findfp.o)
                0x00127404                _cleanup_r
 .text.std.isra.0
                0x00127410       0x80 e:/devkitpro/devkitarm/bin/../lib/gcc/arm-none-eabi/5.3.0/../../../../arm-none-eabi/lib/armv6k/fpu\libg.a(lib_a-findfp.o)
 .text.__sfmoreglue
                0x00127490       0x48 e:/devkitpro/devkitarm/bin/../lib/gcc/arm-none-eabi/5.3.0/../../../../arm-none-eabi/lib/armv6k/fpu\libg.a(lib_a-findfp.o)
                0x00127490                __sfmoreglue
 .text.__sinit  0x001274d8       0x8c e:/devkitpro/devkitarm/bin/../lib/gcc/arm-none-eabi/5.3.0/../../../../arm-none-eabi/lib/armv6k/fpu\libg.a(lib_a-findfp.o)
                0x001274d8                __sinit
 .text.__sfp    0x00127564      0x11c e:/devkitpro/devkitarm/bin/../lib/gcc/arm-none-eabi/5.3.0/../../../../arm-none-eabi/lib/armv6k/fpu\libg.a(lib_a-findfp.o)
                0x00127564                __sfp
 .text.__sfp_lock_acquire
                0x00127680        0xc e:/devkitpro/devkitarm/bin/../lib/gcc/arm-none-eabi/5.3.0/../../../../arm-none-eabi/lib/armv6k/fpu\libg.a(lib_a-findfp.o)
                0x00127680                __sfp_lock_acquire
 .text.__sfp_lock_release
                0x0012768c        0xc e:/devkitpro/devkitarm/bin/../lib/gcc/arm-none-eabi/5.3.0/../../../../arm-none-eabi/lib/armv6k/fpu\libg.a(lib_a-findfp.o)
                0x0012768c                __sfp_lock_release
 .text.__libc_fini_array
                0x00127698       0x3c e:/devkitpro/devkitarm/bin/../lib/gcc/arm-none-eabi/5.3.0/../../../../arm-none-eabi/lib/armv6k/fpu\libg.a(lib_a-fini.o)
                0x00127698                __libc_fini_array
 .text._fopen_r
                0x001276d4      0x13c e:/devkitpro/devkitarm/bin/../lib/gcc/arm-none-eabi/5.3.0/../../../../arm-none-eabi/lib/armv6k/fpu\libg.a(lib_a-fopen.o)
                0x001276d4                _fopen_r
 .text.fopen    0x00127810       0x20 e:/devkitpro/devkitarm/bin/../lib/gcc/arm-none-eabi/5.3.0/../../../../arm-none-eabi/lib/armv6k/fpu\libg.a(lib_a-fopen.o)
                0x00127810                fopen
 .text._malloc_trim_r
                0x00127830       0xf8 e:/devkitpro/devkitarm/bin/../lib/gcc/arm-none-eabi/5.3.0/../../../../arm-none-eabi/lib/armv6k/fpu\libg.a(lib_a-freer.o)
                0x00127830                _malloc_trim_r
 .text._free_r  0x00127928      0x2e4 e:/devkitpro/devkitarm/bin/../lib/gcc/arm-none-eabi/5.3.0/../../../../arm-none-eabi/lib/armv6k/fpu\libg.a(lib_a-freer.o)
                0x00127928                _free_r
 .text._fseek_r
                0x00127c0c        0x4 e:/devkitpro/devkitarm/bin/../lib/gcc/arm-none-eabi/5.3.0/../../../../arm-none-eabi/lib/armv6k/fpu\libg.a(lib_a-fseek.o)
                0x00127c0c                _fseek_r
 .text._fseeko_r
                0x00127c10      0x4f8 e:/devkitpro/devkitarm/bin/../lib/gcc/arm-none-eabi/5.3.0/../../../../arm-none-eabi/lib/armv6k/fpu\libg.a(lib_a-fseeko.o)
                0x00127c10                _fseeko_r
 .text._fwalk   0x00128108       0x78 e:/devkitpro/devkitarm/bin/../lib/gcc/arm-none-eabi/5.3.0/../../../../arm-none-eabi/lib/armv6k/fpu\libg.a(lib_a-fwalk.o)
                0x00128108                _fwalk
 .text._fwalk_reent
                0x00128180       0x80 e:/devkitpro/devkitarm/bin/../lib/gcc/arm-none-eabi/5.3.0/../../../../arm-none-eabi/lib/armv6k/fpu\libg.a(lib_a-fwalk.o)
                0x00128180                _fwalk_reent
 .text.__libc_init_array
                0x00128200       0x78 e:/devkitpro/devkitarm/bin/../lib/gcc/arm-none-eabi/5.3.0/../../../../arm-none-eabi/lib/armv6k/fpu\libg.a(lib_a-init.o)
                0x00128200                __libc_init_array
 .text.__smakebuf_r
                0x00128278      0x160 e:/devkitpro/devkitarm/bin/../lib/gcc/arm-none-eabi/5.3.0/../../../../arm-none-eabi/lib/armv6k/fpu\libg.a(lib_a-makebuf.o)
                0x00128278                __smakebuf_r
 .text.memalign
                0x001283d8       0x20 e:/devkitpro/devkitarm/bin/../lib/gcc/arm-none-eabi/5.3.0/../../../../arm-none-eabi/lib/armv6k/fpu\libg.a(lib_a-malign.o)
                0x001283d8                memalign
 .text._memalign_r
                0x001283f8      0x15c e:/devkitpro/devkitarm/bin/../lib/gcc/arm-none-eabi/5.3.0/../../../../arm-none-eabi/lib/armv6k/fpu\libg.a(lib_a-malignr.o)
                0x001283f8                _memalign_r
 .text.malloc   0x00128554       0x18 e:/devkitpro/devkitarm/bin/../lib/gcc/arm-none-eabi/5.3.0/../../../../arm-none-eabi/lib/armv6k/fpu\libg.a(lib_a-malloc.o)
                0x00128554                malloc
 .text.free     0x0012856c       0x18 e:/devkitpro/devkitarm/bin/../lib/gcc/arm-none-eabi/5.3.0/../../../../arm-none-eabi/lib/armv6k/fpu\libg.a(lib_a-malloc.o)
                0x0012856c                free
 .text._malloc_r
                0x00128584      0x7a8 e:/devkitpro/devkitarm/bin/../lib/gcc/arm-none-eabi/5.3.0/../../../../arm-none-eabi/lib/armv6k/fpu\libg.a(lib_a-mallocr.o)
                0x00128584                _malloc_r
 .text.memcmp   0x00128d2c       0xa8 e:/devkitpro/devkitarm/bin/../lib/gcc/arm-none-eabi/5.3.0/../../../../arm-none-eabi/lib/armv6k/fpu\libg.a(lib_a-memcmp.o)
                0x00128d2c                memcmp
 .text.memcpy   0x00128dd4       0xf0 e:/devkitpro/devkitarm/bin/../lib/gcc/arm-none-eabi/5.3.0/../../../../arm-none-eabi/lib/armv6k/fpu\libg.a(lib_a-memcpy.o)
                0x00128dd4                memcpy
 .text.memset   0x00128ec4       0xf4 e:/devkitpro/devkitarm/bin/../lib/gcc/arm-none-eabi/5.3.0/../../../../arm-none-eabi/lib/armv6k/fpu\libg.a(lib_a-memset.o)
                0x00128ec4                memset
 .text.__malloc_lock
                0x00128fb8        0xc e:/devkitpro/devkitarm/bin/../lib/gcc/arm-none-eabi/5.3.0/../../../../arm-none-eabi/lib/armv6k/fpu\libg.a(lib_a-mlock.o)
                0x00128fb8                __malloc_lock
 .text.__malloc_unlock
                0x00128fc4        0xc e:/devkitpro/devkitarm/bin/../lib/gcc/arm-none-eabi/5.3.0/../../../../arm-none-eabi/lib/armv6k/fpu\libg.a(lib_a-mlock.o)
                0x00128fc4                __malloc_unlock
 .text.srand    0x00128fd0       0x1c e:/devkitpro/devkitarm/bin/../lib/gcc/arm-none-eabi/5.3.0/../../../../arm-none-eabi/lib/armv6k/fpu\libg.a(lib_a-rand.o)
                0x00128fd0                srand
 .text.rand     0x00128fec       0x44 e:/devkitpro/devkitarm/bin/../lib/gcc/arm-none-eabi/5.3.0/../../../../arm-none-eabi/lib/armv6k/fpu\libg.a(lib_a-rand.o)
                0x00128fec                rand
 .text.realloc  0x00129030       0x20 e:/devkitpro/devkitarm/bin/../lib/gcc/arm-none-eabi/5.3.0/../../../../arm-none-eabi/lib/armv6k/fpu\libg.a(lib_a-realloc.o)
                0x00129030                realloc
 .text._realloc_r
                0x00129050      0x4c0 e:/devkitpro/devkitarm/bin/../lib/gcc/arm-none-eabi/5.3.0/../../../../arm-none-eabi/lib/armv6k/fpu\libg.a(lib_a-reallocr.o)
                0x00129050                _realloc_r
 .text.lflush   0x00129510       0x1c e:/devkitpro/devkitarm/bin/../lib/gcc/arm-none-eabi/5.3.0/../../../../arm-none-eabi/lib/armv6k/fpu\libg.a(lib_a-refill.o)
 .text.__srefill_r
                0x0012952c      0x1d8 e:/devkitpro/devkitarm/bin/../lib/gcc/arm-none-eabi/5.3.0/../../../../arm-none-eabi/lib/armv6k/fpu\libg.a(lib_a-refill.o)
                0x0012952c                __srefill_r
 .text.snprintf
                0x00129704       0xe0 e:/devkitpro/devkitarm/bin/../lib/gcc/arm-none-eabi/5.3.0/../../../../arm-none-eabi/lib/armv6k/fpu\libg.a(lib_a-snprintf.o)
                0x00129704                snprintf
 .text.sscanf   0x001297e4       0x74 e:/devkitpro/devkitarm/bin/../lib/gcc/arm-none-eabi/5.3.0/../../../../arm-none-eabi/lib/armv6k/fpu\libg.a(lib_a-sscanf.o)
                0x001297e4                sscanf
 .text.__sread  0x00129858       0x30 e:/devkitpro/devkitarm/bin/../lib/gcc/arm-none-eabi/5.3.0/../../../../arm-none-eabi/lib/armv6k/fpu\libg.a(lib_a-stdio.o)
                0x00129858                __sread
 .text.__seofread
                0x00129888        0x8 e:/devkitpro/devkitarm/bin/../lib/gcc/arm-none-eabi/5.3.0/../../../../arm-none-eabi/lib/armv6k/fpu\libg.a(lib_a-stdio.o)
                0x00129888                __seofread
 .text.__swrite
                0x00129890       0x54 e:/devkitpro/devkitarm/bin/../lib/gcc/arm-none-eabi/5.3.0/../../../../arm-none-eabi/lib/armv6k/fpu\libg.a(lib_a-stdio.o)
                0x00129890                __swrite
 .text.__sseek  0x001298e4       0x2c e:/devkitpro/devkitarm/bin/../lib/gcc/arm-none-eabi/5.3.0/../../../../arm-none-eabi/lib/armv6k/fpu\libg.a(lib_a-stdio.o)
                0x001298e4                __sseek
 .text.__sclose
                0x00129910        0x8 e:/devkitpro/devkitarm/bin/../lib/gcc/arm-none-eabi/5.3.0/../../../../arm-none-eabi/lib/armv6k/fpu\libg.a(lib_a-stdio.o)
                0x00129910                __sclose
 .text.stpcpy   0x00129918       0x80 e:/devkitpro/devkitarm/bin/../lib/gcc/arm-none-eabi/5.3.0/../../../../arm-none-eabi/lib/armv6k/fpu\libg.a(lib_a-stpcpy.o)
                0x00129918                stpcpy
 .text.strcat   0x00129998       0x80 e:/devkitpro/devkitarm/bin/../lib/gcc/arm-none-eabi/5.3.0/../../../../arm-none-eabi/lib/armv6k/fpu\libg.a(lib_a-strcat.o)
                0x00129998                strcat
 .text.strchr   0x00129a18      0x15c e:/devkitpro/devkitarm/bin/../lib/gcc/arm-none-eabi/5.3.0/../../../../arm-none-eabi/lib/armv6k/fpu\libg.a(lib_a-strchr.o)
                0x00129a18                strchr
 .text.strcpy   0x00129b74       0xf0 e:/devkitpro/devkitarm/bin/../lib/gcc/arm-none-eabi/5.3.0/../../../../arm-none-eabi/lib/armv6k/fpu\libg.a(lib_a-strcpy.o)
                0x00129b74                strcpy
 .text.strlen   0x00129c64       0x5c e:/devkitpro/devkitarm/bin/../lib/gcc/arm-none-eabi/5.3.0/../../../../arm-none-eabi/lib/armv6k/fpu\libg.a(lib_a-strlen.o)
                0x00129c64                strlen
 .text.strncat  0x00129cc0       0xa4 e:/devkitpro/devkitarm/bin/../lib/gcc/arm-none-eabi/5.3.0/../../../../arm-none-eabi/lib/armv6k/fpu\libg.a(lib_a-strncat.o)
                0x00129cc0                strncat
 .text.strncpy  0x00129d64       0xe0 e:/devkitpro/devkitarm/bin/../lib/gcc/arm-none-eabi/5.3.0/../../../../arm-none-eabi/lib/armv6k/fpu\libg.a(lib_a-strncpy.o)
                0x00129d64                strncpy
 .text.critical_factorization
                0x00129e44      0x118 e:/devkitpro/devkitarm/bin/../lib/gcc/arm-none-eabi/5.3.0/../../../../arm-none-eabi/lib/armv6k/fpu\libg.a(lib_a-strstr.o)
 .text.two_way_long_needle
                0x00129f5c      0x38c e:/devkitpro/devkitarm/bin/../lib/gcc/arm-none-eabi/5.3.0/../../../../arm-none-eabi/lib/armv6k/fpu\libg.a(lib_a-strstr.o)
 .text.strstr   0x0012a2e8      0x36c e:/devkitpro/devkitarm/bin/../lib/gcc/arm-none-eabi/5.3.0/../../../../arm-none-eabi/lib/armv6k/fpu\libg.a(lib_a-strstr.o)
                0x0012a2e8                strstr
 .text.get_arg  0x0012a654     0x161c e:/devkitpro/devkitarm/bin/../lib/gcc/arm-none-eabi/5.3.0/../../../../arm-none-eabi/lib/armv6k/fpu\libg.a(lib_a-svfprintf.o)
 .text._svfprintf_r
                0x0012bc70     0x4a00 e:/devkitpro/devkitarm/bin/../lib/gcc/arm-none-eabi/5.3.0/../../../../arm-none-eabi/lib/armv6k/fpu\libg.a(lib_a-svfprintf.o)
                0x0012bc70                _svfprintf_r
 .text.__ssvfscanf_r
                0x00130670     0x2c20 e:/devkitpro/devkitarm/bin/../lib/gcc/arm-none-eabi/5.3.0/../../../../arm-none-eabi/lib/armv6k/fpu\libg.a(lib_a-svfscanf.o)
                0x00130670                __ssvfscanf_r
 .text.time     0x00133290       0x40 e:/devkitpro/devkitarm/bin/../lib/gcc/arm-none-eabi/5.3.0/../../../../arm-none-eabi/lib/armv6k/fpu\libg.a(lib_a-time.o)
                0x00133290                time
 .text._wcrtomb_r
                0x001332d0       0x8c e:/devkitpro/devkitarm/bin/../lib/gcc/arm-none-eabi/5.3.0/../../../../arm-none-eabi/lib/armv6k/fpu\libg.a(lib_a-wcrtomb.o)
                0x001332d0                _wcrtomb_r
 .text._wcsrtombs_r
                0x0013335c       0x20 e:/devkitpro/devkitarm/bin/../lib/gcc/arm-none-eabi/5.3.0/../../../../arm-none-eabi/lib/armv6k/fpu\libg.a(lib_a-wcsrtombs.o)
                0x0013335c                _wcsrtombs_r
 .text.__utf8_wctomb
                0x0013337c      0x114 e:/devkitpro/devkitarm/bin/../lib/gcc/arm-none-eabi/5.3.0/../../../../arm-none-eabi/lib/armv6k/fpu\libg.a(lib_a-wctomb_r.o)
                0x0013337c                __utf8_wctomb
 .text.quorem   0x00133490      0x1bc e:/devkitpro/devkitarm/bin/../lib/gcc/arm-none-eabi/5.3.0/../../../../arm-none-eabi/lib/armv6k/fpu\libg.a(lib_a-dtoa.o)
 *fill*         0x0013364c        0x4 
 .text._dtoa_r  0x00133650     0x12c8 e:/devkitpro/devkitarm/bin/../lib/gcc/arm-none-eabi/5.3.0/../../../../arm-none-eabi/lib/armv6k/fpu\libg.a(lib_a-dtoa.o)
                0x00133650                _dtoa_r
 .text.__sflags
                0x00134918       0xb0 e:/devkitpro/devkitarm/bin/../lib/gcc/arm-none-eabi/5.3.0/../../../../arm-none-eabi/lib/armv6k/fpu\libg.a(lib_a-flags.o)
                0x00134918                __sflags
 .text.iswspace
                0x001349c8       0x74 e:/devkitpro/devkitarm/bin/../lib/gcc/arm-none-eabi/5.3.0/../../../../arm-none-eabi/lib/armv6k/fpu\libg.a(lib_a-iswspace.o)
                0x001349c8                iswspace
 .text.__jp2uc  0x00134a3c      0x204 e:/devkitpro/devkitarm/bin/../lib/gcc/arm-none-eabi/5.3.0/../../../../arm-none-eabi/lib/armv6k/fpu\libg.a(lib_a-jp2uc.o)
 .text._jp2uc   0x00134c40       0x84 e:/devkitpro/devkitarm/bin/../lib/gcc/arm-none-eabi/5.3.0/../../../../arm-none-eabi/lib/armv6k/fpu\libg.a(lib_a-jp2uc.o)
                0x00134c40                _jp2uc
 .text.__locale_charset
                0x00134cc4        0xc e:/devkitpro/devkitarm/bin/../lib/gcc/arm-none-eabi/5.3.0/../../../../arm-none-eabi/lib/armv6k/fpu\libg.a(lib_a-locale.o)
                0x00134cc4                __locale_charset
 .text.__locale_mb_cur_max
                0x00134cd0       0x10 e:/devkitpro/devkitarm/bin/../lib/gcc/arm-none-eabi/5.3.0/../../../../arm-none-eabi/lib/armv6k/fpu\libg.a(lib_a-locale.o)
                0x00134cd0                __locale_mb_cur_max
 .text._localeconv_r
                0x00134ce0        0xc e:/devkitpro/devkitarm/bin/../lib/gcc/arm-none-eabi/5.3.0/../../../../arm-none-eabi/lib/armv6k/fpu\libg.a(lib_a-locale.o)
                0x00134ce0                _localeconv_r
 .text._mbrtowc_r
                0x00134cec       0x98 e:/devkitpro/devkitarm/bin/../lib/gcc/arm-none-eabi/5.3.0/../../../../arm-none-eabi/lib/armv6k/fpu\libg.a(lib_a-mbrtowc.o)
                0x00134cec                _mbrtowc_r
 .text.__utf8_mbtowc
                0x00134d84      0x2fc e:/devkitpro/devkitarm/bin/../lib/gcc/arm-none-eabi/5.3.0/../../../../arm-none-eabi/lib/armv6k/fpu\libg.a(lib_a-mbtowc_r.o)
                0x00134d84                __utf8_mbtowc
 .text.memchr   0x00135080      0x100 e:/devkitpro/devkitarm/bin/../lib/gcc/arm-none-eabi/5.3.0/../../../../arm-none-eabi/lib/armv6k/fpu\libg.a(lib_a-memchr.o)
                0x00135080                memchr
 .text.memmove  0x00135180      0x128 e:/devkitpro/devkitarm/bin/../lib/gcc/arm-none-eabi/5.3.0/../../../../arm-none-eabi/lib/armv6k/fpu\libg.a(lib_a-memmove.o)
                0x00135180                memmove
 .text._Balloc  0x001352a8       0x8c e:/devkitpro/devkitarm/bin/../lib/gcc/arm-none-eabi/5.3.0/../../../../arm-none-eabi/lib/armv6k/fpu\libg.a(lib_a-mprec.o)
                0x001352a8                _Balloc
 .text._Bfree   0x00135334       0x1c e:/devkitpro/devkitarm/bin/../lib/gcc/arm-none-eabi/5.3.0/../../../../arm-none-eabi/lib/armv6k/fpu\libg.a(lib_a-mprec.o)
                0x00135334                _Bfree
 .text.__multadd
                0x00135350       0xd0 e:/devkitpro/devkitarm/bin/../lib/gcc/arm-none-eabi/5.3.0/../../../../arm-none-eabi/lib/armv6k/fpu\libg.a(lib_a-mprec.o)
                0x00135350                __multadd
 .text.__s2b    0x00135420       0xe4 e:/devkitpro/devkitarm/bin/../lib/gcc/arm-none-eabi/5.3.0/../../../../arm-none-eabi/lib/armv6k/fpu\libg.a(lib_a-mprec.o)
                0x00135420                __s2b
 .text.__hi0bits
                0x00135504       0x5c e:/devkitpro/devkitarm/bin/../lib/gcc/arm-none-eabi/5.3.0/../../../../arm-none-eabi/lib/armv6k/fpu\libg.a(lib_a-mprec.o)
                0x00135504                __hi0bits
 .text.__lo0bits
                0x00135560       0x98 e:/devkitpro/devkitarm/bin/../lib/gcc/arm-none-eabi/5.3.0/../../../../arm-none-eabi/lib/armv6k/fpu\libg.a(lib_a-mprec.o)
                0x00135560                __lo0bits
 .text.__i2b    0x001355f8       0x20 e:/devkitpro/devkitarm/bin/../lib/gcc/arm-none-eabi/5.3.0/../../../../arm-none-eabi/lib/armv6k/fpu\libg.a(lib_a-mprec.o)
                0x001355f8                __i2b
 .text.__multiply
                0x00135618      0x1dc e:/devkitpro/devkitarm/bin/../lib/gcc/arm-none-eabi/5.3.0/../../../../arm-none-eabi/lib/armv6k/fpu\libg.a(lib_a-mprec.o)
                0x00135618                __multiply
 .text.__pow5mult
                0x001357f4      0x100 e:/devkitpro/devkitarm/bin/../lib/gcc/arm-none-eabi/5.3.0/../../../../arm-none-eabi/lib/armv6k/fpu\libg.a(lib_a-mprec.o)
                0x001357f4                __pow5mult
 .text.__lshift
                0x001358f4       0xf0 e:/devkitpro/devkitarm/bin/../lib/gcc/arm-none-eabi/5.3.0/../../../../arm-none-eabi/lib/armv6k/fpu\libg.a(lib_a-mprec.o)
                0x001358f4                __lshift
 .text.__mcmp   0x001359e4       0x64 e:/devkitpro/devkitarm/bin/../lib/gcc/arm-none-eabi/5.3.0/../../../../arm-none-eabi/lib/armv6k/fpu\libg.a(lib_a-mprec.o)
                0x001359e4                __mcmp
 .text.__mdiff  0x00135a48      0x198 e:/devkitpro/devkitarm/bin/../lib/gcc/arm-none-eabi/5.3.0/../../../../arm-none-eabi/lib/armv6k/fpu\libg.a(lib_a-mprec.o)
                0x00135a48                __mdiff
 .text.__ulp    0x00135be0       0x78 e:/devkitpro/devkitarm/bin/../lib/gcc/arm-none-eabi/5.3.0/../../../../arm-none-eabi/lib/armv6k/fpu\libg.a(lib_a-mprec.o)
                0x00135be0                __ulp
 .text.__b2d    0x00135c58       0xd4 e:/devkitpro/devkitarm/bin/../lib/gcc/arm-none-eabi/5.3.0/../../../../arm-none-eabi/lib/armv6k/fpu\libg.a(lib_a-mprec.o)
                0x00135c58                __b2d
 .text.__d2b    0x00135d2c      0x104 e:/devkitpro/devkitarm/bin/../lib/gcc/arm-none-eabi/5.3.0/../../../../arm-none-eabi/lib/armv6k/fpu\libg.a(lib_a-mprec.o)
                0x00135d2c                __d2b
 .text.__ratio  0x00135e30       0x78 e:/devkitpro/devkitarm/bin/../lib/gcc/arm-none-eabi/5.3.0/../../../../arm-none-eabi/lib/armv6k/fpu\libg.a(lib_a-mprec.o)
                0x00135e30                __ratio
 .text.__copybits
                0x00135ea8       0x6c e:/devkitpro/devkitarm/bin/../lib/gcc/arm-none-eabi/5.3.0/../../../../arm-none-eabi/lib/armv6k/fpu\libg.a(lib_a-mprec.o)
                0x00135ea8                __copybits
 .text.__any_on